<!doctype html public "-//w3c//dtd html 4.0 transitional//en">
<html><head>
<title>Static Call Graph - [.\Objects\Tetris uGFX.axf]</title></head>
<body><HR>
<H1>Static Call Graph for image .\Objects\Tetris uGFX.axf</H1><HR>
<BR><P>#&#060CALLGRAPH&#062# ARM Linker, 5060061: Last Updated: Sat Mar 26 19:50:02 2016
<BR><P>
<H3>Maximum Stack Usage =        376 bytes + Unknown(Functions without stacksize, Cycles, Untraceable Function Pointers)</H3><H3>
Call chain for Maximum Stack Depth:</H3>
main &rArr; Touch_GetState &rArr; BSP_TS_GetState &rArr; ft5336_TS_GetTouchInfo &rArr; TS_IO_Read &rArr; I2Cx_ReadMultiple &rArr; HAL_I2C_Mem_Read &rArr; I2C_RequestMemoryRead &rArr; I2C_WaitOnTXISFlagUntilTimeout &rArr; I2C_IsAcknowledgeFailed
<P>
<H3>
Functions with no stack information
</H3><UL>
 <LI><a href="#[db]">__user_initial_stackheap</a>
</UL>
</UL>
<P>
<H3>
Mutually Recursive functions
</H3> <LI><a href="#[73]">rt_alloc_box</a>&nbsp;&nbsp;&nbsp;&rArr;&nbsp;&nbsp;&nbsp;<a href="#[73]">rt_alloc_box</a><BR>
 <LI><a href="#[9]">NMI_Handler</a>&nbsp;&nbsp;&nbsp;&rArr;&nbsp;&nbsp;&nbsp;<a href="#[9]">NMI_Handler</a><BR>
 <LI><a href="#[a]">HardFault_Handler</a>&nbsp;&nbsp;&nbsp;&rArr;&nbsp;&nbsp;&nbsp;<a href="#[a]">HardFault_Handler</a><BR>
 <LI><a href="#[b]">MemManage_Handler</a>&nbsp;&nbsp;&nbsp;&rArr;&nbsp;&nbsp;&nbsp;<a href="#[b]">MemManage_Handler</a><BR>
 <LI><a href="#[c]">BusFault_Handler</a>&nbsp;&nbsp;&nbsp;&rArr;&nbsp;&nbsp;&nbsp;<a href="#[c]">BusFault_Handler</a><BR>
 <LI><a href="#[d]">UsageFault_Handler</a>&nbsp;&nbsp;&nbsp;&rArr;&nbsp;&nbsp;&nbsp;<a href="#[d]">UsageFault_Handler</a><BR>
 <LI><a href="#[f]">DebugMon_Handler</a>&nbsp;&nbsp;&nbsp;&rArr;&nbsp;&nbsp;&nbsp;<a href="#[f]">DebugMon_Handler</a><BR>
 <LI><a href="#[24]">ADC_IRQHandler</a>&nbsp;&nbsp;&nbsp;&rArr;&nbsp;&nbsp;&nbsp;<a href="#[24]">ADC_IRQHandler</a><BR>
</UL>
<P>
<H3>
Function Pointers
</H3><UL>
 <LI><a href="#[24]">ADC_IRQHandler</a> from startup_stm32f746xx.o(.text) referenced from startup_stm32f746xx.o(RESET)
 <LI><a href="#[c]">BusFault_Handler</a> from startup_stm32f746xx.o(.text) referenced from startup_stm32f746xx.o(RESET)
 <LI><a href="#[26]">CAN1_RX0_IRQHandler</a> from startup_stm32f746xx.o(.text) referenced from startup_stm32f746xx.o(RESET)
 <LI><a href="#[27]">CAN1_RX1_IRQHandler</a> from startup_stm32f746xx.o(.text) referenced from startup_stm32f746xx.o(RESET)
 <LI><a href="#[28]">CAN1_SCE_IRQHandler</a> from startup_stm32f746xx.o(.text) referenced from startup_stm32f746xx.o(RESET)
 <LI><a href="#[25]">CAN1_TX_IRQHandler</a> from startup_stm32f746xx.o(.text) referenced from startup_stm32f746xx.o(RESET)
 <LI><a href="#[52]">CAN2_RX0_IRQHandler</a> from startup_stm32f746xx.o(.text) referenced from startup_stm32f746xx.o(RESET)
 <LI><a href="#[53]">CAN2_RX1_IRQHandler</a> from startup_stm32f746xx.o(.text) referenced from startup_stm32f746xx.o(RESET)
 <LI><a href="#[54]">CAN2_SCE_IRQHandler</a> from startup_stm32f746xx.o(.text) referenced from startup_stm32f746xx.o(RESET)
 <LI><a href="#[51]">CAN2_TX_IRQHandler</a> from startup_stm32f746xx.o(.text) referenced from startup_stm32f746xx.o(RESET)
 <LI><a href="#[6f]">CEC_IRQHandler</a> from startup_stm32f746xx.o(.text) referenced from startup_stm32f746xx.o(RESET)
 <LI><a href="#[60]">DCMI_IRQHandler</a> from startup_stm32f746xx.o(.text) referenced from startup_stm32f746xx.o(RESET)
 <LI><a href="#[1d]">DMA1_Stream0_IRQHandler</a> from startup_stm32f746xx.o(.text) referenced from startup_stm32f746xx.o(RESET)
 <LI><a href="#[1e]">DMA1_Stream1_IRQHandler</a> from startup_stm32f746xx.o(.text) referenced from startup_stm32f746xx.o(RESET)
 <LI><a href="#[1f]">DMA1_Stream2_IRQHandler</a> from startup_stm32f746xx.o(.text) referenced from startup_stm32f746xx.o(RESET)
 <LI><a href="#[20]">DMA1_Stream3_IRQHandler</a> from startup_stm32f746xx.o(.text) referenced from startup_stm32f746xx.o(RESET)
 <LI><a href="#[21]">DMA1_Stream4_IRQHandler</a> from startup_stm32f746xx.o(.text) referenced from startup_stm32f746xx.o(RESET)
 <LI><a href="#[22]">DMA1_Stream5_IRQHandler</a> from startup_stm32f746xx.o(.text) referenced from startup_stm32f746xx.o(RESET)
 <LI><a href="#[23]">DMA1_Stream6_IRQHandler</a> from startup_stm32f746xx.o(.text) referenced from startup_stm32f746xx.o(RESET)
 <LI><a href="#[41]">DMA1_Stream7_IRQHandler</a> from startup_stm32f746xx.o(.text) referenced from startup_stm32f746xx.o(RESET)
 <LI><a href="#[6b]">DMA2D_IRQHandler</a> from startup_stm32f746xx.o(.text) referenced from startup_stm32f746xx.o(RESET)
 <LI><a href="#[4a]">DMA2_Stream0_IRQHandler</a> from startup_stm32f746xx.o(.text) referenced from startup_stm32f746xx.o(RESET)
 <LI><a href="#[4b]">DMA2_Stream1_IRQHandler</a> from startup_stm32f746xx.o(.text) referenced from startup_stm32f746xx.o(RESET)
 <LI><a href="#[4c]">DMA2_Stream2_IRQHandler</a> from startup_stm32f746xx.o(.text) referenced from startup_stm32f746xx.o(RESET)
 <LI><a href="#[4d]">DMA2_Stream3_IRQHandler</a> from startup_stm32f746xx.o(.text) referenced from startup_stm32f746xx.o(RESET)
 <LI><a href="#[4e]">DMA2_Stream4_IRQHandler</a> from startup_stm32f746xx.o(.text) referenced from startup_stm32f746xx.o(RESET)
 <LI><a href="#[56]">DMA2_Stream5_IRQHandler</a> from startup_stm32f746xx.o(.text) referenced from startup_stm32f746xx.o(RESET)
 <LI><a href="#[57]">DMA2_Stream6_IRQHandler</a> from startup_stm32f746xx.o(.text) referenced from startup_stm32f746xx.o(RESET)
 <LI><a href="#[58]">DMA2_Stream7_IRQHandler</a> from startup_stm32f746xx.o(.text) referenced from startup_stm32f746xx.o(RESET)
 <LI><a href="#[f]">DebugMon_Handler</a> from startup_stm32f746xx.o(.text) referenced from startup_stm32f746xx.o(RESET)
 <LI><a href="#[4f]">ETH_IRQHandler</a> from startup_stm32f746xx.o(.text) referenced from startup_stm32f746xx.o(RESET)
 <LI><a href="#[50]">ETH_WKUP_IRQHandler</a> from startup_stm32f746xx.o(.text) referenced from startup_stm32f746xx.o(RESET)
 <LI><a href="#[18]">EXTI0_IRQHandler</a> from startup_stm32f746xx.o(.text) referenced from startup_stm32f746xx.o(RESET)
 <LI><a href="#[3a]">EXTI15_10_IRQHandler</a> from startup_stm32f746xx.o(.text) referenced from startup_stm32f746xx.o(RESET)
 <LI><a href="#[19]">EXTI1_IRQHandler</a> from startup_stm32f746xx.o(.text) referenced from startup_stm32f746xx.o(RESET)
 <LI><a href="#[1a]">EXTI2_IRQHandler</a> from startup_stm32f746xx.o(.text) referenced from startup_stm32f746xx.o(RESET)
 <LI><a href="#[1b]">EXTI3_IRQHandler</a> from startup_stm32f746xx.o(.text) referenced from startup_stm32f746xx.o(RESET)
 <LI><a href="#[1c]">EXTI4_IRQHandler</a> from startup_stm32f746xx.o(.text) referenced from startup_stm32f746xx.o(RESET)
 <LI><a href="#[29]">EXTI9_5_IRQHandler</a> from startup_stm32f746xx.o(.text) referenced from startup_stm32f746xx.o(RESET)
 <LI><a href="#[16]">FLASH_IRQHandler</a> from startup_stm32f746xx.o(.text) referenced from startup_stm32f746xx.o(RESET)
 <LI><a href="#[42]">FMC_IRQHandler</a> from startup_stm32f746xx.o(.text) referenced from startup_stm32f746xx.o(RESET)
 <LI><a href="#[62]">FPU_IRQHandler</a> from startup_stm32f746xx.o(.text) referenced from startup_stm32f746xx.o(RESET)
 <LI><a href="#[a]">HardFault_Handler</a> from startup_stm32f746xx.o(.text) referenced from startup_stm32f746xx.o(RESET)
 <LI><a href="#[32]">I2C1_ER_IRQHandler</a> from startup_stm32f746xx.o(.text) referenced from startup_stm32f746xx.o(RESET)
 <LI><a href="#[31]">I2C1_EV_IRQHandler</a> from startup_stm32f746xx.o(.text) referenced from startup_stm32f746xx.o(RESET)
 <LI><a href="#[34]">I2C2_ER_IRQHandler</a> from startup_stm32f746xx.o(.text) referenced from startup_stm32f746xx.o(RESET)
 <LI><a href="#[33]">I2C2_EV_IRQHandler</a> from startup_stm32f746xx.o(.text) referenced from startup_stm32f746xx.o(RESET)
 <LI><a href="#[5b]">I2C3_ER_IRQHandler</a> from startup_stm32f746xx.o(.text) referenced from startup_stm32f746xx.o(RESET)
 <LI><a href="#[5a]">I2C3_EV_IRQHandler</a> from startup_stm32f746xx.o(.text) referenced from startup_stm32f746xx.o(RESET)
 <LI><a href="#[71]">I2C4_ER_IRQHandler</a> from startup_stm32f746xx.o(.text) referenced from startup_stm32f746xx.o(RESET)
 <LI><a href="#[70]">I2C4_EV_IRQHandler</a> from startup_stm32f746xx.o(.text) referenced from startup_stm32f746xx.o(RESET)
 <LI><a href="#[6e]">LPTIM1_IRQHandler</a> from startup_stm32f746xx.o(.text) referenced from startup_stm32f746xx.o(RESET)
 <LI><a href="#[6a]">LTDC_ER_IRQHandler</a> from startup_stm32f746xx.o(.text) referenced from startup_stm32f746xx.o(RESET)
 <LI><a href="#[69]">LTDC_IRQHandler</a> from startup_stm32f746xx.o(.text) referenced from startup_stm32f746xx.o(RESET)
 <LI><a href="#[b]">MemManage_Handler</a> from startup_stm32f746xx.o(.text) referenced from startup_stm32f746xx.o(RESET)
 <LI><a href="#[9]">NMI_Handler</a> from startup_stm32f746xx.o(.text) referenced from startup_stm32f746xx.o(RESET)
 <LI><a href="#[55]">OTG_FS_IRQHandler</a> from startup_stm32f746xx.o(.text) referenced from startup_stm32f746xx.o(RESET)
 <LI><a href="#[3c]">OTG_FS_WKUP_IRQHandler</a> from startup_stm32f746xx.o(.text) referenced from startup_stm32f746xx.o(RESET)
 <LI><a href="#[5d]">OTG_HS_EP1_IN_IRQHandler</a> from startup_stm32f746xx.o(.text) referenced from startup_stm32f746xx.o(RESET)
 <LI><a href="#[5c]">OTG_HS_EP1_OUT_IRQHandler</a> from startup_stm32f746xx.o(.text) referenced from startup_stm32f746xx.o(RESET)
 <LI><a href="#[5f]">OTG_HS_IRQHandler</a> from startup_stm32f746xx.o(.text) referenced from startup_stm32f746xx.o(RESET)
 <LI><a href="#[5e]">OTG_HS_WKUP_IRQHandler</a> from startup_stm32f746xx.o(.text) referenced from startup_stm32f746xx.o(RESET)
 <LI><a href="#[13]">PVD_IRQHandler</a> from startup_stm32f746xx.o(.text) referenced from startup_stm32f746xx.o(RESET)
 <LI><a href="#[10]">PendSV_Handler</a> from hal_cm4.o(.emb_text) referenced from startup_stm32f746xx.o(RESET)
 <LI><a href="#[6d]">QUADSPI_IRQHandler</a> from startup_stm32f746xx.o(.text) referenced from startup_stm32f746xx.o(RESET)
 <LI><a href="#[17]">RCC_IRQHandler</a> from startup_stm32f746xx.o(.text) referenced from startup_stm32f746xx.o(RESET)
 <LI><a href="#[61]">RNG_IRQHandler</a> from startup_stm32f746xx.o(.text) referenced from startup_stm32f746xx.o(RESET)
 <LI><a href="#[3b]">RTC_Alarm_IRQHandler</a> from startup_stm32f746xx.o(.text) referenced from startup_stm32f746xx.o(RESET)
 <LI><a href="#[15]">RTC_WKUP_IRQHandler</a> from startup_stm32f746xx.o(.text) referenced from startup_stm32f746xx.o(RESET)
 <LI><a href="#[8]">Reset_Handler</a> from startup_stm32f746xx.o(.text) referenced from startup_stm32f746xx.o(RESET)
 <LI><a href="#[68]">SAI1_IRQHandler</a> from startup_stm32f746xx.o(.text) referenced from startup_stm32f746xx.o(RESET)
 <LI><a href="#[6c]">SAI2_IRQHandler</a> from startup_stm32f746xx.o(.text) referenced from startup_stm32f746xx.o(RESET)
 <LI><a href="#[43]">SDMMC1_IRQHandler</a> from startup_stm32f746xx.o(.text) referenced from startup_stm32f746xx.o(RESET)
 <LI><a href="#[72]">SPDIF_RX_IRQHandler</a> from startup_stm32f746xx.o(.text) referenced from startup_stm32f746xx.o(RESET)
 <LI><a href="#[35]">SPI1_IRQHandler</a> from startup_stm32f746xx.o(.text) referenced from startup_stm32f746xx.o(RESET)
 <LI><a href="#[36]">SPI2_IRQHandler</a> from startup_stm32f746xx.o(.text) referenced from startup_stm32f746xx.o(RESET)
 <LI><a href="#[45]">SPI3_IRQHandler</a> from startup_stm32f746xx.o(.text) referenced from startup_stm32f746xx.o(RESET)
 <LI><a href="#[65]">SPI4_IRQHandler</a> from startup_stm32f746xx.o(.text) referenced from startup_stm32f746xx.o(RESET)
 <LI><a href="#[66]">SPI5_IRQHandler</a> from startup_stm32f746xx.o(.text) referenced from startup_stm32f746xx.o(RESET)
 <LI><a href="#[67]">SPI6_IRQHandler</a> from startup_stm32f746xx.o(.text) referenced from startup_stm32f746xx.o(RESET)
 <LI><a href="#[e]">SVC_Handler</a> from hal_cm4.o(.emb_text) referenced from startup_stm32f746xx.o(RESET)
 <LI><a href="#[11]">SysTick_Handler</a> from hal_cm4.o(.emb_text) referenced from startup_stm32f746xx.o(RESET)
 <LI><a href="#[75]">SystemInit</a> from system_stm32f7xx.o(i.SystemInit) referenced from startup_stm32f746xx.o(.text)
 <LI><a href="#[14]">TAMP_STAMP_IRQHandler</a> from startup_stm32f746xx.o(.text) referenced from startup_stm32f746xx.o(RESET)
 <LI><a href="#[2a]">TIM1_BRK_TIM9_IRQHandler</a> from startup_stm32f746xx.o(.text) referenced from startup_stm32f746xx.o(RESET)
 <LI><a href="#[2d]">TIM1_CC_IRQHandler</a> from startup_stm32f746xx.o(.text) referenced from startup_stm32f746xx.o(RESET)
 <LI><a href="#[2c]">TIM1_TRG_COM_TIM11_IRQHandler</a> from startup_stm32f746xx.o(.text) referenced from startup_stm32f746xx.o(RESET)
 <LI><a href="#[2b]">TIM1_UP_TIM10_IRQHandler</a> from startup_stm32f746xx.o(.text) referenced from startup_stm32f746xx.o(RESET)
 <LI><a href="#[2e]">TIM2_IRQHandler</a> from startup_stm32f746xx.o(.text) referenced from startup_stm32f746xx.o(RESET)
 <LI><a href="#[2f]">TIM3_IRQHandler</a> from startup_stm32f746xx.o(.text) referenced from startup_stm32f746xx.o(RESET)
 <LI><a href="#[30]">TIM4_IRQHandler</a> from startup_stm32f746xx.o(.text) referenced from startup_stm32f746xx.o(RESET)
 <LI><a href="#[44]">TIM5_IRQHandler</a> from startup_stm32f746xx.o(.text) referenced from startup_stm32f746xx.o(RESET)
 <LI><a href="#[48]">TIM6_DAC_IRQHandler</a> from startup_stm32f746xx.o(.text) referenced from startup_stm32f746xx.o(RESET)
 <LI><a href="#[49]">TIM7_IRQHandler</a> from startup_stm32f746xx.o(.text) referenced from startup_stm32f746xx.o(RESET)
 <LI><a href="#[3d]">TIM8_BRK_TIM12_IRQHandler</a> from startup_stm32f746xx.o(.text) referenced from startup_stm32f746xx.o(RESET)
 <LI><a href="#[40]">TIM8_CC_IRQHandler</a> from startup_stm32f746xx.o(.text) referenced from startup_stm32f746xx.o(RESET)
 <LI><a href="#[3f]">TIM8_TRG_COM_TIM14_IRQHandler</a> from startup_stm32f746xx.o(.text) referenced from startup_stm32f746xx.o(RESET)
 <LI><a href="#[3e]">TIM8_UP_TIM13_IRQHandler</a> from startup_stm32f746xx.o(.text) referenced from startup_stm32f746xx.o(RESET)
 <LI><a href="#[46]">UART4_IRQHandler</a> from startup_stm32f746xx.o(.text) referenced from startup_stm32f746xx.o(RESET)
 <LI><a href="#[47]">UART5_IRQHandler</a> from startup_stm32f746xx.o(.text) referenced from startup_stm32f746xx.o(RESET)
 <LI><a href="#[63]">UART7_IRQHandler</a> from startup_stm32f746xx.o(.text) referenced from startup_stm32f746xx.o(RESET)
 <LI><a href="#[64]">UART8_IRQHandler</a> from startup_stm32f746xx.o(.text) referenced from startup_stm32f746xx.o(RESET)
 <LI><a href="#[37]">USART1_IRQHandler</a> from startup_stm32f746xx.o(.text) referenced from startup_stm32f746xx.o(RESET)
 <LI><a href="#[38]">USART2_IRQHandler</a> from startup_stm32f746xx.o(.text) referenced from startup_stm32f746xx.o(RESET)
 <LI><a href="#[39]">USART3_IRQHandler</a> from startup_stm32f746xx.o(.text) referenced from startup_stm32f746xx.o(RESET)
 <LI><a href="#[59]">USART6_IRQHandler</a> from startup_stm32f746xx.o(.text) referenced from startup_stm32f746xx.o(RESET)
 <LI><a href="#[d]">UsageFault_Handler</a> from startup_stm32f746xx.o(.text) referenced from startup_stm32f746xx.o(RESET)
 <LI><a href="#[8a]">WM_Add</a> from gfx_mk.o(i.WM_Add) referenced from gfx_mk.o(.constdata)
 <LI><a href="#[89]">WM_DeInit</a> from gfx_mk.o(i.WM_DeInit) referenced from gfx_mk.o(.constdata)
 <LI><a href="#[8b]">WM_Delete</a> from gfx_mk.o(i.WM_Delete) referenced from gfx_mk.o(.constdata)
 <LI><a href="#[88]">WM_Init</a> from gfx_mk.o(i.WM_Init) referenced from gfx_mk.o(.constdata)
 <LI><a href="#[90]">WM_MinMax</a> from gfx_mk.o(i.WM_MinMax) referenced from gfx_mk.o(.constdata)
 <LI><a href="#[8e]">WM_Move</a> from gfx_mk.o(i.WM_Move) referenced from gfx_mk.o(.constdata)
 <LI><a href="#[8f]">WM_Raise</a> from gfx_mk.o(i.WM_Raise) referenced from gfx_mk.o(.constdata)
 <LI><a href="#[8c]">WM_Redraw</a> from gfx_mk.o(i.WM_Redraw) referenced from gfx_mk.o(.constdata)
 <LI><a href="#[8d]">WM_Size</a> from gfx_mk.o(i.WM_Size) referenced from gfx_mk.o(.constdata)
 <LI><a href="#[12]">WWDG_IRQHandler</a> from startup_stm32f746xx.o(.text) referenced from startup_stm32f746xx.o(RESET)
 <LI><a href="#[a5]">__main</a> from __main.o(!!!main) referenced from startup_stm32f746xx.o(.text)
 <LI><a href="#[93]">_gdispDeInitDriver</a> from gfx_mk.o(i._gdispDeInitDriver) referenced from gdisp_lld_stm32ltdc.o(.constdata)
 <LI><a href="#[91]">_gdispInitDriver</a> from gfx_mk.o(i._gdispInitDriver) referenced from gdisp_lld_stm32ltdc.o(.constdata)
 <LI><a href="#[92]">_gdispPostInitDriver</a> from gfx_mk.o(i._gdispPostInitDriver) referenced from gdisp_lld_stm32ltdc.o(.constdata)
 <LI><a href="#[9a]">ft5336_Init</a> from ft5336.o(i.ft5336_Init) referenced from ft5336.o(.data)
 <LI><a href="#[9b]">ft5336_ReadID</a> from ft5336.o(i.ft5336_ReadID) referenced from ft5336.o(.data)
 <LI><a href="#[9c]">ft5336_Reset</a> from ft5336.o(i.ft5336_Reset) referenced from ft5336.o(.data)
 <LI><a href="#[a1]">ft5336_TS_ClearIT</a> from ft5336.o(i.ft5336_TS_ClearIT) referenced from ft5336.o(.data)
 <LI><a href="#[9e]">ft5336_TS_DetectTouch</a> from ft5336.o(i.ft5336_TS_DetectTouch) referenced from ft5336.o(.data)
 <LI><a href="#[a3]">ft5336_TS_DisableIT</a> from ft5336.o(i.ft5336_TS_DisableIT) referenced from ft5336.o(.data)
 <LI><a href="#[a0]">ft5336_TS_EnableIT</a> from ft5336.o(i.ft5336_TS_EnableIT) referenced from ft5336.o(.data)
 <LI><a href="#[9f]">ft5336_TS_GetXY</a> from ft5336.o(i.ft5336_TS_GetXY) referenced from ft5336.o(.data)
 <LI><a href="#[a2]">ft5336_TS_ITStatus</a> from ft5336.o(i.ft5336_TS_ITStatus) referenced from ft5336.o(.data)
 <LI><a href="#[9d]">ft5336_TS_Start</a> from ft5336.o(i.ft5336_TS_Start) referenced from ft5336.o(.data)
 <LI><a href="#[97]">gdisp_lld_blit_area</a> from gdisp_lld_stm32ltdc.o(i.gdisp_lld_blit_area) referenced from gdisp_lld_stm32ltdc.o(.constdata)
 <LI><a href="#[95]">gdisp_lld_draw_pixel</a> from gdisp_lld_stm32ltdc.o(i.gdisp_lld_draw_pixel) referenced from gdisp_lld_stm32ltdc.o(.constdata)
 <LI><a href="#[96]">gdisp_lld_fill_area</a> from gdisp_lld_stm32ltdc.o(i.gdisp_lld_fill_area) referenced from gdisp_lld_stm32ltdc.o(.constdata)
 <LI><a href="#[98]">gdisp_lld_get_pixel_color</a> from gdisp_lld_stm32ltdc.o(i.gdisp_lld_get_pixel_color) referenced from gdisp_lld_stm32ltdc.o(.constdata)
 <LI><a href="#[94]">gdisp_lld_init</a> from gdisp_lld_stm32ltdc.o(i.gdisp_lld_init) referenced from gdisp_lld_stm32ltdc.o(.constdata)
 <LI><a href="#[a4]">main</a> from main.o(i.main) referenced from rtx_conf_cm.o(.data)
 <LI><a href="#[87]">osThreadExit</a> from rt_cmsis.o(i.osThreadExit) referenced from rt_cmsis.o(i.svcThreadCreate)
 <LI><a href="#[99]">osTimerThread</a> from rt_cmsis.o(i.osTimerThread) referenced from rtx_conf_cm.o(.constdata)
 <LI><a href="#[86]">os_idle_demon</a> from rtx_conf_cm.o(i.os_idle_demon) referenced from rt_task.o(i.rt_sys_init)
 <LI><a href="#[73]">rt_alloc_box</a> from rt_membox.o(i.rt_alloc_box) referenced from hal_cm4.o(.emb_text)
 <LI><a href="#[74]">rt_free_box</a> from rt_membox.o(i.rt_free_box) referenced from hal_cm4.o(.emb_text)
 <LI><a href="#[78]">rt_mut_release</a> from rt_mutex.o(i.rt_mut_release) referenced from rtx_conf_cm.o(i._mutex_release)
 <LI><a href="#[77]">rt_mut_wait</a> from rt_mutex.o(i.rt_mut_wait) referenced from rtx_conf_cm.o(i._mutex_acquire)
 <LI><a href="#[79]">svcKernelInitialize</a> from rt_cmsis.o(i.svcKernelInitialize) referenced from rt_cmsis.o(i.osKernelInitialize)
 <LI><a href="#[7a]">svcKernelRunning</a> from rt_cmsis.o(i.svcKernelRunning) referenced from rt_cmsis.o(i.osKernelRunning)
 <LI><a href="#[7b]">svcKernelStart</a> from rt_cmsis.o(i.svcKernelStart) referenced from rt_cmsis.o(i.osKernelStart)
 <LI><a href="#[7c]">svcMessageGet</a> from rt_cmsis.o(i.svcMessageGet) referenced from rt_cmsis.o(i.osMessageGet)
 <LI><a href="#[7d]">svcMutexCreate</a> from rt_cmsis.o(i.svcMutexCreate) referenced from rt_cmsis.o(i.osMutexCreate)
 <LI><a href="#[7e]">svcSemaphoreCreate</a> from rt_cmsis.o(i.svcSemaphoreCreate) referenced from rt_cmsis.o(i.osSemaphoreCreate)
 <LI><a href="#[7f]">svcSemaphoreRelease</a> from rt_cmsis.o(i.svcSemaphoreRelease) referenced from rt_cmsis.o(i.osSemaphoreRelease)
 <LI><a href="#[80]">svcSemaphoreWait</a> from rt_cmsis.o(i.svcSemaphoreWait) referenced from rt_cmsis.o(i.osSemaphoreWait)
 <LI><a href="#[81]">svcThreadCreate</a> from rt_cmsis.o(i.svcThreadCreate) referenced from rt_cmsis.o(i.osThreadCreate)
 <LI><a href="#[82]">svcThreadGetId</a> from rt_cmsis.o(i.svcThreadGetId) referenced from rt_cmsis.o(i.osThreadExit)
 <LI><a href="#[83]">svcThreadTerminate</a> from rt_cmsis.o(i.svcThreadTerminate) referenced from rt_cmsis.o(i.osThreadExit)
 <LI><a href="#[84]">svcThreadYield</a> from rt_cmsis.o(i.svcThreadYield) referenced from rt_cmsis.o(i.osThreadYield)
 <LI><a href="#[85]">svcTimerCall</a> from rt_cmsis.o(i.svcTimerCall) referenced from rt_cmsis.o(i.osTimerCall)
</UL>
<P>
<H3>
Global Symbols
</H3>
<P><STRONG><a name="[a5]"></a>__main</STRONG> (Thumb, 8 bytes, Stack size 0 bytes, __main.o(!!!main))
<BR><BR>[Calls]<UL><LI><a href="#[a9]">&gt;&gt;</a>&nbsp;&nbsp;&nbsp;__rt_entry
<LI><a href="#[a8]">&gt;&gt;</a>&nbsp;&nbsp;&nbsp;__scatterload
</UL>

<P><STRONG><a name="[a8]"></a>__scatterload</STRONG> (Thumb, 0 bytes, Stack size unknown bytes, __scatter.o(!!!scatter))
<BR><BR>[Called By]<UL><LI><a href="#[a5]">&gt;&gt;</a>&nbsp;&nbsp;&nbsp;__main
</UL>

<P><STRONG><a name="[aa]"></a>__scatterload_rt2</STRONG> (Thumb, 44 bytes, Stack size unknown bytes, __scatter.o(!!!scatter), UNUSED)
<BR><BR>[Calls]<UL><LI><a href="#[a9]">&gt;&gt;</a>&nbsp;&nbsp;&nbsp;__rt_entry
</UL>

<P><STRONG><a name="[1a2]"></a>__scatterload_rt2_thumb_only</STRONG> (Thumb, 0 bytes, Stack size unknown bytes, __scatter.o(!!!scatter), UNUSED)

<P><STRONG><a name="[1a3]"></a>__scatterload_null</STRONG> (Thumb, 0 bytes, Stack size unknown bytes, __scatter.o(!!!scatter), UNUSED)

<P><STRONG><a name="[ab]"></a>__scatterload_copy</STRONG> (Thumb, 26 bytes, Stack size unknown bytes, __scatter_copy.o(!!handler_copy), UNUSED)
<BR><BR>[Calls]<UL><LI><a href="#[ab]">&gt;&gt;</a>&nbsp;&nbsp;&nbsp;__scatterload_copy
</UL>
<BR>[Called By]<UL><LI><a href="#[ab]">&gt;&gt;</a>&nbsp;&nbsp;&nbsp;__scatterload_copy
</UL>

<P><STRONG><a name="[1a4]"></a>__scatterload_zeroinit</STRONG> (Thumb, 28 bytes, Stack size unknown bytes, __scatter_zi.o(!!handler_zi), UNUSED)

<P><STRONG><a name="[b5]"></a>__rt_lib_init</STRONG> (Thumb, 0 bytes, Stack size unknown bytes, libinit.o(.ARM.Collect$$libinit$$00000000))
<BR><BR>[Called By]<UL><LI><a href="#[b4]">&gt;&gt;</a>&nbsp;&nbsp;&nbsp;__rt_entry_li
</UL>

<P><STRONG><a name="[ac]"></a>__rt_lib_init_fp_1</STRONG> (Thumb, 0 bytes, Stack size unknown bytes, libinit2.o(.ARM.Collect$$libinit$$00000001))
<BR><BR>[Calls]<UL><LI><a href="#[ad]">&gt;&gt;</a>&nbsp;&nbsp;&nbsp;_fp_init
</UL>

<P><STRONG><a name="[ae]"></a>__rt_lib_init_heap_2</STRONG> (Thumb, 0 bytes, Stack size unknown bytes, libinit2.o(.ARM.Collect$$libinit$$00000005))
<BR><BR>[Stack]<UL><LI>Max Depth = 64 + Unknown Stack Size
<LI>Call Chain = __rt_lib_init_heap_2 &rArr; _init_alloc &rArr; __rt_SIGRTMEM &rArr; __rt_SIGRTMEM_inner &rArr; __default_signal_display &rArr; _ttywrch
</UL>
<BR>[Calls]<UL><LI><a href="#[af]">&gt;&gt;</a>&nbsp;&nbsp;&nbsp;_init_alloc
</UL>

<P><STRONG><a name="[1a5]"></a>__rt_lib_init_preinit_1</STRONG> (Thumb, 0 bytes, Stack size unknown bytes, libinit2.o(.ARM.Collect$$libinit$$00000004))

<P><STRONG><a name="[1a6]"></a>__rt_lib_init_heap_1</STRONG> (Thumb, 0 bytes, Stack size unknown bytes, libinit2.o(.ARM.Collect$$libinit$$0000000A))

<P><STRONG><a name="[b0]"></a>__rt_lib_init_rand_2</STRONG> (Thumb, 0 bytes, Stack size unknown bytes, libinit2.o(.ARM.Collect$$libinit$$0000000D))
<BR><BR>[Stack]<UL><LI>Max Depth = 8 + Unknown Stack Size
<LI>Call Chain = __rt_lib_init_rand_2 &rArr; _rand_init &rArr; srand
</UL>
<BR>[Calls]<UL><LI><a href="#[b1]">&gt;&gt;</a>&nbsp;&nbsp;&nbsp;_rand_init
</UL>

<P><STRONG><a name="[1a7]"></a>__rt_lib_init_user_alloc_1</STRONG> (Thumb, 0 bytes, Stack size unknown bytes, libinit2.o(.ARM.Collect$$libinit$$0000000C))

<P><STRONG><a name="[1a8]"></a>__rt_lib_init_alloca_1</STRONG> (Thumb, 0 bytes, Stack size unknown bytes, libinit2.o(.ARM.Collect$$libinit$$0000002E))

<P><STRONG><a name="[1a9]"></a>__rt_lib_init_argv_1</STRONG> (Thumb, 0 bytes, Stack size unknown bytes, libinit2.o(.ARM.Collect$$libinit$$0000002C))

<P><STRONG><a name="[1aa]"></a>__rt_lib_init_atexit_1</STRONG> (Thumb, 0 bytes, Stack size unknown bytes, libinit2.o(.ARM.Collect$$libinit$$0000001B))

<P><STRONG><a name="[1ab]"></a>__rt_lib_init_clock_1</STRONG> (Thumb, 0 bytes, Stack size unknown bytes, libinit2.o(.ARM.Collect$$libinit$$00000021))

<P><STRONG><a name="[1ac]"></a>__rt_lib_init_cpp_1</STRONG> (Thumb, 0 bytes, Stack size unknown bytes, libinit2.o(.ARM.Collect$$libinit$$00000032))

<P><STRONG><a name="[1ad]"></a>__rt_lib_init_exceptions_1</STRONG> (Thumb, 0 bytes, Stack size unknown bytes, libinit2.o(.ARM.Collect$$libinit$$00000030))

<P><STRONG><a name="[1ae]"></a>__rt_lib_init_fp_trap_1</STRONG> (Thumb, 0 bytes, Stack size unknown bytes, libinit2.o(.ARM.Collect$$libinit$$0000001F))

<P><STRONG><a name="[1af]"></a>__rt_lib_init_getenv_1</STRONG> (Thumb, 0 bytes, Stack size unknown bytes, libinit2.o(.ARM.Collect$$libinit$$00000023))

<P><STRONG><a name="[1b0]"></a>__rt_lib_init_lc_collate_1</STRONG> (Thumb, 0 bytes, Stack size unknown bytes, libinit2.o(.ARM.Collect$$libinit$$00000011))

<P><STRONG><a name="[1b1]"></a>__rt_lib_init_lc_ctype_1</STRONG> (Thumb, 0 bytes, Stack size unknown bytes, libinit2.o(.ARM.Collect$$libinit$$00000013))

<P><STRONG><a name="[1b2]"></a>__rt_lib_init_lc_monetary_1</STRONG> (Thumb, 0 bytes, Stack size unknown bytes, libinit2.o(.ARM.Collect$$libinit$$00000015))

<P><STRONG><a name="[1b3]"></a>__rt_lib_init_lc_numeric_1</STRONG> (Thumb, 0 bytes, Stack size unknown bytes, libinit2.o(.ARM.Collect$$libinit$$00000017))

<P><STRONG><a name="[1b4]"></a>__rt_lib_init_lc_time_1</STRONG> (Thumb, 0 bytes, Stack size unknown bytes, libinit2.o(.ARM.Collect$$libinit$$00000019))

<P><STRONG><a name="[1b5]"></a>__rt_lib_init_rand_1</STRONG> (Thumb, 0 bytes, Stack size unknown bytes, libinit2.o(.ARM.Collect$$libinit$$0000000E))

<P><STRONG><a name="[1b6]"></a>__rt_lib_init_return</STRONG> (Thumb, 0 bytes, Stack size unknown bytes, libinit2.o(.ARM.Collect$$libinit$$00000033))

<P><STRONG><a name="[1b7]"></a>__rt_lib_init_signal_1</STRONG> (Thumb, 0 bytes, Stack size unknown bytes, libinit2.o(.ARM.Collect$$libinit$$0000001D))

<P><STRONG><a name="[1b8]"></a>__rt_lib_init_stdio_1</STRONG> (Thumb, 0 bytes, Stack size unknown bytes, libinit2.o(.ARM.Collect$$libinit$$00000025))

<P><STRONG><a name="[bb]"></a>__rt_lib_shutdown</STRONG> (Thumb, 0 bytes, Stack size unknown bytes, libshutdown.o(.ARM.Collect$$libshutdown$$00000000))
<BR><BR>[Called By]<UL><LI><a href="#[ba]">&gt;&gt;</a>&nbsp;&nbsp;&nbsp;__rt_exit_ls
</UL>

<P><STRONG><a name="[1b9]"></a>__rt_lib_shutdown_cpp_1</STRONG> (Thumb, 0 bytes, Stack size unknown bytes, libshutdown2.o(.ARM.Collect$$libshutdown$$00000002))

<P><STRONG><a name="[1ba]"></a>__rt_lib_shutdown_fp_trap_1</STRONG> (Thumb, 0 bytes, Stack size unknown bytes, libshutdown2.o(.ARM.Collect$$libshutdown$$00000007))

<P><STRONG><a name="[1bb]"></a>__rt_lib_shutdown_heap_1</STRONG> (Thumb, 0 bytes, Stack size unknown bytes, libshutdown2.o(.ARM.Collect$$libshutdown$$0000000F))

<P><STRONG><a name="[1bc]"></a>__rt_lib_shutdown_return</STRONG> (Thumb, 0 bytes, Stack size unknown bytes, libshutdown2.o(.ARM.Collect$$libshutdown$$00000010))

<P><STRONG><a name="[1bd]"></a>__rt_lib_shutdown_signal_1</STRONG> (Thumb, 0 bytes, Stack size unknown bytes, libshutdown2.o(.ARM.Collect$$libshutdown$$0000000A))

<P><STRONG><a name="[1be]"></a>__rt_lib_shutdown_stdio_1</STRONG> (Thumb, 0 bytes, Stack size unknown bytes, libshutdown2.o(.ARM.Collect$$libshutdown$$00000004))

<P><STRONG><a name="[1bf]"></a>__rt_lib_shutdown_user_alloc_1</STRONG> (Thumb, 0 bytes, Stack size unknown bytes, libshutdown2.o(.ARM.Collect$$libshutdown$$0000000C))

<P><STRONG><a name="[a9]"></a>__rt_entry</STRONG> (Thumb, 0 bytes, Stack size unknown bytes, __rtentry.o(.ARM.Collect$$rtentry$$00000000))
<BR><BR>[Called By]<UL><LI><a href="#[a5]">&gt;&gt;</a>&nbsp;&nbsp;&nbsp;__main
<LI><a href="#[aa]">&gt;&gt;</a>&nbsp;&nbsp;&nbsp;__scatterload_rt2
</UL>

<P><STRONG><a name="[1c0]"></a>__rt_entry_presh_1</STRONG> (Thumb, 0 bytes, Stack size unknown bytes, __rtentry2.o(.ARM.Collect$$rtentry$$00000002))

<P><STRONG><a name="[b2]"></a>__rt_entry_sh</STRONG> (Thumb, 0 bytes, Stack size unknown bytes, __rtentry4.o(.ARM.Collect$$rtentry$$00000004))
<BR><BR>[Stack]<UL><LI>Max Depth = 8 + Unknown Stack Size
<LI>Call Chain = __rt_entry_sh &rArr; __user_setup_stackheap
</UL>
<BR>[Calls]<UL><LI><a href="#[b3]">&gt;&gt;</a>&nbsp;&nbsp;&nbsp;__user_setup_stackheap
</UL>

<P><STRONG><a name="[b4]"></a>__rt_entry_li</STRONG> (Thumb, 0 bytes, Stack size unknown bytes, __rtentry2.o(.ARM.Collect$$rtentry$$0000000A))
<BR><BR>[Calls]<UL><LI><a href="#[b5]">&gt;&gt;</a>&nbsp;&nbsp;&nbsp;__rt_lib_init
</UL>

<P><STRONG><a name="[1c1]"></a>__rt_entry_postsh_1</STRONG> (Thumb, 0 bytes, Stack size unknown bytes, __rtentry2.o(.ARM.Collect$$rtentry$$00000009))

<P><STRONG><a name="[b6]"></a>__rt_entry_postli_1</STRONG> (Thumb, 0 bytes, Stack size unknown bytes, __rtentry2.o(.ARM.Collect$$rtentry$$0000000B))
<BR><BR>[Stack]<UL><LI>Max Depth = 80 + Unknown Stack Size
<LI>Call Chain = __rt_entry_postli_1 &rArr; _platform_post_lib_init &rArr; osKernelInitialize &rArr; svcKernelInitialize &rArr; svcThreadCreate &rArr; rt_tsk_create &rArr; rt_init_context &rArr; rt_init_stack
</UL>
<BR>[Calls]<UL><LI><a href="#[b7]">&gt;&gt;</a>&nbsp;&nbsp;&nbsp;_platform_post_lib_init
</UL>

<P><STRONG><a name="[b8]"></a>__rt_entry_main</STRONG> (Thumb, 0 bytes, Stack size unknown bytes, __rtentry2.o(.ARM.Collect$$rtentry$$0000000D))
<BR><BR>[Stack]<UL><LI>Max Depth = 376 + Unknown Stack Size
<LI>Call Chain = __rt_entry_main &rArr; main &rArr; Touch_GetState &rArr; BSP_TS_GetState &rArr; ft5336_TS_GetTouchInfo &rArr; TS_IO_Read &rArr; I2Cx_ReadMultiple &rArr; HAL_I2C_Mem_Read &rArr; I2C_RequestMemoryRead &rArr; I2C_WaitOnTXISFlagUntilTimeout &rArr; I2C_IsAcknowledgeFailed
</UL>
<BR>[Calls]<UL><LI><a href="#[a4]">&gt;&gt;</a>&nbsp;&nbsp;&nbsp;main
<LI><a href="#[b9]">&gt;&gt;</a>&nbsp;&nbsp;&nbsp;exit
</UL>

<P><STRONG><a name="[ce]"></a>__rt_exit</STRONG> (Thumb, 0 bytes, Stack size unknown bytes, rtexit.o(.ARM.Collect$$rtexit$$00000000))
<BR><BR>[Called By]<UL><LI><a href="#[b9]">&gt;&gt;</a>&nbsp;&nbsp;&nbsp;exit
</UL>

<P><STRONG><a name="[ba]"></a>__rt_exit_ls</STRONG> (Thumb, 0 bytes, Stack size unknown bytes, rtexit2.o(.ARM.Collect$$rtexit$$00000003))
<BR><BR>[Calls]<UL><LI><a href="#[bb]">&gt;&gt;</a>&nbsp;&nbsp;&nbsp;__rt_lib_shutdown
</UL>

<P><STRONG><a name="[1c2]"></a>__rt_exit_prels_1</STRONG> (Thumb, 0 bytes, Stack size unknown bytes, rtexit2.o(.ARM.Collect$$rtexit$$00000002))

<P><STRONG><a name="[bc]"></a>__rt_exit_exit</STRONG> (Thumb, 0 bytes, Stack size unknown bytes, rtexit2.o(.ARM.Collect$$rtexit$$00000004))
<BR><BR>[Calls]<UL><LI><a href="#[bd]">&gt;&gt;</a>&nbsp;&nbsp;&nbsp;_sys_exit
</UL>

<P><STRONG><a name="[b7]"></a>_platform_post_lib_init</STRONG> (Thumb, 24 bytes, Stack size 0 bytes, rtx_conf_cm.o(.emb_text))
<BR><BR>[Stack]<UL><LI>Max Depth = 80 + Unknown Stack Size
<LI>Call Chain = _platform_post_lib_init &rArr; osKernelInitialize &rArr; svcKernelInitialize &rArr; svcThreadCreate &rArr; rt_tsk_create &rArr; rt_init_context &rArr; rt_init_stack
</UL>
<BR>[Calls]<UL><LI><a href="#[bf]">&gt;&gt;</a>&nbsp;&nbsp;&nbsp;osThreadCreate
<LI><a href="#[c0]">&gt;&gt;</a>&nbsp;&nbsp;&nbsp;osKernelStart
<LI><a href="#[be]">&gt;&gt;</a>&nbsp;&nbsp;&nbsp;osKernelInitialize
<LI><a href="#[b9]">&gt;&gt;</a>&nbsp;&nbsp;&nbsp;exit
</UL>
<BR>[Called By]<UL><LI><a href="#[b6]">&gt;&gt;</a>&nbsp;&nbsp;&nbsp;__rt_entry_postli_1
</UL>

<P><STRONG><a name="[1c3]"></a>rt_set_PSP</STRONG> (Thumb, 6 bytes, Stack size 0 bytes, hal_cm4.o(.emb_text), UNUSED)

<P><STRONG><a name="[192]"></a>rt_get_PSP</STRONG> (Thumb, 6 bytes, Stack size 0 bytes, hal_cm4.o(.emb_text))
<BR><BR>[Called By]<UL><LI><a href="#[191]">&gt;&gt;</a>&nbsp;&nbsp;&nbsp;rt_tsk_delete
</UL>

<P><STRONG><a name="[1c4]"></a>os_set_env</STRONG> (Thumb, 24 bytes, Stack size 0 bytes, hal_cm4.o(.emb_text), UNUSED)

<P><STRONG><a name="[1c5]"></a>_alloc_box</STRONG> (Thumb, 28 bytes, Stack size 0 bytes, hal_cm4.o(.emb_text), UNUSED)

<P><STRONG><a name="[1c6]"></a>_free_box</STRONG> (Thumb, 28 bytes, Stack size 0 bytes, hal_cm4.o(.emb_text), UNUSED)

<P><STRONG><a name="[e]"></a>SVC_Handler</STRONG> (Thumb, 168 bytes, Stack size 0 bytes, hal_cm4.o(.emb_text))
<BR><BR>[Calls]<UL><LI><a href="#[c1]">&gt;&gt;</a>&nbsp;&nbsp;&nbsp;rt_stk_check
</UL>
<BR>[Address Reference Count : 1]<UL><LI> startup_stm32f746xx.o(RESET)
</UL>
<P><STRONG><a name="[10]"></a>PendSV_Handler</STRONG> (Thumb, 96 bytes, Stack size 0 bytes, hal_cm4.o(.emb_text))
<BR><BR>[Stack]<UL><LI>Max Depth = 56<LI>Call Chain = PendSV_Handler &rArr; rt_pop_req &rArr; rt_mbx_psh &rArr; rt_ret_val2
</UL>
<BR>[Calls]<UL><LI><a href="#[c2]">&gt;&gt;</a>&nbsp;&nbsp;&nbsp;rt_pop_req
<LI><a href="#[c1]">&gt;&gt;</a>&nbsp;&nbsp;&nbsp;rt_stk_check
</UL>
<BR>[Address Reference Count : 1]<UL><LI> startup_stm32f746xx.o(RESET)
</UL>
<P><STRONG><a name="[11]"></a>SysTick_Handler</STRONG> (Thumb, 8 bytes, Stack size 0 bytes, hal_cm4.o(.emb_text))
<BR><BR>[Stack]<UL><LI>Max Depth = 72<LI>Call Chain = SysTick_Handler &rArr; rt_systick &rArr; sysTimerTick &rArr; isrMessagePut &rArr; isr_mbx_send &rArr; rt_psq_enq
</UL>
<BR>[Calls]<UL><LI><a href="#[c3]">&gt;&gt;</a>&nbsp;&nbsp;&nbsp;rt_systick
</UL>
<BR>[Address Reference Count : 1]<UL><LI> startup_stm32f746xx.o(RESET)
</UL>
<P><STRONG><a name="[c4]"></a>OS_Tick_Handler</STRONG> (Thumb, 12 bytes, Stack size 0 bytes, hal_cm4.o(.emb_text), UNUSED)
<BR><BR>[Calls]<UL><LI><a href="#[c5]">&gt;&gt;</a>&nbsp;&nbsp;&nbsp;os_tick_irqack
<LI><a href="#[c3]">&gt;&gt;</a>&nbsp;&nbsp;&nbsp;rt_systick
</UL>

<P><STRONG><a name="[196]"></a>rand</STRONG> (Thumb, 48 bytes, Stack size 0 bytes, rand.o(.emb_text))
<BR><BR>[Called By]<UL><LI><a href="#[149]">&gt;&gt;</a>&nbsp;&nbsp;&nbsp;setRandomBlockGraphic
</UL>

<P><STRONG><a name="[8]"></a>Reset_Handler</STRONG> (Thumb, 8 bytes, Stack size 0 bytes, startup_stm32f746xx.o(.text))
<BR>[Address Reference Count : 1]<UL><LI> startup_stm32f746xx.o(RESET)
</UL>
<P><STRONG><a name="[1c7]"></a>_maybe_terminate_alloc</STRONG> (Thumb, 0 bytes, Stack size 0 bytes, maybetermalloc1.o(.emb_text), UNUSED)

<P><STRONG><a name="[9]"></a>NMI_Handler</STRONG> (Thumb, 2 bytes, Stack size 0 bytes, startup_stm32f746xx.o(.text))
<BR><BR>[Calls]<UL><LI><a href="#[9]">&gt;&gt;</a>&nbsp;&nbsp;&nbsp;NMI_Handler
</UL>
<BR>[Called By]<UL><LI><a href="#[9]">&gt;&gt;</a>&nbsp;&nbsp;&nbsp;NMI_Handler
</UL>
<BR>[Address Reference Count : 1]<UL><LI> startup_stm32f746xx.o(RESET)
</UL>
<P><STRONG><a name="[a]"></a>HardFault_Handler</STRONG> (Thumb, 2 bytes, Stack size 0 bytes, startup_stm32f746xx.o(.text))
<BR><BR>[Calls]<UL><LI><a href="#[a]">&gt;&gt;</a>&nbsp;&nbsp;&nbsp;HardFault_Handler
</UL>
<BR>[Called By]<UL><LI><a href="#[a]">&gt;&gt;</a>&nbsp;&nbsp;&nbsp;HardFault_Handler
</UL>
<BR>[Address Reference Count : 1]<UL><LI> startup_stm32f746xx.o(RESET)
</UL>
<P><STRONG><a name="[b]"></a>MemManage_Handler</STRONG> (Thumb, 2 bytes, Stack size 0 bytes, startup_stm32f746xx.o(.text))
<BR><BR>[Calls]<UL><LI><a href="#[b]">&gt;&gt;</a>&nbsp;&nbsp;&nbsp;MemManage_Handler
</UL>
<BR>[Called By]<UL><LI><a href="#[b]">&gt;&gt;</a>&nbsp;&nbsp;&nbsp;MemManage_Handler
</UL>
<BR>[Address Reference Count : 1]<UL><LI> startup_stm32f746xx.o(RESET)
</UL>
<P><STRONG><a name="[c]"></a>BusFault_Handler</STRONG> (Thumb, 2 bytes, Stack size 0 bytes, startup_stm32f746xx.o(.text))
<BR><BR>[Calls]<UL><LI><a href="#[c]">&gt;&gt;</a>&nbsp;&nbsp;&nbsp;BusFault_Handler
</UL>
<BR>[Called By]<UL><LI><a href="#[c]">&gt;&gt;</a>&nbsp;&nbsp;&nbsp;BusFault_Handler
</UL>
<BR>[Address Reference Count : 1]<UL><LI> startup_stm32f746xx.o(RESET)
</UL>
<P><STRONG><a name="[d]"></a>UsageFault_Handler</STRONG> (Thumb, 2 bytes, Stack size 0 bytes, startup_stm32f746xx.o(.text))
<BR><BR>[Calls]<UL><LI><a href="#[d]">&gt;&gt;</a>&nbsp;&nbsp;&nbsp;UsageFault_Handler
</UL>
<BR>[Called By]<UL><LI><a href="#[d]">&gt;&gt;</a>&nbsp;&nbsp;&nbsp;UsageFault_Handler
</UL>
<BR>[Address Reference Count : 1]<UL><LI> startup_stm32f746xx.o(RESET)
</UL>
<P><STRONG><a name="[f]"></a>DebugMon_Handler</STRONG> (Thumb, 2 bytes, Stack size 0 bytes, startup_stm32f746xx.o(.text))
<BR><BR>[Calls]<UL><LI><a href="#[f]">&gt;&gt;</a>&nbsp;&nbsp;&nbsp;DebugMon_Handler
</UL>
<BR>[Called By]<UL><LI><a href="#[f]">&gt;&gt;</a>&nbsp;&nbsp;&nbsp;DebugMon_Handler
</UL>
<BR>[Address Reference Count : 1]<UL><LI> startup_stm32f746xx.o(RESET)
</UL>
<P><STRONG><a name="[24]"></a>ADC_IRQHandler</STRONG> (Thumb, 0 bytes, Stack size 0 bytes, startup_stm32f746xx.o(.text))
<BR><BR>[Calls]<UL><LI><a href="#[24]">&gt;&gt;</a>&nbsp;&nbsp;&nbsp;ADC_IRQHandler
</UL>
<BR>[Called By]<UL><LI><a href="#[24]">&gt;&gt;</a>&nbsp;&nbsp;&nbsp;ADC_IRQHandler
</UL>
<BR>[Address Reference Count : 1]<UL><LI> startup_stm32f746xx.o(RESET)
</UL>
<P><STRONG><a name="[26]"></a>CAN1_RX0_IRQHandler</STRONG> (Thumb, 0 bytes, Stack size 0 bytes, startup_stm32f746xx.o(.text))
<BR>[Address Reference Count : 1]<UL><LI> startup_stm32f746xx.o(RESET)
</UL>
<P><STRONG><a name="[27]"></a>CAN1_RX1_IRQHandler</STRONG> (Thumb, 0 bytes, Stack size 0 bytes, startup_stm32f746xx.o(.text))
<BR>[Address Reference Count : 1]<UL><LI> startup_stm32f746xx.o(RESET)
</UL>
<P><STRONG><a name="[28]"></a>CAN1_SCE_IRQHandler</STRONG> (Thumb, 0 bytes, Stack size 0 bytes, startup_stm32f746xx.o(.text))
<BR>[Address Reference Count : 1]<UL><LI> startup_stm32f746xx.o(RESET)
</UL>
<P><STRONG><a name="[25]"></a>CAN1_TX_IRQHandler</STRONG> (Thumb, 0 bytes, Stack size 0 bytes, startup_stm32f746xx.o(.text))
<BR>[Address Reference Count : 1]<UL><LI> startup_stm32f746xx.o(RESET)
</UL>
<P><STRONG><a name="[52]"></a>CAN2_RX0_IRQHandler</STRONG> (Thumb, 0 bytes, Stack size 0 bytes, startup_stm32f746xx.o(.text))
<BR>[Address Reference Count : 1]<UL><LI> startup_stm32f746xx.o(RESET)
</UL>
<P><STRONG><a name="[53]"></a>CAN2_RX1_IRQHandler</STRONG> (Thumb, 0 bytes, Stack size 0 bytes, startup_stm32f746xx.o(.text))
<BR>[Address Reference Count : 1]<UL><LI> startup_stm32f746xx.o(RESET)
</UL>
<P><STRONG><a name="[54]"></a>CAN2_SCE_IRQHandler</STRONG> (Thumb, 0 bytes, Stack size 0 bytes, startup_stm32f746xx.o(.text))
<BR>[Address Reference Count : 1]<UL><LI> startup_stm32f746xx.o(RESET)
</UL>
<P><STRONG><a name="[51]"></a>CAN2_TX_IRQHandler</STRONG> (Thumb, 0 bytes, Stack size 0 bytes, startup_stm32f746xx.o(.text))
<BR>[Address Reference Count : 1]<UL><LI> startup_stm32f746xx.o(RESET)
</UL>
<P><STRONG><a name="[6f]"></a>CEC_IRQHandler</STRONG> (Thumb, 0 bytes, Stack size 0 bytes, startup_stm32f746xx.o(.text))
<BR>[Address Reference Count : 1]<UL><LI> startup_stm32f746xx.o(RESET)
</UL>
<P><STRONG><a name="[60]"></a>DCMI_IRQHandler</STRONG> (Thumb, 0 bytes, Stack size 0 bytes, startup_stm32f746xx.o(.text))
<BR>[Address Reference Count : 1]<UL><LI> startup_stm32f746xx.o(RESET)
</UL>
<P><STRONG><a name="[1d]"></a>DMA1_Stream0_IRQHandler</STRONG> (Thumb, 0 bytes, Stack size 0 bytes, startup_stm32f746xx.o(.text))
<BR>[Address Reference Count : 1]<UL><LI> startup_stm32f746xx.o(RESET)
</UL>
<P><STRONG><a name="[1e]"></a>DMA1_Stream1_IRQHandler</STRONG> (Thumb, 0 bytes, Stack size 0 bytes, startup_stm32f746xx.o(.text))
<BR>[Address Reference Count : 1]<UL><LI> startup_stm32f746xx.o(RESET)
</UL>
<P><STRONG><a name="[1f]"></a>DMA1_Stream2_IRQHandler</STRONG> (Thumb, 0 bytes, Stack size 0 bytes, startup_stm32f746xx.o(.text))
<BR>[Address Reference Count : 1]<UL><LI> startup_stm32f746xx.o(RESET)
</UL>
<P><STRONG><a name="[20]"></a>DMA1_Stream3_IRQHandler</STRONG> (Thumb, 0 bytes, Stack size 0 bytes, startup_stm32f746xx.o(.text))
<BR>[Address Reference Count : 1]<UL><LI> startup_stm32f746xx.o(RESET)
</UL>
<P><STRONG><a name="[21]"></a>DMA1_Stream4_IRQHandler</STRONG> (Thumb, 0 bytes, Stack size 0 bytes, startup_stm32f746xx.o(.text))
<BR>[Address Reference Count : 1]<UL><LI> startup_stm32f746xx.o(RESET)
</UL>
<P><STRONG><a name="[22]"></a>DMA1_Stream5_IRQHandler</STRONG> (Thumb, 0 bytes, Stack size 0 bytes, startup_stm32f746xx.o(.text))
<BR>[Address Reference Count : 1]<UL><LI> startup_stm32f746xx.o(RESET)
</UL>
<P><STRONG><a name="[23]"></a>DMA1_Stream6_IRQHandler</STRONG> (Thumb, 0 bytes, Stack size 0 bytes, startup_stm32f746xx.o(.text))
<BR>[Address Reference Count : 1]<UL><LI> startup_stm32f746xx.o(RESET)
</UL>
<P><STRONG><a name="[41]"></a>DMA1_Stream7_IRQHandler</STRONG> (Thumb, 0 bytes, Stack size 0 bytes, startup_stm32f746xx.o(.text))
<BR>[Address Reference Count : 1]<UL><LI> startup_stm32f746xx.o(RESET)
</UL>
<P><STRONG><a name="[6b]"></a>DMA2D_IRQHandler</STRONG> (Thumb, 0 bytes, Stack size 0 bytes, startup_stm32f746xx.o(.text))
<BR>[Address Reference Count : 1]<UL><LI> startup_stm32f746xx.o(RESET)
</UL>
<P><STRONG><a name="[4a]"></a>DMA2_Stream0_IRQHandler</STRONG> (Thumb, 0 bytes, Stack size 0 bytes, startup_stm32f746xx.o(.text))
<BR>[Address Reference Count : 1]<UL><LI> startup_stm32f746xx.o(RESET)
</UL>
<P><STRONG><a name="[4b]"></a>DMA2_Stream1_IRQHandler</STRONG> (Thumb, 0 bytes, Stack size 0 bytes, startup_stm32f746xx.o(.text))
<BR>[Address Reference Count : 1]<UL><LI> startup_stm32f746xx.o(RESET)
</UL>
<P><STRONG><a name="[4c]"></a>DMA2_Stream2_IRQHandler</STRONG> (Thumb, 0 bytes, Stack size 0 bytes, startup_stm32f746xx.o(.text))
<BR>[Address Reference Count : 1]<UL><LI> startup_stm32f746xx.o(RESET)
</UL>
<P><STRONG><a name="[4d]"></a>DMA2_Stream3_IRQHandler</STRONG> (Thumb, 0 bytes, Stack size 0 bytes, startup_stm32f746xx.o(.text))
<BR>[Address Reference Count : 1]<UL><LI> startup_stm32f746xx.o(RESET)
</UL>
<P><STRONG><a name="[4e]"></a>DMA2_Stream4_IRQHandler</STRONG> (Thumb, 0 bytes, Stack size 0 bytes, startup_stm32f746xx.o(.text))
<BR>[Address Reference Count : 1]<UL><LI> startup_stm32f746xx.o(RESET)
</UL>
<P><STRONG><a name="[56]"></a>DMA2_Stream5_IRQHandler</STRONG> (Thumb, 0 bytes, Stack size 0 bytes, startup_stm32f746xx.o(.text))
<BR>[Address Reference Count : 1]<UL><LI> startup_stm32f746xx.o(RESET)
</UL>
<P><STRONG><a name="[57]"></a>DMA2_Stream6_IRQHandler</STRONG> (Thumb, 0 bytes, Stack size 0 bytes, startup_stm32f746xx.o(.text))
<BR>[Address Reference Count : 1]<UL><LI> startup_stm32f746xx.o(RESET)
</UL>
<P><STRONG><a name="[58]"></a>DMA2_Stream7_IRQHandler</STRONG> (Thumb, 0 bytes, Stack size 0 bytes, startup_stm32f746xx.o(.text))
<BR>[Address Reference Count : 1]<UL><LI> startup_stm32f746xx.o(RESET)
</UL>
<P><STRONG><a name="[4f]"></a>ETH_IRQHandler</STRONG> (Thumb, 0 bytes, Stack size 0 bytes, startup_stm32f746xx.o(.text))
<BR>[Address Reference Count : 1]<UL><LI> startup_stm32f746xx.o(RESET)
</UL>
<P><STRONG><a name="[50]"></a>ETH_WKUP_IRQHandler</STRONG> (Thumb, 0 bytes, Stack size 0 bytes, startup_stm32f746xx.o(.text))
<BR>[Address Reference Count : 1]<UL><LI> startup_stm32f746xx.o(RESET)
</UL>
<P><STRONG><a name="[18]"></a>EXTI0_IRQHandler</STRONG> (Thumb, 0 bytes, Stack size 0 bytes, startup_stm32f746xx.o(.text))
<BR>[Address Reference Count : 1]<UL><LI> startup_stm32f746xx.o(RESET)
</UL>
<P><STRONG><a name="[3a]"></a>EXTI15_10_IRQHandler</STRONG> (Thumb, 0 bytes, Stack size 0 bytes, startup_stm32f746xx.o(.text))
<BR>[Address Reference Count : 1]<UL><LI> startup_stm32f746xx.o(RESET)
</UL>
<P><STRONG><a name="[19]"></a>EXTI1_IRQHandler</STRONG> (Thumb, 0 bytes, Stack size 0 bytes, startup_stm32f746xx.o(.text))
<BR>[Address Reference Count : 1]<UL><LI> startup_stm32f746xx.o(RESET)
</UL>
<P><STRONG><a name="[1a]"></a>EXTI2_IRQHandler</STRONG> (Thumb, 0 bytes, Stack size 0 bytes, startup_stm32f746xx.o(.text))
<BR>[Address Reference Count : 1]<UL><LI> startup_stm32f746xx.o(RESET)
</UL>
<P><STRONG><a name="[1b]"></a>EXTI3_IRQHandler</STRONG> (Thumb, 0 bytes, Stack size 0 bytes, startup_stm32f746xx.o(.text))
<BR>[Address Reference Count : 1]<UL><LI> startup_stm32f746xx.o(RESET)
</UL>
<P><STRONG><a name="[1c]"></a>EXTI4_IRQHandler</STRONG> (Thumb, 0 bytes, Stack size 0 bytes, startup_stm32f746xx.o(.text))
<BR>[Address Reference Count : 1]<UL><LI> startup_stm32f746xx.o(RESET)
</UL>
<P><STRONG><a name="[29]"></a>EXTI9_5_IRQHandler</STRONG> (Thumb, 0 bytes, Stack size 0 bytes, startup_stm32f746xx.o(.text))
<BR>[Address Reference Count : 1]<UL><LI> startup_stm32f746xx.o(RESET)
</UL>
<P><STRONG><a name="[16]"></a>FLASH_IRQHandler</STRONG> (Thumb, 0 bytes, Stack size 0 bytes, startup_stm32f746xx.o(.text))
<BR>[Address Reference Count : 1]<UL><LI> startup_stm32f746xx.o(RESET)
</UL>
<P><STRONG><a name="[42]"></a>FMC_IRQHandler</STRONG> (Thumb, 0 bytes, Stack size 0 bytes, startup_stm32f746xx.o(.text))
<BR>[Address Reference Count : 1]<UL><LI> startup_stm32f746xx.o(RESET)
</UL>
<P><STRONG><a name="[62]"></a>FPU_IRQHandler</STRONG> (Thumb, 0 bytes, Stack size 0 bytes, startup_stm32f746xx.o(.text))
<BR>[Address Reference Count : 1]<UL><LI> startup_stm32f746xx.o(RESET)
</UL>
<P><STRONG><a name="[32]"></a>I2C1_ER_IRQHandler</STRONG> (Thumb, 0 bytes, Stack size 0 bytes, startup_stm32f746xx.o(.text))
<BR>[Address Reference Count : 1]<UL><LI> startup_stm32f746xx.o(RESET)
</UL>
<P><STRONG><a name="[31]"></a>I2C1_EV_IRQHandler</STRONG> (Thumb, 0 bytes, Stack size 0 bytes, startup_stm32f746xx.o(.text))
<BR>[Address Reference Count : 1]<UL><LI> startup_stm32f746xx.o(RESET)
</UL>
<P><STRONG><a name="[34]"></a>I2C2_ER_IRQHandler</STRONG> (Thumb, 0 bytes, Stack size 0 bytes, startup_stm32f746xx.o(.text))
<BR>[Address Reference Count : 1]<UL><LI> startup_stm32f746xx.o(RESET)
</UL>
<P><STRONG><a name="[33]"></a>I2C2_EV_IRQHandler</STRONG> (Thumb, 0 bytes, Stack size 0 bytes, startup_stm32f746xx.o(.text))
<BR>[Address Reference Count : 1]<UL><LI> startup_stm32f746xx.o(RESET)
</UL>
<P><STRONG><a name="[5b]"></a>I2C3_ER_IRQHandler</STRONG> (Thumb, 0 bytes, Stack size 0 bytes, startup_stm32f746xx.o(.text))
<BR>[Address Reference Count : 1]<UL><LI> startup_stm32f746xx.o(RESET)
</UL>
<P><STRONG><a name="[5a]"></a>I2C3_EV_IRQHandler</STRONG> (Thumb, 0 bytes, Stack size 0 bytes, startup_stm32f746xx.o(.text))
<BR>[Address Reference Count : 1]<UL><LI> startup_stm32f746xx.o(RESET)
</UL>
<P><STRONG><a name="[71]"></a>I2C4_ER_IRQHandler</STRONG> (Thumb, 0 bytes, Stack size 0 bytes, startup_stm32f746xx.o(.text))
<BR>[Address Reference Count : 1]<UL><LI> startup_stm32f746xx.o(RESET)
</UL>
<P><STRONG><a name="[70]"></a>I2C4_EV_IRQHandler</STRONG> (Thumb, 0 bytes, Stack size 0 bytes, startup_stm32f746xx.o(.text))
<BR>[Address Reference Count : 1]<UL><LI> startup_stm32f746xx.o(RESET)
</UL>
<P><STRONG><a name="[6e]"></a>LPTIM1_IRQHandler</STRONG> (Thumb, 0 bytes, Stack size 0 bytes, startup_stm32f746xx.o(.text))
<BR>[Address Reference Count : 1]<UL><LI> startup_stm32f746xx.o(RESET)
</UL>
<P><STRONG><a name="[6a]"></a>LTDC_ER_IRQHandler</STRONG> (Thumb, 0 bytes, Stack size 0 bytes, startup_stm32f746xx.o(.text))
<BR>[Address Reference Count : 1]<UL><LI> startup_stm32f746xx.o(RESET)
</UL>
<P><STRONG><a name="[69]"></a>LTDC_IRQHandler</STRONG> (Thumb, 0 bytes, Stack size 0 bytes, startup_stm32f746xx.o(.text))
<BR>[Address Reference Count : 1]<UL><LI> startup_stm32f746xx.o(RESET)
</UL>
<P><STRONG><a name="[55]"></a>OTG_FS_IRQHandler</STRONG> (Thumb, 0 bytes, Stack size 0 bytes, startup_stm32f746xx.o(.text))
<BR>[Address Reference Count : 1]<UL><LI> startup_stm32f746xx.o(RESET)
</UL>
<P><STRONG><a name="[3c]"></a>OTG_FS_WKUP_IRQHandler</STRONG> (Thumb, 0 bytes, Stack size 0 bytes, startup_stm32f746xx.o(.text))
<BR>[Address Reference Count : 1]<UL><LI> startup_stm32f746xx.o(RESET)
</UL>
<P><STRONG><a name="[5d]"></a>OTG_HS_EP1_IN_IRQHandler</STRONG> (Thumb, 0 bytes, Stack size 0 bytes, startup_stm32f746xx.o(.text))
<BR>[Address Reference Count : 1]<UL><LI> startup_stm32f746xx.o(RESET)
</UL>
<P><STRONG><a name="[5c]"></a>OTG_HS_EP1_OUT_IRQHandler</STRONG> (Thumb, 0 bytes, Stack size 0 bytes, startup_stm32f746xx.o(.text))
<BR>[Address Reference Count : 1]<UL><LI> startup_stm32f746xx.o(RESET)
</UL>
<P><STRONG><a name="[5f]"></a>OTG_HS_IRQHandler</STRONG> (Thumb, 0 bytes, Stack size 0 bytes, startup_stm32f746xx.o(.text))
<BR>[Address Reference Count : 1]<UL><LI> startup_stm32f746xx.o(RESET)
</UL>
<P><STRONG><a name="[5e]"></a>OTG_HS_WKUP_IRQHandler</STRONG> (Thumb, 0 bytes, Stack size 0 bytes, startup_stm32f746xx.o(.text))
<BR>[Address Reference Count : 1]<UL><LI> startup_stm32f746xx.o(RESET)
</UL>
<P><STRONG><a name="[13]"></a>PVD_IRQHandler</STRONG> (Thumb, 0 bytes, Stack size 0 bytes, startup_stm32f746xx.o(.text))
<BR>[Address Reference Count : 1]<UL><LI> startup_stm32f746xx.o(RESET)
</UL>
<P><STRONG><a name="[6d]"></a>QUADSPI_IRQHandler</STRONG> (Thumb, 0 bytes, Stack size 0 bytes, startup_stm32f746xx.o(.text))
<BR>[Address Reference Count : 1]<UL><LI> startup_stm32f746xx.o(RESET)
</UL>
<P><STRONG><a name="[17]"></a>RCC_IRQHandler</STRONG> (Thumb, 0 bytes, Stack size 0 bytes, startup_stm32f746xx.o(.text))
<BR>[Address Reference Count : 1]<UL><LI> startup_stm32f746xx.o(RESET)
</UL>
<P><STRONG><a name="[61]"></a>RNG_IRQHandler</STRONG> (Thumb, 0 bytes, Stack size 0 bytes, startup_stm32f746xx.o(.text))
<BR>[Address Reference Count : 1]<UL><LI> startup_stm32f746xx.o(RESET)
</UL>
<P><STRONG><a name="[3b]"></a>RTC_Alarm_IRQHandler</STRONG> (Thumb, 0 bytes, Stack size 0 bytes, startup_stm32f746xx.o(.text))
<BR>[Address Reference Count : 1]<UL><LI> startup_stm32f746xx.o(RESET)
</UL>
<P><STRONG><a name="[15]"></a>RTC_WKUP_IRQHandler</STRONG> (Thumb, 0 bytes, Stack size 0 bytes, startup_stm32f746xx.o(.text))
<BR>[Address Reference Count : 1]<UL><LI> startup_stm32f746xx.o(RESET)
</UL>
<P><STRONG><a name="[68]"></a>SAI1_IRQHandler</STRONG> (Thumb, 0 bytes, Stack size 0 bytes, startup_stm32f746xx.o(.text))
<BR>[Address Reference Count : 1]<UL><LI> startup_stm32f746xx.o(RESET)
</UL>
<P><STRONG><a name="[6c]"></a>SAI2_IRQHandler</STRONG> (Thumb, 0 bytes, Stack size 0 bytes, startup_stm32f746xx.o(.text))
<BR>[Address Reference Count : 1]<UL><LI> startup_stm32f746xx.o(RESET)
</UL>
<P><STRONG><a name="[43]"></a>SDMMC1_IRQHandler</STRONG> (Thumb, 0 bytes, Stack size 0 bytes, startup_stm32f746xx.o(.text))
<BR>[Address Reference Count : 1]<UL><LI> startup_stm32f746xx.o(RESET)
</UL>
<P><STRONG><a name="[72]"></a>SPDIF_RX_IRQHandler</STRONG> (Thumb, 0 bytes, Stack size 0 bytes, startup_stm32f746xx.o(.text))
<BR>[Address Reference Count : 1]<UL><LI> startup_stm32f746xx.o(RESET)
</UL>
<P><STRONG><a name="[35]"></a>SPI1_IRQHandler</STRONG> (Thumb, 0 bytes, Stack size 0 bytes, startup_stm32f746xx.o(.text))
<BR>[Address Reference Count : 1]<UL><LI> startup_stm32f746xx.o(RESET)
</UL>
<P><STRONG><a name="[36]"></a>SPI2_IRQHandler</STRONG> (Thumb, 0 bytes, Stack size 0 bytes, startup_stm32f746xx.o(.text))
<BR>[Address Reference Count : 1]<UL><LI> startup_stm32f746xx.o(RESET)
</UL>
<P><STRONG><a name="[45]"></a>SPI3_IRQHandler</STRONG> (Thumb, 0 bytes, Stack size 0 bytes, startup_stm32f746xx.o(.text))
<BR>[Address Reference Count : 1]<UL><LI> startup_stm32f746xx.o(RESET)
</UL>
<P><STRONG><a name="[65]"></a>SPI4_IRQHandler</STRONG> (Thumb, 0 bytes, Stack size 0 bytes, startup_stm32f746xx.o(.text))
<BR>[Address Reference Count : 1]<UL><LI> startup_stm32f746xx.o(RESET)
</UL>
<P><STRONG><a name="[66]"></a>SPI5_IRQHandler</STRONG> (Thumb, 0 bytes, Stack size 0 bytes, startup_stm32f746xx.o(.text))
<BR>[Address Reference Count : 1]<UL><LI> startup_stm32f746xx.o(RESET)
</UL>
<P><STRONG><a name="[67]"></a>SPI6_IRQHandler</STRONG> (Thumb, 0 bytes, Stack size 0 bytes, startup_stm32f746xx.o(.text))
<BR>[Address Reference Count : 1]<UL><LI> startup_stm32f746xx.o(RESET)
</UL>
<P><STRONG><a name="[14]"></a>TAMP_STAMP_IRQHandler</STRONG> (Thumb, 0 bytes, Stack size 0 bytes, startup_stm32f746xx.o(.text))
<BR>[Address Reference Count : 1]<UL><LI> startup_stm32f746xx.o(RESET)
</UL>
<P><STRONG><a name="[2a]"></a>TIM1_BRK_TIM9_IRQHandler</STRONG> (Thumb, 0 bytes, Stack size 0 bytes, startup_stm32f746xx.o(.text))
<BR>[Address Reference Count : 1]<UL><LI> startup_stm32f746xx.o(RESET)
</UL>
<P><STRONG><a name="[2d]"></a>TIM1_CC_IRQHandler</STRONG> (Thumb, 0 bytes, Stack size 0 bytes, startup_stm32f746xx.o(.text))
<BR>[Address Reference Count : 1]<UL><LI> startup_stm32f746xx.o(RESET)
</UL>
<P><STRONG><a name="[2c]"></a>TIM1_TRG_COM_TIM11_IRQHandler</STRONG> (Thumb, 0 bytes, Stack size 0 bytes, startup_stm32f746xx.o(.text))
<BR>[Address Reference Count : 1]<UL><LI> startup_stm32f746xx.o(RESET)
</UL>
<P><STRONG><a name="[2b]"></a>TIM1_UP_TIM10_IRQHandler</STRONG> (Thumb, 0 bytes, Stack size 0 bytes, startup_stm32f746xx.o(.text))
<BR>[Address Reference Count : 1]<UL><LI> startup_stm32f746xx.o(RESET)
</UL>
<P><STRONG><a name="[2e]"></a>TIM2_IRQHandler</STRONG> (Thumb, 0 bytes, Stack size 0 bytes, startup_stm32f746xx.o(.text))
<BR>[Address Reference Count : 1]<UL><LI> startup_stm32f746xx.o(RESET)
</UL>
<P><STRONG><a name="[2f]"></a>TIM3_IRQHandler</STRONG> (Thumb, 0 bytes, Stack size 0 bytes, startup_stm32f746xx.o(.text))
<BR>[Address Reference Count : 1]<UL><LI> startup_stm32f746xx.o(RESET)
</UL>
<P><STRONG><a name="[30]"></a>TIM4_IRQHandler</STRONG> (Thumb, 0 bytes, Stack size 0 bytes, startup_stm32f746xx.o(.text))
<BR>[Address Reference Count : 1]<UL><LI> startup_stm32f746xx.o(RESET)
</UL>
<P><STRONG><a name="[44]"></a>TIM5_IRQHandler</STRONG> (Thumb, 0 bytes, Stack size 0 bytes, startup_stm32f746xx.o(.text))
<BR>[Address Reference Count : 1]<UL><LI> startup_stm32f746xx.o(RESET)
</UL>
<P><STRONG><a name="[48]"></a>TIM6_DAC_IRQHandler</STRONG> (Thumb, 0 bytes, Stack size 0 bytes, startup_stm32f746xx.o(.text))
<BR>[Address Reference Count : 1]<UL><LI> startup_stm32f746xx.o(RESET)
</UL>
<P><STRONG><a name="[49]"></a>TIM7_IRQHandler</STRONG> (Thumb, 0 bytes, Stack size 0 bytes, startup_stm32f746xx.o(.text))
<BR>[Address Reference Count : 1]<UL><LI> startup_stm32f746xx.o(RESET)
</UL>
<P><STRONG><a name="[3d]"></a>TIM8_BRK_TIM12_IRQHandler</STRONG> (Thumb, 0 bytes, Stack size 0 bytes, startup_stm32f746xx.o(.text))
<BR>[Address Reference Count : 1]<UL><LI> startup_stm32f746xx.o(RESET)
</UL>
<P><STRONG><a name="[40]"></a>TIM8_CC_IRQHandler</STRONG> (Thumb, 0 bytes, Stack size 0 bytes, startup_stm32f746xx.o(.text))
<BR>[Address Reference Count : 1]<UL><LI> startup_stm32f746xx.o(RESET)
</UL>
<P><STRONG><a name="[3f]"></a>TIM8_TRG_COM_TIM14_IRQHandler</STRONG> (Thumb, 0 bytes, Stack size 0 bytes, startup_stm32f746xx.o(.text))
<BR>[Address Reference Count : 1]<UL><LI> startup_stm32f746xx.o(RESET)
</UL>
<P><STRONG><a name="[3e]"></a>TIM8_UP_TIM13_IRQHandler</STRONG> (Thumb, 0 bytes, Stack size 0 bytes, startup_stm32f746xx.o(.text))
<BR>[Address Reference Count : 1]<UL><LI> startup_stm32f746xx.o(RESET)
</UL>
<P><STRONG><a name="[46]"></a>UART4_IRQHandler</STRONG> (Thumb, 0 bytes, Stack size 0 bytes, startup_stm32f746xx.o(.text))
<BR>[Address Reference Count : 1]<UL><LI> startup_stm32f746xx.o(RESET)
</UL>
<P><STRONG><a name="[47]"></a>UART5_IRQHandler</STRONG> (Thumb, 0 bytes, Stack size 0 bytes, startup_stm32f746xx.o(.text))
<BR>[Address Reference Count : 1]<UL><LI> startup_stm32f746xx.o(RESET)
</UL>
<P><STRONG><a name="[63]"></a>UART7_IRQHandler</STRONG> (Thumb, 0 bytes, Stack size 0 bytes, startup_stm32f746xx.o(.text))
<BR>[Address Reference Count : 1]<UL><LI> startup_stm32f746xx.o(RESET)
</UL>
<P><STRONG><a name="[64]"></a>UART8_IRQHandler</STRONG> (Thumb, 0 bytes, Stack size 0 bytes, startup_stm32f746xx.o(.text))
<BR>[Address Reference Count : 1]<UL><LI> startup_stm32f746xx.o(RESET)
</UL>
<P><STRONG><a name="[37]"></a>USART1_IRQHandler</STRONG> (Thumb, 0 bytes, Stack size 0 bytes, startup_stm32f746xx.o(.text))
<BR>[Address Reference Count : 1]<UL><LI> startup_stm32f746xx.o(RESET)
</UL>
<P><STRONG><a name="[38]"></a>USART2_IRQHandler</STRONG> (Thumb, 0 bytes, Stack size 0 bytes, startup_stm32f746xx.o(.text))
<BR>[Address Reference Count : 1]<UL><LI> startup_stm32f746xx.o(RESET)
</UL>
<P><STRONG><a name="[39]"></a>USART3_IRQHandler</STRONG> (Thumb, 0 bytes, Stack size 0 bytes, startup_stm32f746xx.o(.text))
<BR>[Address Reference Count : 1]<UL><LI> startup_stm32f746xx.o(RESET)
</UL>
<P><STRONG><a name="[59]"></a>USART6_IRQHandler</STRONG> (Thumb, 0 bytes, Stack size 0 bytes, startup_stm32f746xx.o(.text))
<BR>[Address Reference Count : 1]<UL><LI> startup_stm32f746xx.o(RESET)
</UL>
<P><STRONG><a name="[12]"></a>WWDG_IRQHandler</STRONG> (Thumb, 0 bytes, Stack size 0 bytes, startup_stm32f746xx.o(.text))
<BR>[Address Reference Count : 1]<UL><LI> startup_stm32f746xx.o(RESET)
</UL>
<P><STRONG><a name="[db]"></a>__user_initial_stackheap</STRONG> (Thumb, 0 bytes, Stack size unknown bytes, startup_stm32f746xx.o(.text))
<BR><BR>[Called By]<UL><LI><a href="#[b3]">&gt;&gt;</a>&nbsp;&nbsp;&nbsp;__user_setup_stackheap
</UL>

<P><STRONG><a name="[1c8]"></a>__user_libspace</STRONG> (Thumb, 8 bytes, Stack size 0 bytes, libspace.o(.text), UNUSED)

<P><STRONG><a name="[cf]"></a>__user_perproc_libspace</STRONG> (Thumb, 0 bytes, Stack size 0 bytes, libspace.o(.text))
<BR><BR>[Called By]<UL><LI><a href="#[cc]">&gt;&gt;</a>&nbsp;&nbsp;&nbsp;__rt_heap_descriptor
<LI><a href="#[b3]">&gt;&gt;</a>&nbsp;&nbsp;&nbsp;__user_setup_stackheap
</UL>

<P><STRONG><a name="[c6]"></a>calloc</STRONG> (Thumb, 40 bytes, Stack size 16 bytes, calloc.o(.text))
<BR><BR>[Stack]<UL><LI>Max Depth = 88<LI>Call Chain = calloc &rArr; malloc &rArr; _malloc_internal &rArr; __Heap_Full &rArr; __Heap_ProvideMemory &rArr; _free_internal
</UL>
<BR>[Calls]<UL><LI><a href="#[c8]">&gt;&gt;</a>&nbsp;&nbsp;&nbsp;__aeabi_memclr
<LI><a href="#[c7]">&gt;&gt;</a>&nbsp;&nbsp;&nbsp;malloc
</UL>
<BR>[Called By]<UL><LI><a href="#[15e]">&gt;&gt;</a>&nbsp;&nbsp;&nbsp;makeBucket
</UL>

<P><STRONG><a name="[c9]"></a>_malloc_internal</STRONG> (Thumb, 130 bytes, Stack size 24 bytes, h1_alloc_mt.o(.text))
<BR><BR>[Stack]<UL><LI>Max Depth = 64<LI>Call Chain = _malloc_internal &rArr; __Heap_Full &rArr; __Heap_ProvideMemory &rArr; _free_internal
</UL>
<BR>[Calls]<UL><LI><a href="#[a7]">&gt;&gt;</a>&nbsp;&nbsp;&nbsp;_mutex_release
<LI><a href="#[a6]">&gt;&gt;</a>&nbsp;&nbsp;&nbsp;_mutex_acquire
<LI><a href="#[cb]">&gt;&gt;</a>&nbsp;&nbsp;&nbsp;__Heap_Full
<LI><a href="#[ca]">&gt;&gt;</a>&nbsp;&nbsp;&nbsp;Heap1_SizeAdjust
</UL>
<BR>[Called By]<UL><LI><a href="#[c7]">&gt;&gt;</a>&nbsp;&nbsp;&nbsp;malloc
</UL>

<P><STRONG><a name="[c7]"></a>malloc</STRONG> (Thumb, 20 bytes, Stack size 8 bytes, h1_alloc_mt.o(.text))
<BR><BR>[Stack]<UL><LI>Max Depth = 72<LI>Call Chain = malloc &rArr; _malloc_internal &rArr; __Heap_Full &rArr; __Heap_ProvideMemory &rArr; _free_internal
</UL>
<BR>[Calls]<UL><LI><a href="#[cc]">&gt;&gt;</a>&nbsp;&nbsp;&nbsp;__rt_heap_descriptor
<LI><a href="#[c9]">&gt;&gt;</a>&nbsp;&nbsp;&nbsp;_malloc_internal
</UL>
<BR>[Called By]<UL><LI><a href="#[15f]">&gt;&gt;</a>&nbsp;&nbsp;&nbsp;makeBlock
<LI><a href="#[c6]">&gt;&gt;</a>&nbsp;&nbsp;&nbsp;calloc
</UL>

<P><STRONG><a name="[cd]"></a>srand</STRONG> (Thumb, 42 bytes, Stack size 8 bytes, rand.o(.text))
<BR><BR>[Stack]<UL><LI>Max Depth = 8<LI>Call Chain = srand
</UL>
<BR>[Called By]<UL><LI><a href="#[15d]">&gt;&gt;</a>&nbsp;&nbsp;&nbsp;initialiseNewGame
<LI><a href="#[b1]">&gt;&gt;</a>&nbsp;&nbsp;&nbsp;_rand_init
</UL>

<P><STRONG><a name="[b1]"></a>_rand_init</STRONG> (Thumb, 4 bytes, Stack size 0 bytes, rand.o(.text))
<BR><BR>[Stack]<UL><LI>Max Depth = 8<LI>Call Chain = _rand_init &rArr; srand
</UL>
<BR>[Calls]<UL><LI><a href="#[cd]">&gt;&gt;</a>&nbsp;&nbsp;&nbsp;srand
</UL>
<BR>[Called By]<UL><LI><a href="#[b0]">&gt;&gt;</a>&nbsp;&nbsp;&nbsp;__rt_lib_init_rand_2
</UL>

<P><STRONG><a name="[b9]"></a>exit</STRONG> (Thumb, 18 bytes, Stack size 8 bytes, exit.o(.text))
<BR><BR>[Stack]<UL><LI>Max Depth = 8 + Unknown Stack Size
<LI>Call Chain = exit
</UL>
<BR>[Calls]<UL><LI><a href="#[ce]">&gt;&gt;</a>&nbsp;&nbsp;&nbsp;__rt_exit
</UL>
<BR>[Called By]<UL><LI><a href="#[15e]">&gt;&gt;</a>&nbsp;&nbsp;&nbsp;makeBucket
<LI><a href="#[15f]">&gt;&gt;</a>&nbsp;&nbsp;&nbsp;makeBlock
<LI><a href="#[b7]">&gt;&gt;</a>&nbsp;&nbsp;&nbsp;_platform_post_lib_init
<LI><a href="#[b8]">&gt;&gt;</a>&nbsp;&nbsp;&nbsp;__rt_entry_main
</UL>

<P><STRONG><a name="[10a]"></a>__aeabi_memcpy4</STRONG> (Thumb, 0 bytes, Stack size 8 bytes, rt_memcpy_w.o(.text))
<BR><BR>[Stack]<UL><LI>Max Depth = 8<LI>Call Chain = __aeabi_memcpy4
</UL>
<BR>[Called By]<UL><LI><a href="#[15e]">&gt;&gt;</a>&nbsp;&nbsp;&nbsp;makeBucket
<LI><a href="#[15d]">&gt;&gt;</a>&nbsp;&nbsp;&nbsp;initialiseNewGame
<LI><a href="#[147]">&gt;&gt;</a>&nbsp;&nbsp;&nbsp;attemptMove
<LI><a href="#[f5]">&gt;&gt;</a>&nbsp;&nbsp;&nbsp;HAL_LTDC_ConfigLayer
</UL>

<P><STRONG><a name="[1c9]"></a>__aeabi_memcpy8</STRONG> (Thumb, 0 bytes, Stack size 8 bytes, rt_memcpy_w.o(.text), UNUSED)

<P><STRONG><a name="[1ca]"></a>__rt_memcpy_w</STRONG> (Thumb, 100 bytes, Stack size 8 bytes, rt_memcpy_w.o(.text), UNUSED)

<P><STRONG><a name="[1cb]"></a>_memcpy_lastbytes_aligned</STRONG> (Thumb, 0 bytes, Stack size unknown bytes, rt_memcpy_w.o(.text), UNUSED)

<P><STRONG><a name="[151]"></a>__aeabi_memclr4</STRONG> (Thumb, 0 bytes, Stack size 4 bytes, rt_memclr_w.o(.text))
<BR><BR>[Stack]<UL><LI>Max Depth = 4<LI>Call Chain = __aeabi_memclr4
</UL>
<BR>[Called By]<UL><LI><a href="#[132]">&gt;&gt;</a>&nbsp;&nbsp;&nbsp;gdriverRegister
</UL>

<P><STRONG><a name="[1cc]"></a>__aeabi_memclr8</STRONG> (Thumb, 0 bytes, Stack size 4 bytes, rt_memclr_w.o(.text), UNUSED)

<P><STRONG><a name="[1cd]"></a>__rt_memclr_w</STRONG> (Thumb, 78 bytes, Stack size 4 bytes, rt_memclr_w.o(.text), UNUSED)

<P><STRONG><a name="[d8]"></a>_memset_w</STRONG> (Thumb, 0 bytes, Stack size unknown bytes, rt_memclr_w.o(.text), UNUSED)
<BR><BR>[Called By]<UL><LI><a href="#[d7]">&gt;&gt;</a>&nbsp;&nbsp;&nbsp;__rt_memclr
</UL>

<P><STRONG><a name="[1ce]"></a>__use_two_region_memory</STRONG> (Thumb, 2 bytes, Stack size 0 bytes, heapauxi.o(.text), UNUSED)

<P><STRONG><a name="[2]"></a>__rt_heap_escrow</STRONG> (Thumb, 2 bytes, Stack size 0 bytes, heapauxi.o(.text), UNUSED)

<P><STRONG><a name="[1]"></a>__rt_heap_expand</STRONG> (Thumb, 2 bytes, Stack size 0 bytes, heapauxi.o(.text), UNUSED)

<P><STRONG><a name="[cc]"></a>__rt_heap_descriptor</STRONG> (Thumb, 10 bytes, Stack size 8 bytes, rt_heap_descriptor_twolibspace.o(.text))
<BR><BR>[Stack]<UL><LI>Max Depth = 8<LI>Call Chain = __rt_heap_descriptor
</UL>
<BR>[Calls]<UL><LI><a href="#[cf]">&gt;&gt;</a>&nbsp;&nbsp;&nbsp;__user_perproc_libspace
</UL>
<BR>[Called By]<UL><LI><a href="#[d6]">&gt;&gt;</a>&nbsp;&nbsp;&nbsp;free
<LI><a href="#[af]">&gt;&gt;</a>&nbsp;&nbsp;&nbsp;_init_alloc
<LI><a href="#[c7]">&gt;&gt;</a>&nbsp;&nbsp;&nbsp;malloc
</UL>

<P><STRONG><a name="[1cf]"></a>__use_no_heap</STRONG> (Thumb, 2 bytes, Stack size 0 bytes, hguard.o(.text), UNUSED)

<P><STRONG><a name="[1d0]"></a>__heap$guard</STRONG> (Thumb, 2 bytes, Stack size 0 bytes, hguard.o(.text), UNUSED)

<P><STRONG><a name="[7]"></a>_terminate_user_alloc</STRONG> (Thumb, 2 bytes, Stack size 0 bytes, init_alloc.o(.text), UNUSED)

<P><STRONG><a name="[4]"></a>_init_user_alloc</STRONG> (Thumb, 2 bytes, Stack size 0 bytes, init_alloc.o(.text), UNUSED)

<P><STRONG><a name="[cb]"></a>__Heap_Full</STRONG> (Thumb, 34 bytes, Stack size 16 bytes, init_alloc.o(.text))
<BR><BR>[Stack]<UL><LI>Max Depth = 40<LI>Call Chain = __Heap_Full &rArr; __Heap_ProvideMemory &rArr; _free_internal
</UL>
<BR>[Calls]<UL><LI><a href="#[d0]">&gt;&gt;</a>&nbsp;&nbsp;&nbsp;__Heap_ProvideMemory
</UL>
<BR>[Called By]<UL><LI><a href="#[c9]">&gt;&gt;</a>&nbsp;&nbsp;&nbsp;_malloc_internal
</UL>

<P><STRONG><a name="[d1]"></a>__Heap_Broken</STRONG> (Thumb, 6 bytes, Stack size 0 bytes, init_alloc.o(.text), UNUSED)
<BR><BR>[Calls]<UL><LI><a href="#[d2]">&gt;&gt;</a>&nbsp;&nbsp;&nbsp;__rt_SIGRTMEM
</UL>

<P><STRONG><a name="[af]"></a>_init_alloc</STRONG> (Thumb, 94 bytes, Stack size 24 bytes, init_alloc.o(.text))
<BR><BR>[Stack]<UL><LI>Max Depth = 64<LI>Call Chain = _init_alloc &rArr; __rt_SIGRTMEM &rArr; __rt_SIGRTMEM_inner &rArr; __default_signal_display &rArr; _ttywrch
</UL>
<BR>[Calls]<UL><LI><a href="#[d3]">&gt;&gt;</a>&nbsp;&nbsp;&nbsp;__Heap_Initialize
<LI><a href="#[cc]">&gt;&gt;</a>&nbsp;&nbsp;&nbsp;__rt_heap_descriptor
<LI><a href="#[d2]">&gt;&gt;</a>&nbsp;&nbsp;&nbsp;__rt_SIGRTMEM
<LI><a href="#[d0]">&gt;&gt;</a>&nbsp;&nbsp;&nbsp;__Heap_ProvideMemory
</UL>
<BR>[Called By]<UL><LI><a href="#[ae]">&gt;&gt;</a>&nbsp;&nbsp;&nbsp;__rt_lib_init_heap_2
</UL>

<P><STRONG><a name="[d3]"></a>__Heap_Initialize</STRONG> (Thumb, 14 bytes, Stack size 0 bytes, h1_init_mt.o(.text))
<BR><BR>[Stack]<UL><LI>Max Depth = 8<LI>Call Chain = __Heap_Initialize &rArr; _mutex_initialize
</UL>
<BR>[Calls]<UL><LI><a href="#[d4]">&gt;&gt;</a>&nbsp;&nbsp;&nbsp;_mutex_initialize
</UL>
<BR>[Called By]<UL><LI><a href="#[af]">&gt;&gt;</a>&nbsp;&nbsp;&nbsp;_init_alloc
</UL>

<P><STRONG><a name="[3]"></a>__Heap_DescSize</STRONG> (Thumb, 4 bytes, Stack size 0 bytes, h1_init_mt.o(.text), UNUSED)

<P><STRONG><a name="[d5]"></a>_free_internal</STRONG> (Thumb, 98 bytes, Stack size 16 bytes, h1_free_mt.o(.text))
<BR><BR>[Stack]<UL><LI>Max Depth = 16<LI>Call Chain = _free_internal
</UL>
<BR>[Calls]<UL><LI><a href="#[a7]">&gt;&gt;</a>&nbsp;&nbsp;&nbsp;_mutex_release
<LI><a href="#[a6]">&gt;&gt;</a>&nbsp;&nbsp;&nbsp;_mutex_acquire
</UL>
<BR>[Called By]<UL><LI><a href="#[d6]">&gt;&gt;</a>&nbsp;&nbsp;&nbsp;free
<LI><a href="#[d0]">&gt;&gt;</a>&nbsp;&nbsp;&nbsp;__Heap_ProvideMemory
</UL>

<P><STRONG><a name="[d6]"></a>free</STRONG> (Thumb, 20 bytes, Stack size 8 bytes, h1_free_mt.o(.text), UNUSED)
<BR><BR>[Calls]<UL><LI><a href="#[d5]">&gt;&gt;</a>&nbsp;&nbsp;&nbsp;_free_internal
<LI><a href="#[cc]">&gt;&gt;</a>&nbsp;&nbsp;&nbsp;__rt_heap_descriptor
</UL>

<P><STRONG><a name="[c8]"></a>__aeabi_memclr</STRONG> (Thumb, 0 bytes, Stack size 0 bytes, rt_memclr.o(.text))
<BR><BR>[Called By]<UL><LI><a href="#[c6]">&gt;&gt;</a>&nbsp;&nbsp;&nbsp;calloc
</UL>

<P><STRONG><a name="[d7]"></a>__rt_memclr</STRONG> (Thumb, 68 bytes, Stack size 0 bytes, rt_memclr.o(.text), UNUSED)
<BR><BR>[Calls]<UL><LI><a href="#[d8]">&gt;&gt;</a>&nbsp;&nbsp;&nbsp;_memset_w
</UL>

<P><STRONG><a name="[1d1]"></a>_memset</STRONG> (Thumb, 0 bytes, Stack size unknown bytes, rt_memclr.o(.text), UNUSED)

<P><STRONG><a name="[d0]"></a>__Heap_ProvideMemory</STRONG> (Thumb, 62 bytes, Stack size 8 bytes, h1_extend_mt.o(.text))
<BR><BR>[Stack]<UL><LI>Max Depth = 24<LI>Call Chain = __Heap_ProvideMemory &rArr; _free_internal
</UL>
<BR>[Calls]<UL><LI><a href="#[d5]">&gt;&gt;</a>&nbsp;&nbsp;&nbsp;_free_internal
</UL>
<BR>[Called By]<UL><LI><a href="#[af]">&gt;&gt;</a>&nbsp;&nbsp;&nbsp;_init_alloc
<LI><a href="#[cb]">&gt;&gt;</a>&nbsp;&nbsp;&nbsp;__Heap_Full
</UL>

<P><STRONG><a name="[d2]"></a>__rt_SIGRTMEM</STRONG> (Thumb, 14 bytes, Stack size 8 bytes, defsig_rtmem_outer.o(.text))
<BR><BR>[Stack]<UL><LI>Max Depth = 40<LI>Call Chain = __rt_SIGRTMEM &rArr; __rt_SIGRTMEM_inner &rArr; __default_signal_display &rArr; _ttywrch
</UL>
<BR>[Calls]<UL><LI><a href="#[d9]">&gt;&gt;</a>&nbsp;&nbsp;&nbsp;__rt_SIGRTMEM_inner
<LI><a href="#[da]">&gt;&gt;</a>&nbsp;&nbsp;&nbsp;__sig_exit
</UL>
<BR>[Called By]<UL><LI><a href="#[af]">&gt;&gt;</a>&nbsp;&nbsp;&nbsp;_init_alloc
<LI><a href="#[d1]">&gt;&gt;</a>&nbsp;&nbsp;&nbsp;__Heap_Broken
</UL>

<P><STRONG><a name="[bd]"></a>_sys_exit</STRONG> (Thumb, 8 bytes, Stack size 0 bytes, sys_exit.o(.text))
<BR><BR>[Called By]<UL><LI><a href="#[da]">&gt;&gt;</a>&nbsp;&nbsp;&nbsp;__sig_exit
<LI><a href="#[bc]">&gt;&gt;</a>&nbsp;&nbsp;&nbsp;__rt_exit_exit
</UL>

<P><STRONG><a name="[1d2]"></a>__I$use$semihosting</STRONG> (Thumb, 0 bytes, Stack size 0 bytes, use_no_semi.o(.text), UNUSED)

<P><STRONG><a name="[1d3]"></a>__use_no_semihosting_swi</STRONG> (Thumb, 2 bytes, Stack size 0 bytes, use_no_semi.o(.text), UNUSED)

<P><STRONG><a name="[1d4]"></a>__semihosting_library_function</STRONG> (Thumb, 0 bytes, Stack size 8 bytes, indicate_semi.o(.text), UNUSED)

<P><STRONG><a name="[b3]"></a>__user_setup_stackheap</STRONG> (Thumb, 74 bytes, Stack size 8 bytes, sys_stackheap_outer.o(.text))
<BR><BR>[Stack]<UL><LI>Max Depth = 8 + Unknown Stack Size
<LI>Call Chain = __user_setup_stackheap
</UL>
<BR>[Calls]<UL><LI><a href="#[db]">&gt;&gt;</a>&nbsp;&nbsp;&nbsp;__user_initial_stackheap
<LI><a href="#[cf]">&gt;&gt;</a>&nbsp;&nbsp;&nbsp;__user_perproc_libspace
</UL>
<BR>[Called By]<UL><LI><a href="#[b2]">&gt;&gt;</a>&nbsp;&nbsp;&nbsp;__rt_entry_sh
</UL>

<P><STRONG><a name="[da]"></a>__sig_exit</STRONG> (Thumb, 10 bytes, Stack size 0 bytes, defsig_exit.o(.text))
<BR><BR>[Calls]<UL><LI><a href="#[bd]">&gt;&gt;</a>&nbsp;&nbsp;&nbsp;_sys_exit
</UL>
<BR>[Called By]<UL><LI><a href="#[d2]">&gt;&gt;</a>&nbsp;&nbsp;&nbsp;__rt_SIGRTMEM
</UL>

<P><STRONG><a name="[d9]"></a>__rt_SIGRTMEM_inner</STRONG> (Thumb, 22 bytes, Stack size 8 bytes, defsig_rtmem_inner.o(.text))
<BR><BR>[Stack]<UL><LI>Max Depth = 32<LI>Call Chain = __rt_SIGRTMEM_inner &rArr; __default_signal_display &rArr; _ttywrch
</UL>
<BR>[Calls]<UL><LI><a href="#[dc]">&gt;&gt;</a>&nbsp;&nbsp;&nbsp;__default_signal_display
</UL>
<BR>[Called By]<UL><LI><a href="#[d2]">&gt;&gt;</a>&nbsp;&nbsp;&nbsp;__rt_SIGRTMEM
</UL>

<P><STRONG><a name="[dc]"></a>__default_signal_display</STRONG> (Thumb, 50 bytes, Stack size 16 bytes, defsig_general.o(.text))
<BR><BR>[Stack]<UL><LI>Max Depth = 24<LI>Call Chain = __default_signal_display &rArr; _ttywrch
</UL>
<BR>[Calls]<UL><LI><a href="#[dd]">&gt;&gt;</a>&nbsp;&nbsp;&nbsp;_ttywrch
</UL>
<BR>[Called By]<UL><LI><a href="#[d9]">&gt;&gt;</a>&nbsp;&nbsp;&nbsp;__rt_SIGRTMEM_inner
</UL>

<P><STRONG><a name="[dd]"></a>_ttywrch</STRONG> (Thumb, 14 bytes, Stack size 8 bytes, sys_wrch.o(.text))
<BR><BR>[Stack]<UL><LI>Max Depth = 8<LI>Call Chain = _ttywrch
</UL>
<BR>[Called By]<UL><LI><a href="#[dc]">&gt;&gt;</a>&nbsp;&nbsp;&nbsp;__default_signal_display
</UL>

<P><STRONG><a name="[de]"></a>BSP_SDRAM_Init</STRONG> (Thumb, 122 bytes, Stack size 8 bytes, stm32746g_discovery_sdram.o(i.BSP_SDRAM_Init))
<BR><BR>[Stack]<UL><LI>Max Depth = 96<LI>Call Chain = BSP_SDRAM_Init &rArr; BSP_SDRAM_MspInit &rArr; HAL_NVIC_SetPriority &rArr; NVIC_SetPriority
</UL>
<BR>[Calls]<UL><LI><a href="#[df]">&gt;&gt;</a>&nbsp;&nbsp;&nbsp;BSP_SDRAM_MspInit
<LI><a href="#[e0]">&gt;&gt;</a>&nbsp;&nbsp;&nbsp;HAL_SDRAM_Init
<LI><a href="#[e1]">&gt;&gt;</a>&nbsp;&nbsp;&nbsp;BSP_SDRAM_Initialization_sequence
</UL>
<BR>[Called By]<UL><LI><a href="#[f2]">&gt;&gt;</a>&nbsp;&nbsp;&nbsp;GLCD_Initialize
<LI><a href="#[a4]">&gt;&gt;</a>&nbsp;&nbsp;&nbsp;main
<LI><a href="#[94]">&gt;&gt;</a>&nbsp;&nbsp;&nbsp;gdisp_lld_init
</UL>

<P><STRONG><a name="[e1]"></a>BSP_SDRAM_Initialization_sequence</STRONG> (Thumb, 142 bytes, Stack size 16 bytes, stm32746g_discovery_sdram.o(i.BSP_SDRAM_Initialization_sequence))
<BR><BR>[Stack]<UL><LI>Max Depth = 56<LI>Call Chain = BSP_SDRAM_Initialization_sequence &rArr; HAL_SDRAM_SendCommand &rArr; FMC_SDRAM_SendCommand
</UL>
<BR>[Calls]<UL><LI><a href="#[e3]">&gt;&gt;</a>&nbsp;&nbsp;&nbsp;HAL_Delay
<LI><a href="#[e2]">&gt;&gt;</a>&nbsp;&nbsp;&nbsp;HAL_SDRAM_SendCommand
<LI><a href="#[e4]">&gt;&gt;</a>&nbsp;&nbsp;&nbsp;HAL_SDRAM_ProgramRefreshRate
</UL>
<BR>[Called By]<UL><LI><a href="#[de]">&gt;&gt;</a>&nbsp;&nbsp;&nbsp;BSP_SDRAM_Init
</UL>

<P><STRONG><a name="[df]"></a>BSP_SDRAM_MspInit</STRONG> (Thumb, 450 bytes, Stack size 40 bytes, stm32746g_discovery_sdram.o(i.BSP_SDRAM_MspInit))
<BR><BR>[Stack]<UL><LI>Max Depth = 88<LI>Call Chain = BSP_SDRAM_MspInit &rArr; HAL_NVIC_SetPriority &rArr; NVIC_SetPriority
</UL>
<BR>[Calls]<UL><LI><a href="#[e7]">&gt;&gt;</a>&nbsp;&nbsp;&nbsp;HAL_DMA_Init
<LI><a href="#[e6]">&gt;&gt;</a>&nbsp;&nbsp;&nbsp;HAL_DMA_DeInit
<LI><a href="#[e8]">&gt;&gt;</a>&nbsp;&nbsp;&nbsp;HAL_NVIC_SetPriority
<LI><a href="#[e9]">&gt;&gt;</a>&nbsp;&nbsp;&nbsp;HAL_NVIC_EnableIRQ
<LI><a href="#[e5]">&gt;&gt;</a>&nbsp;&nbsp;&nbsp;HAL_GPIO_Init
</UL>
<BR>[Called By]<UL><LI><a href="#[de]">&gt;&gt;</a>&nbsp;&nbsp;&nbsp;BSP_SDRAM_Init
</UL>

<P><STRONG><a name="[ea]"></a>BSP_TS_GetState</STRONG> (Thumb, 526 bytes, Stack size 88 bytes, stm32746g_discovery_ts.o(i.BSP_TS_GetState))
<BR><BR>[Stack]<UL><LI>Max Depth = 304<LI>Call Chain = BSP_TS_GetState &rArr; ft5336_TS_GetTouchInfo &rArr; TS_IO_Read &rArr; I2Cx_ReadMultiple &rArr; HAL_I2C_Mem_Read &rArr; I2C_RequestMemoryRead &rArr; I2C_WaitOnTXISFlagUntilTimeout &rArr; I2C_IsAcknowledgeFailed
</UL>
<BR>[Calls]<UL><LI><a href="#[ec]">&gt;&gt;</a>&nbsp;&nbsp;&nbsp;BSP_TS_Get_GestureId
<LI><a href="#[eb]">&gt;&gt;</a>&nbsp;&nbsp;&nbsp;ft5336_TS_GetTouchInfo
</UL>
<BR>[Called By]<UL><LI><a href="#[123]">&gt;&gt;</a>&nbsp;&nbsp;&nbsp;Touch_GetState
</UL>

<P><STRONG><a name="[ec]"></a>BSP_TS_Get_GestureId</STRONG> (Thumb, 106 bytes, Stack size 16 bytes, stm32746g_discovery_ts.o(i.BSP_TS_Get_GestureId))
<BR><BR>[Stack]<UL><LI>Max Depth = 208<LI>Call Chain = BSP_TS_Get_GestureId &rArr; ft5336_TS_GetGestureID &rArr; TS_IO_Read &rArr; I2Cx_ReadMultiple &rArr; HAL_I2C_Mem_Read &rArr; I2C_RequestMemoryRead &rArr; I2C_WaitOnTXISFlagUntilTimeout &rArr; I2C_IsAcknowledgeFailed
</UL>
<BR>[Calls]<UL><LI><a href="#[ed]">&gt;&gt;</a>&nbsp;&nbsp;&nbsp;ft5336_TS_GetGestureID
</UL>
<BR>[Called By]<UL><LI><a href="#[ea]">&gt;&gt;</a>&nbsp;&nbsp;&nbsp;BSP_TS_GetState
</UL>

<P><STRONG><a name="[125]"></a>BSP_TS_Init</STRONG> (Thumb, 74 bytes, Stack size 16 bytes, stm32746g_discovery_ts.o(i.BSP_TS_Init))
<BR><BR>[Stack]<UL><LI>Max Depth = 16<LI>Call Chain = BSP_TS_Init
</UL>
<BR>[Called By]<UL><LI><a href="#[124]">&gt;&gt;</a>&nbsp;&nbsp;&nbsp;Touch_Initialize
</UL>

<P><STRONG><a name="[114]"></a>FMC_SDRAM_Init</STRONG> (Thumb, 116 bytes, Stack size 12 bytes, stm32f7xx_ll_fmc.o(i.FMC_SDRAM_Init))
<BR><BR>[Stack]<UL><LI>Max Depth = 12<LI>Call Chain = FMC_SDRAM_Init
</UL>
<BR>[Called By]<UL><LI><a href="#[e0]">&gt;&gt;</a>&nbsp;&nbsp;&nbsp;HAL_SDRAM_Init
</UL>

<P><STRONG><a name="[116]"></a>FMC_SDRAM_ProgramRefreshRate</STRONG> (Thumb, 14 bytes, Stack size 0 bytes, stm32f7xx_ll_fmc.o(i.FMC_SDRAM_ProgramRefreshRate))
<BR><BR>[Called By]<UL><LI><a href="#[e4]">&gt;&gt;</a>&nbsp;&nbsp;&nbsp;HAL_SDRAM_ProgramRefreshRate
</UL>

<P><STRONG><a name="[f0]"></a>FMC_SDRAM_SendCommand</STRONG> (Thumb, 82 bytes, Stack size 24 bytes, stm32f7xx_ll_fmc.o(i.FMC_SDRAM_SendCommand))
<BR><BR>[Stack]<UL><LI>Max Depth = 24<LI>Call Chain = FMC_SDRAM_SendCommand
</UL>
<BR>[Calls]<UL><LI><a href="#[f1]">&gt;&gt;</a>&nbsp;&nbsp;&nbsp;HAL_GetTick
</UL>
<BR>[Called By]<UL><LI><a href="#[e2]">&gt;&gt;</a>&nbsp;&nbsp;&nbsp;HAL_SDRAM_SendCommand
</UL>

<P><STRONG><a name="[115]"></a>FMC_SDRAM_Timing_Init</STRONG> (Thumb, 152 bytes, Stack size 16 bytes, stm32f7xx_ll_fmc.o(i.FMC_SDRAM_Timing_Init))
<BR><BR>[Stack]<UL><LI>Max Depth = 16<LI>Call Chain = FMC_SDRAM_Timing_Init
</UL>
<BR>[Called By]<UL><LI><a href="#[e0]">&gt;&gt;</a>&nbsp;&nbsp;&nbsp;HAL_SDRAM_Init
</UL>

<P><STRONG><a name="[f2]"></a>GLCD_Initialize</STRONG> (Thumb, 526 bytes, Stack size 216 bytes, glcd_746g_discovery.o(i.GLCD_Initialize))
<BR><BR>[Stack]<UL><LI>Max Depth = 312<LI>Call Chain = GLCD_Initialize &rArr; BSP_SDRAM_Init &rArr; BSP_SDRAM_MspInit &rArr; HAL_NVIC_SetPriority &rArr; NVIC_SetPriority
</UL>
<BR>[Calls]<UL><LI><a href="#[de]">&gt;&gt;</a>&nbsp;&nbsp;&nbsp;BSP_SDRAM_Init
<LI><a href="#[f3]">&gt;&gt;</a>&nbsp;&nbsp;&nbsp;HAL_RCCEx_PeriphCLKConfig
<LI><a href="#[f4]">&gt;&gt;</a>&nbsp;&nbsp;&nbsp;HAL_LTDC_Init
<LI><a href="#[f5]">&gt;&gt;</a>&nbsp;&nbsp;&nbsp;HAL_LTDC_ConfigLayer
<LI><a href="#[f6]">&gt;&gt;</a>&nbsp;&nbsp;&nbsp;HAL_GPIO_WritePin
<LI><a href="#[e5]">&gt;&gt;</a>&nbsp;&nbsp;&nbsp;HAL_GPIO_Init
</UL>
<BR>[Called By]<UL><LI><a href="#[a4]">&gt;&gt;</a>&nbsp;&nbsp;&nbsp;main
</UL>

<P><STRONG><a name="[e6]"></a>HAL_DMA_DeInit</STRONG> (Thumb, 100 bytes, Stack size 16 bytes, stm32f7xx_hal_dma.o(i.HAL_DMA_DeInit))
<BR><BR>[Stack]<UL><LI>Max Depth = 16<LI>Call Chain = HAL_DMA_DeInit
</UL>
<BR>[Calls]<UL><LI><a href="#[f7]">&gt;&gt;</a>&nbsp;&nbsp;&nbsp;DMA_CalcBaseAndBitshift
</UL>
<BR>[Called By]<UL><LI><a href="#[df]">&gt;&gt;</a>&nbsp;&nbsp;&nbsp;BSP_SDRAM_MspInit
</UL>

<P><STRONG><a name="[e7]"></a>HAL_DMA_Init</STRONG> (Thumb, 128 bytes, Stack size 16 bytes, stm32f7xx_hal_dma.o(i.HAL_DMA_Init))
<BR><BR>[Stack]<UL><LI>Max Depth = 16<LI>Call Chain = HAL_DMA_Init
</UL>
<BR>[Calls]<UL><LI><a href="#[f7]">&gt;&gt;</a>&nbsp;&nbsp;&nbsp;DMA_CalcBaseAndBitshift
</UL>
<BR>[Called By]<UL><LI><a href="#[df]">&gt;&gt;</a>&nbsp;&nbsp;&nbsp;BSP_SDRAM_MspInit
</UL>

<P><STRONG><a name="[e3]"></a>HAL_Delay</STRONG> (Thumb, 26 bytes, Stack size 16 bytes, stm32f7xx_hal.o(i.HAL_Delay))
<BR><BR>[Stack]<UL><LI>Max Depth = 16<LI>Call Chain = HAL_Delay
</UL>
<BR>[Calls]<UL><LI><a href="#[f1]">&gt;&gt;</a>&nbsp;&nbsp;&nbsp;HAL_GetTick
</UL>
<BR>[Called By]<UL><LI><a href="#[a4]">&gt;&gt;</a>&nbsp;&nbsp;&nbsp;main
<LI><a href="#[e1]">&gt;&gt;</a>&nbsp;&nbsp;&nbsp;BSP_SDRAM_Initialization_sequence
<LI><a href="#[11f]">&gt;&gt;</a>&nbsp;&nbsp;&nbsp;TS_IO_Delay
</UL>

<P><STRONG><a name="[e5]"></a>HAL_GPIO_Init</STRONG> (Thumb, 488 bytes, Stack size 24 bytes, stm32f7xx_hal_gpio.o(i.HAL_GPIO_Init))
<BR><BR>[Stack]<UL><LI>Max Depth = 24<LI>Call Chain = HAL_GPIO_Init
</UL>
<BR>[Called By]<UL><LI><a href="#[f2]">&gt;&gt;</a>&nbsp;&nbsp;&nbsp;GLCD_Initialize
<LI><a href="#[df]">&gt;&gt;</a>&nbsp;&nbsp;&nbsp;BSP_SDRAM_MspInit
<LI><a href="#[11b]">&gt;&gt;</a>&nbsp;&nbsp;&nbsp;I2Cx_MspInit
</UL>

<P><STRONG><a name="[f6]"></a>HAL_GPIO_WritePin</STRONG> (Thumb, 12 bytes, Stack size 0 bytes, stm32f7xx_hal_gpio.o(i.HAL_GPIO_WritePin))
<BR><BR>[Called By]<UL><LI><a href="#[f2]">&gt;&gt;</a>&nbsp;&nbsp;&nbsp;GLCD_Initialize
</UL>

<P><STRONG><a name="[f1]"></a>HAL_GetTick</STRONG> (Thumb, 6 bytes, Stack size 0 bytes, main.o(i.HAL_GetTick))
<BR><BR>[Called By]<UL><LI><a href="#[112]">&gt;&gt;</a>&nbsp;&nbsp;&nbsp;HAL_RCC_OscConfig
<LI><a href="#[110]">&gt;&gt;</a>&nbsp;&nbsp;&nbsp;HAL_RCC_ClockConfig
<LI><a href="#[10f]">&gt;&gt;</a>&nbsp;&nbsp;&nbsp;HAL_PWREx_EnableOverDrive
<LI><a href="#[e3]">&gt;&gt;</a>&nbsp;&nbsp;&nbsp;HAL_Delay
<LI><a href="#[a4]">&gt;&gt;</a>&nbsp;&nbsp;&nbsp;main
<LI><a href="#[f3]">&gt;&gt;</a>&nbsp;&nbsp;&nbsp;HAL_RCCEx_PeriphCLKConfig
<LI><a href="#[103]">&gt;&gt;</a>&nbsp;&nbsp;&nbsp;I2C_WaitOnTXISFlagUntilTimeout
<LI><a href="#[100]">&gt;&gt;</a>&nbsp;&nbsp;&nbsp;I2C_WaitOnSTOPFlagUntilTimeout
<LI><a href="#[ff]">&gt;&gt;</a>&nbsp;&nbsp;&nbsp;I2C_WaitOnFlagUntilTimeout
<LI><a href="#[117]">&gt;&gt;</a>&nbsp;&nbsp;&nbsp;I2C_IsAcknowledgeFailed
<LI><a href="#[f0]">&gt;&gt;</a>&nbsp;&nbsp;&nbsp;FMC_SDRAM_SendCommand
</UL>

<P><STRONG><a name="[f8]"></a>HAL_I2C_DeInit</STRONG> (Thumb, 54 bytes, Stack size 8 bytes, stm32f7xx_hal_i2c.o(i.HAL_I2C_DeInit))
<BR><BR>[Stack]<UL><LI>Max Depth = 8<LI>Call Chain = HAL_I2C_DeInit
</UL>
<BR>[Calls]<UL><LI><a href="#[f9]">&gt;&gt;</a>&nbsp;&nbsp;&nbsp;HAL_I2C_MspDeInit
</UL>
<BR>[Called By]<UL><LI><a href="#[118]">&gt;&gt;</a>&nbsp;&nbsp;&nbsp;I2Cx_Error
</UL>

<P><STRONG><a name="[11a]"></a>HAL_I2C_GetState</STRONG> (Thumb, 8 bytes, Stack size 0 bytes, stm32f7xx_hal_i2c.o(i.HAL_I2C_GetState))
<BR><BR>[Called By]<UL><LI><a href="#[119]">&gt;&gt;</a>&nbsp;&nbsp;&nbsp;I2Cx_Init
</UL>

<P><STRONG><a name="[fa]"></a>HAL_I2C_Init</STRONG> (Thumb, 176 bytes, Stack size 8 bytes, stm32f7xx_hal_i2c.o(i.HAL_I2C_Init))
<BR><BR>[Stack]<UL><LI>Max Depth = 8<LI>Call Chain = HAL_I2C_Init
</UL>
<BR>[Calls]<UL><LI><a href="#[fb]">&gt;&gt;</a>&nbsp;&nbsp;&nbsp;HAL_I2C_MspInit
</UL>
<BR>[Called By]<UL><LI><a href="#[119]">&gt;&gt;</a>&nbsp;&nbsp;&nbsp;I2Cx_Init
</UL>

<P><STRONG><a name="[fc]"></a>HAL_I2C_Mem_Read</STRONG> (Thumb, 368 bytes, Stack size 40 bytes, stm32f7xx_hal_i2c.o(i.HAL_I2C_Mem_Read))
<BR><BR>[Stack]<UL><LI>Max Depth = 104<LI>Call Chain = HAL_I2C_Mem_Read &rArr; I2C_RequestMemoryRead &rArr; I2C_WaitOnTXISFlagUntilTimeout &rArr; I2C_IsAcknowledgeFailed
</UL>
[...]
</UL>

<P><STRONG><a name="[ad]"></a>_fp_init</STRONG> (Thumb, 10 bytes, Stack size 0 bytes, fpinit.o(x$fpl$fpinit))
<BR><BR>[Called By]<UL><LI><a href="#[ac]">&gt;&gt;</a>&nbsp;&nbsp;&nbsp;__rt_lib_init_fp_1
</UL>

<P><STRONG><a name="[1d5]"></a>__fplib_config_fpu_vfp</STRONG> (Thumb, 0 bytes, Stack size unknown bytes, fpinit.o(x$fpl$fpinit), UNUSED)

<P><STRONG><a name="[1d6]"></a>__fplib_config_pureend_doubles</STRONG> (Thumb, 0 bytes, Stack size unknown bytes, fpinit.o(x$fpl$fpinit), UNUSED)
<P>
<H3>
Local Symbols
</H3>
<P><STRONG><a name="[ee]"></a>CPU_CACHE_Enable</STRONG> (Thumb, 96 bytes, Stack size 8 bytes, main.o(i.CPU_CACHE_Enable))
<BR><BR>[Stack]<UL><LI>Max Depth = 16<LI>Call Chain = CPU_CACHE_Enable &rArr; SCB_EnableDCache
</UL>
<BR>[Calls]<UL><LI><a href="#[ef]">&gt;&gt;</a>&nbsp;&nbsp;&nbsp;SCB_EnableDCache
</UL>
<BR>[Called By]<UL><LI><a href="#[a4]">&gt;&gt;</a>&nbsp;&nbsp;&nbsp;main
</UL>

<P><STRONG><a name="[ef]"></a>SCB_EnableDCache</STRONG> (Thumb, 148 bytes, Stack size 8 bytes, main.o(i.SCB_EnableDCache))
<BR><BR>[Stack]<UL><LI>Max Depth = 8<LI>Call Chain = SCB_EnableDCache
</UL>
<BR>[Called By]<UL><LI><a href="#[ee]">&gt;&gt;</a>&nbsp;&nbsp;&nbsp;CPU_CACHE_Enable
</UL>

<P><STRONG><a name="[11e]"></a>SystemClock_Config</STRONG> (Thumb, 86 bytes, Stack size 72 bytes, main.o(i.SystemClock_Config))
<BR><BR>[Stack]<UL><LI>Max Depth = 152<LI>Call Chain = SystemClock_Config &rArr; HAL_RCC_ClockConfig &rArr; HAL_InitTick &rArr; HAL_NVIC_SetPriority &rArr; NVIC_SetPriority
</UL>
<BR>[Calls]<UL><LI><a href="#[112]">&gt;&gt;</a>&nbsp;&nbsp;&nbsp;HAL_RCC_OscConfig
<LI><a href="#[110]">&gt;&gt;</a>&nbsp;&nbsp;&nbsp;HAL_RCC_ClockConfig
<LI><a href="#[10f]">&gt;&gt;</a>&nbsp;&nbsp;&nbsp;HAL_PWREx_EnableOverDrive
</UL>
<BR>[Called By]<UL><LI><a href="#[a4]">&gt;&gt;</a>&nbsp;&nbsp;&nbsp;main
</UL>

<P><STRONG><a name="[8a]"></a>WM_Add</STRONG> (Thumb, 58 bytes, Stack size 16 bytes, gfx_mk.o(i.WM_Add))
<BR><BR>[Stack]<UL><LI>Max Depth = 152<LI>Call Chain = WM_Add &rArr; WM_Move &rArr; WM_Size &rArr; gwinSetVisible &rArr; _gwinFlushRedraws &rArr; gfxSemSignal &rArr; gfxSemSignalI &rArr; osSemaphoreRelease &rArr; isrSemaphoreRelease &rArr; isr_sem_send &rArr; rt_psq_enq
</UL>
<BR>[Calls]<UL><LI><a href="#[8d]">&gt;&gt;</a>&nbsp;&nbsp;&nbsp;WM_Size
<LI><a href="#[8e]">&gt;&gt;</a>&nbsp;&nbsp;&nbsp;WM_Move
<LI><a href="#[126]">&gt;&gt;</a>&nbsp;&nbsp;&nbsp;gfxQueueASyncPut
</UL>
<BR>[Address Reference Count : 1]<UL><LI> gfx_mk.o(.constdata)
</UL>
<P><STRONG><a name="[89]"></a>WM_DeInit</STRONG> (Thumb, 2 bytes, Stack size 0 bytes, gfx_mk.o(i.WM_DeInit))
<BR>[Address Reference Count : 1]<UL><LI> gfx_mk.o(.constdata)
</UL>
<P><STRONG><a name="[8b]"></a>WM_Delete</STRONG> (Thumb, 14 bytes, Stack size 8 bytes, gfx_mk.o(i.WM_Delete))
<BR><BR>[Stack]<UL><LI>Max Depth = 104<LI>Call Chain = WM_Delete &rArr; gfxQueueASyncRemove &rArr; osKernelInitialize &rArr; svcKernelInitialize &rArr; svcThreadCreate &rArr; rt_tsk_create &rArr; rt_init_context &rArr; rt_init_stack
</UL>
<BR>[Calls]<UL><LI><a href="#[127]">&gt;&gt;</a>&nbsp;&nbsp;&nbsp;gfxQueueASyncRemove
</UL>
<BR>[Address Reference Count : 1]<UL><LI> gfx_mk.o(.constdata)
</UL>
<P><STRONG><a name="[88]"></a>WM_Init</STRONG> (Thumb, 2 bytes, Stack size 0 bytes, gfx_mk.o(i.WM_Init))
<BR>[Address Reference Count : 1]<UL><LI> gfx_mk.o(.constdata)
</UL>
<P><STRONG><a name="[90]"></a>WM_MinMax</STRONG> (Thumb, 2 bytes, Stack size 0 bytes, gfx_mk.o(i.WM_MinMax))
<BR>[Address Reference Count : 1]<UL><LI> gfx_mk.o(.constdata)
</UL>
<P><STRONG><a name="[8e]"></a>WM_Move</STRONG> (Thumb, 214 bytes, Stack size 24 bytes, gfx_mk.o(i.WM_Move))
<BR><BR>[Stack]<UL><LI>Max Depth = 136<LI>Call Chain = WM_Move &rArr; WM_Size &rArr; gwinSetVisible &rArr; _gwinFlushRedraws &rArr; gfxSemSignal &rArr; gfxSemSignalI &rArr; osSemaphoreRelease &rArr; isrSemaphoreRelease &rArr; isr_sem_send &rArr; rt_psq_enq
</UL>
<BR>[Calls]<UL><LI><a href="#[8d]">&gt;&gt;</a>&nbsp;&nbsp;&nbsp;WM_Size
<LI><a href="#[12a]">&gt;&gt;</a>&nbsp;&nbsp;&nbsp;gwinSetVisible
<LI><a href="#[128]">&gt;&gt;</a>&nbsp;&nbsp;&nbsp;gdispGGetWidth
<LI><a href="#[129]">&gt;&gt;</a>&nbsp;&nbsp;&nbsp;gdispGGetHeight
<LI><a href="#[12b]">&gt;&gt;</a>&nbsp;&nbsp;&nbsp;_gwinFlushRedraws
</UL>
<BR>[Called By]<UL><LI><a href="#[8a]">&gt;&gt;</a>&nbsp;&nbsp;&nbsp;WM_Add
</UL>
<BR>[Address Reference Count : 1]<UL><LI> gfx_mk.o(.constdata)
</UL>
<P><STRONG><a name="[8f]"></a>WM_Raise</STRONG> (Thumb, 28 bytes, Stack size 8 bytes, gfx_mk.o(i.WM_Raise))
<BR><BR>[Stack]<UL><LI>Max Depth = 104<LI>Call Chain = WM_Raise &rArr; gfxQueueASyncRemove &rArr; osKernelInitialize &rArr; svcKernelInitialize &rArr; svcThreadCreate &rArr; rt_tsk_create &rArr; rt_init_context &rArr; rt_init_stack
</UL>
<BR>[Calls]<UL><LI><a href="#[127]">&gt;&gt;</a>&nbsp;&nbsp;&nbsp;gfxQueueASyncRemove
<LI><a href="#[126]">&gt;&gt;</a>&nbsp;&nbsp;&nbsp;gfxQueueASyncPut
<LI><a href="#[12c]">&gt;&gt;</a>&nbsp;&nbsp;&nbsp;_gwinUpdate
</UL>
<BR>[Address Reference Count : 1]<UL><LI> gfx_mk.o(.constdata)
</UL>
<P><STRONG><a name="[8c]"></a>WM_Redraw</STRONG> (Thumb, 306 bytes, Stack size 32 bytes, gfx_mk.o(i.WM_Redraw))
<BR><BR>[Stack]<UL><LI>Max Depth = 76<LI>Call Chain = WM_Redraw &rArr; gdispGFillArea &rArr; gdisp_lld_fill_area
</UL>
<BR>[Calls]<UL><LI><a href="#[12d]">&gt;&gt;</a>&nbsp;&nbsp;&nbsp;gdispGFillArea
<LI><a href="#[12f]">&gt;&gt;</a>&nbsp;&nbsp;&nbsp;gwinGetNextWindow
<LI><a href="#[12e]">&gt;&gt;</a>&nbsp;&nbsp;&nbsp;gwinGetDefaultBgColor
</UL>
<BR>[Address Reference Count : 1]<UL><LI> gfx_mk.o(.constdata)
</UL>
<P><STRONG><a name="[8d]"></a>WM_Size</STRONG> (Thumb, 162 bytes, Stack size 24 bytes, gfx_mk.o(i.WM_Size))
<BR><BR>[Stack]<UL><LI>Max Depth = 112<LI>Call Chain = WM_Size &rArr; gwinSetVisible &rArr; _gwinFlushRedraws &rArr; gfxSemSignal &rArr; gfxSemSignalI &rArr; osSemaphoreRelease &rArr; isrSemaphoreRelease &rArr; isr_sem_send &rArr; rt_psq_enq
</UL>
<BR>[Calls]<UL><LI><a href="#[12a]">&gt;&gt;</a>&nbsp;&nbsp;&nbsp;gwinSetVisible
<LI><a href="#[128]">&gt;&gt;</a>&nbsp;&nbsp;&nbsp;gdispGGetWidth
<LI><a href="#[129]">&gt;&gt;</a>&nbsp;&nbsp;&nbsp;gdispGGetHeight
<LI><a href="#[12c]">&gt;&gt;</a>&nbsp;&nbsp;&nbsp;_gwinUpdate
<LI><a href="#[12b]">&gt;&gt;</a>&nbsp;&nbsp;&nbsp;_gwinFlushRedraws
</UL>
<BR>[Called By]<UL><LI><a href="#[8e]">&gt;&gt;</a>&nbsp;&nbsp;&nbsp;WM_Move
<LI><a href="#[8a]">&gt;&gt;</a>&nbsp;&nbsp;&nbsp;WM_Add
</UL>
<BR>[Address Reference Count : 1]<UL><LI> gfx_mk.o(.constdata)
</UL>
<P><STRONG><a name="[142]"></a>_ltdc_init</STRONG> (Thumb, 294 bytes, Stack size 16 bytes, gdisp_lld_stm32ltdc.o(i._ltdc_init))
<BR><BR>[Stack]<UL><LI>Max Depth = 32<LI>Call Chain = _ltdc_init &rArr; _ltdc_layer_init
</UL>
<BR>[Calls]<UL><LI><a href="#[143]">&gt;&gt;</a>&nbsp;&nbsp;&nbsp;_ltdc_reload
<LI><a href="#[144]">&gt;&gt;</a>&nbsp;&nbsp;&nbsp;_ltdc_layer_init
</UL>
<BR>[Called By]<UL><LI><a href="#[94]">&gt;&gt;</a>&nbsp;&nbsp;&nbsp;gdisp_lld_init
</UL>

<P><STRONG><a name="[144]"></a>_ltdc_layer_init</STRONG> (Thumb, 228 bytes, Stack size 16 bytes, gdisp_lld_stm32ltdc.o(i._ltdc_layer_init))
<BR><BR>[Stack]<UL><LI>Max Depth = 16<LI>Call Chain = _ltdc_layer_init
</UL>
<BR>[Called By]<UL><LI><a href="#[142]">&gt;&gt;</a>&nbsp;&nbsp;&nbsp;_ltdc_init
</UL>

<P><STRONG><a name="[143]"></a>_ltdc_reload</STRONG> (Thumb, 34 bytes, Stack size 8 bytes, gdisp_lld_stm32ltdc.o(i._ltdc_reload))
<BR><BR>[Stack]<UL><LI>Max Depth = 8<LI>Call Chain = _ltdc_reload
</UL>
<BR>[Calls]<UL><LI><a href="#[145]">&gt;&gt;</a>&nbsp;&nbsp;&nbsp;osThreadYield
</UL>
<BR>[Called By]<UL><LI><a href="#[142]">&gt;&gt;</a>&nbsp;&nbsp;&nbsp;_ltdc_init
</UL>

<P><STRONG><a name="[14e]"></a>configureLcdPins</STRONG> (Thumb, 1596 bytes, Stack size 0 bytes, gdisp_lld_stm32ltdc.o(i.configureLcdPins))
<BR><BR>[Called By]<UL><LI><a href="#[94]">&gt;&gt;</a>&nbsp;&nbsp;&nbsp;gdisp_lld_init
</UL>

<P><STRONG><a name="[14f]"></a>dma2d_init</STRONG> (Thumb, 22 bytes, Stack size 0 bytes, gdisp_lld_stm32ltdc.o(i.dma2d_init))
<BR><BR>[Called By]<UL><LI><a href="#[94]">&gt;&gt;</a>&nbsp;&nbsp;&nbsp;gdisp_lld_init
</UL>

<P><STRONG><a name="[14c]"></a>ft5336_Get_I2C_InitializedStatus</STRONG> (Thumb, 6 bytes, Stack size 0 bytes, ft5336.o(i.ft5336_Get_I2C_InitializedStatus))
<BR><BR>[Called By]<UL><LI><a href="#[14b]">&gt;&gt;</a>&nbsp;&nbsp;&nbsp;ft5336_I2C_InitializeIfRequired
</UL>

<P><STRONG><a name="[14b]"></a>ft5336_I2C_InitializeIfRequired</STRONG> (Thumb, 20 bytes, Stack size 8 bytes, ft5336.o(i.ft5336_I2C_InitializeIfRequired))
<BR><BR>[Stack]<UL><LI>Max Depth = 104<LI>Call Chain = ft5336_I2C_InitializeIfRequired &rArr; TS_IO_Init &rArr; I2Cx_Init &rArr; I2Cx_MspInit &rArr; HAL_NVIC_SetPriority &rArr; NVIC_SetPriority
</UL>
<BR>[Calls]<UL><LI><a href="#[120]">&gt;&gt;</a>&nbsp;&nbsp;&nbsp;TS_IO_Init
<LI><a href="#[14c]">&gt;&gt;</a>&nbsp;&nbsp;&nbsp;ft5336_Get_I2C_InitializedStatus
</UL>
<BR>[Called By]<UL><LI><a href="#[9b]">&gt;&gt;</a>&nbsp;&nbsp;&nbsp;ft5336_ReadID
<LI><a href="#[9a]">&gt;&gt;</a>&nbsp;&nbsp;&nbsp;ft5336_Init
</UL>

<P><STRONG><a name="[14d]"></a>ft5336_TS_Configure</STRONG> (Thumb, 6 bytes, Stack size 0 bytes, ft5336.o(i.ft5336_TS_Configure))
<BR><BR>[Called By]<UL><LI><a href="#[9d]">&gt;&gt;</a>&nbsp;&nbsp;&nbsp;ft5336_TS_Start
</UL>

<P><STRONG><a name="[118]"></a>I2Cx_Error</STRONG> (Thumb, 20 bytes, Stack size 16 bytes, stm32746g_discovery.o(i.I2Cx_Error))
<BR><BR>[Stack]<UL><LI>Max Depth = 104<LI>Call Chain = I2Cx_Error &rArr; I2Cx_Init &rArr; I2Cx_MspInit &rArr; HAL_NVIC_SetPriority &rArr; NVIC_SetPriority
</UL>
<BR>[Calls]<UL><LI><a href="#[f8]">&gt;&gt;</a>&nbsp;&nbsp;&nbsp;HAL_I2C_DeInit
<LI><a href="#[119]">&gt;&gt;</a>&nbsp;&nbsp;&nbsp;I2Cx_Init
</UL>
<BR>[Called By]<UL><LI><a href="#[11d]">&gt;&gt;</a>&nbsp;&nbsp;&nbsp;I2Cx_WriteMultiple
<LI><a href="#[11c]">&gt;&gt;</a>&nbsp;&nbsp;&nbsp;I2Cx_ReadMultiple
</UL>

<P><STRONG><a name="[119]"></a>I2Cx_Init</STRONG> (Thumb, 64 bytes, Stack size 8 bytes, stm32746g_discovery.o(i.I2Cx_Init))
<BR><BR>[Stack]<UL><LI>Max Depth = 88<LI>Call Chain = I2Cx_Init &rArr; I2Cx_MspInit &rArr; HAL_NVIC_SetPriority &rArr; NVIC_SetPriority
</UL>
<BR>[Calls]<UL><LI><a href="#[fa]">&gt;&gt;</a>&nbsp;&nbsp;&nbsp;HAL_I2C_Init
<LI><a href="#[11a]">&gt;&gt;</a>&nbsp;&nbsp;&nbsp;HAL_I2C_GetState
<LI><a href="#[11b]">&gt;&gt;</a>&nbsp;&nbsp;&nbsp;I2Cx_MspInit
</UL>
<BR>[Called By]<UL><LI><a href="#[118]">&gt;&gt;</a>&nbsp;&nbsp;&nbsp;I2Cx_Error
<LI><a href="#[120]">&gt;&gt;</a>&nbsp;&nbsp;&nbsp;TS_IO_Init
</UL>

<P><STRONG><a name="[11b]"></a>I2Cx_MspInit</STRONG> (Thumb, 354 bytes, Stack size 32 bytes, stm32746g_discovery.o(i.I2Cx_MspInit))
<BR><BR>[Stack]<UL><LI>Max Depth = 80<LI>Call Chain = I2Cx_MspInit &rArr; HAL_NVIC_SetPriority &rArr; NVIC_SetPriority
</UL>
<BR>[Calls]<UL><LI><a href="#[e8]">&gt;&gt;</a>&nbsp;&nbsp;&nbsp;HAL_NVIC_SetPriority
<LI><a href="#[e9]">&gt;&gt;</a>&nbsp;&nbsp;&nbsp;HAL_NVIC_EnableIRQ
<LI><a href="#[e5]">&gt;&gt;</a>&nbsp;&nbsp;&nbsp;HAL_GPIO_Init
</UL>
<BR>[Called By]<UL><LI><a href="#[119]">&gt;&gt;</a>&nbsp;&nbsp;&nbsp;I2Cx_Init
</UL>

<P><STRONG><a name="[11c]"></a>I2Cx_ReadMultiple</STRONG> (Thumb, 58 bytes, Stack size 48 bytes, stm32746g_discovery.o(i.I2Cx_ReadMultiple))
<BR><BR>[Stack]<UL><LI>Max Depth = 152<LI>Call Chain = I2Cx_ReadMultiple &rArr; HAL_I2C_Mem_Read &rArr; I2C_RequestMemoryRead &rArr; I2C_WaitOnTXISFlagUntilTimeout &rArr; I2C_IsAcknowledgeFailed
</UL>
<BR>[Calls]<UL><LI><a href="#[fc]">&gt;&gt;</a>&nbsp;&nbsp;&nbsp;HAL_I2C_Mem_Read
<LI><a href="#[118]">&gt;&gt;</a>&nbsp;&nbsp;&nbsp;I2Cx_Error
</UL>
<BR>[Called By]<UL><LI><a href="#[121]">&gt;&gt;</a>&nbsp;&nbsp;&nbsp;TS_IO_Read
</UL>

<P><STRONG><a name="[11d]"></a>I2Cx_WriteMultiple</STRONG> (Thumb, 58 bytes, Stack size 48 bytes, stm32746g_discovery.o(i.I2Cx_WriteMultiple))
<BR><BR>[Stack]<UL><LI>Max Depth = 152<LI>Call Chain = I2Cx_WriteMultiple &rArr; HAL_I2C_Mem_Write &rArr; I2C_RequestMemoryWrite &rArr; I2C_WaitOnTXISFlagUntilTimeout &rArr; I2C_IsAcknowledgeFailed
</UL>
<BR>[Calls]<UL><LI><a href="#[101]">&gt;&gt;</a>&nbsp;&nbsp;&nbsp;HAL_I2C_Mem_Write
<LI><a href="#[118]">&gt;&gt;</a>&nbsp;&nbsp;&nbsp;I2Cx_Error
</UL>
<BR>[Called By]<UL><LI><a href="#[122]">&gt;&gt;</a>&nbsp;&nbsp;&nbsp;TS_IO_Write
</UL>

<P><STRONG><a name="[10d]"></a>NVIC_GetPriorityGrouping</STRONG> (Thumb, 10 bytes, Stack size 0 bytes, stm32f7xx_hal_cortex.o(i.NVIC_GetPriorityGrouping))
<BR><BR>[Called By]<UL><LI><a href="#[e8]">&gt;&gt;</a>&nbsp;&nbsp;&nbsp;HAL_NVIC_SetPriority
</UL>

<P><STRONG><a name="[10e]"></a>NVIC_SetPriority</STRONG> (Thumb, 32 bytes, Stack size 8 bytes, stm32f7xx_hal_cortex.o(i.NVIC_SetPriority))
<BR><BR>[Stack]<UL><LI>Max Depth = 8<LI>Call Chain = NVIC_SetPriority
</UL>
<BR>[Called By]<UL><LI><a href="#[109]">&gt;&gt;</a>&nbsp;&nbsp;&nbsp;HAL_SYSTICK_Config
<LI><a href="#[e8]">&gt;&gt;</a>&nbsp;&nbsp;&nbsp;HAL_NVIC_SetPriority
</UL>

<P><STRONG><a name="[f7]"></a>DMA_CalcBaseAndBitshift</STRONG> (Thumb, 46 bytes, Stack size 0 bytes, stm32f7xx_hal_dma.o(i.DMA_CalcBaseAndBitshift))
<BR><BR>[Called By]<UL><LI><a href="#[e7]">&gt;&gt;</a>&nbsp;&nbsp;&nbsp;HAL_DMA_Init
<LI><a href="#[e6]">&gt;&gt;</a>&nbsp;&nbsp;&nbsp;HAL_DMA_DeInit
</UL>

<P><STRONG><a name="[117]"></a>I2C_IsAcknowledgeFailed</STRONG> (Thumb, 144 bytes, Stack size 16 bytes, stm32f7xx_hal_i2c.o(i.I2C_IsAcknowledgeFailed))
<BR><BR>[Stack]<UL><LI>Max Depth = 16<LI>Call Chain = I2C_IsAcknowledgeFailed
</UL>
<BR>[Calls]<UL><LI><a href="#[f1]">&gt;&gt;</a>&nbsp;&nbsp;&nbsp;HAL_GetTick
</UL>
<BR>[Called By]<UL><LI><a href="#[103]">&gt;&gt;</a>&nbsp;&nbsp;&nbsp;I2C_WaitOnTXISFlagUntilTimeout
<LI><a href="#[100]">&gt;&gt;</a>&nbsp;&nbsp;&nbsp;I2C_WaitOnSTOPFlagUntilTimeout
</UL>

<P><STRONG><a name="[fd]"></a>I2C_RequestMemoryRead</STRONG> (Thumb, 130 bytes, Stack size 32 bytes, stm32f7xx_hal_i2c.o(i.I2C_RequestMemoryRead))
<BR><BR>[Stack]<UL><LI>Max Depth = 64<LI>Call Chain = I2C_RequestMemoryRead &rArr; I2C_WaitOnTXISFlagUntilTimeout &rArr; I2C_IsAcknowledgeFailed
</UL>
<BR>[Calls]<UL><LI><a href="#[103]">&gt;&gt;</a>&nbsp;&nbsp;&nbsp;I2C_WaitOnTXISFlagUntilTimeout
<LI><a href="#[ff]">&gt;&gt;</a>&nbsp;&nbsp;&nbsp;I2C_WaitOnFlagUntilTimeout
<LI><a href="#[fe]">&gt;&gt;</a>&nbsp;&nbsp;&nbsp;I2C_TransferConfig
</UL>
<BR>[Called By]<UL><LI><a href="#[fc]">&gt;&gt;</a>&nbsp;&nbsp;&nbsp;HAL_I2C_Mem_Read
</UL>

<P><STRONG><a name="[102]"></a>I2C_RequestMemoryWrite</STRONG> (Thumb, 130 bytes, Stack size 32 bytes, stm32f7xx_hal_i2c.o(i.I2C_RequestMemoryWrite))
<BR><BR>[Stack]<UL><LI>Max Depth = 64<LI>Call Chain = I2C_RequestMemoryWrite &rArr; I2C_WaitOnTXISFlagUntilTimeout &rArr; I2C_IsAcknowledgeFailed
</UL>
<BR>[Calls]<UL><LI><a href="#[103]">&gt;&gt;</a>&nbsp;&nbsp;&nbsp;I2C_WaitOnTXISFlagUntilTimeout
<LI><a href="#[ff]">&gt;&gt;</a>&nbsp;&nbsp;&nbsp;I2C_WaitOnFlagUntilTimeout
<LI><a href="#[fe]">&gt;&gt;</a>&nbsp;&nbsp;&nbsp;I2C_TransferConfig
</UL>
<BR>[Called By]<UL><LI><a href="#[101]">&gt;&gt;</a>&nbsp;&nbsp;&nbsp;HAL_I2C_Mem_Write
</UL>

<P><STRONG><a name="[fe]"></a>I2C_TransferConfig</STRONG> (Thumb, 42 bytes, Stack size 20 bytes, stm32f7xx_hal_i2c.o(i.I2C_TransferConfig))
<BR><BR>[Stack]<UL><LI>Max Depth = 20<LI>Call Chain = I2C_TransferConfig
</UL>
<BR>[Called By]<UL><LI><a href="#[102]">&gt;&gt;</a>&nbsp;&nbsp;&nbsp;I2C_RequestMemoryWrite
<LI><a href="#[fd]">&gt;&gt;</a>&nbsp;&nbsp;&nbsp;I2C_RequestMemoryRead
<LI><a href="#[101]">&gt;&gt;</a>&nbsp;&nbsp;&nbsp;HAL_I2C_Mem_Write
<LI><a href="#[fc]">&gt;&gt;</a>&nbsp;&nbsp;&nbsp;HAL_I2C_Mem_Read
</UL>

<P><STRONG><a name="[ff]"></a>I2C_WaitOnFlagUntilTimeout</STRONG> (Thumb, 164 bytes, Stack size 24 bytes, stm32f7xx_hal_i2c.o(i.I2C_WaitOnFlagUntilTimeout))
<BR><BR>[Stack]<UL><LI>Max Depth = 24<LI>Call Chain = I2C_WaitOnFlagUntilTimeout
</UL>
<BR>[Calls]<UL><LI><a href="#[f1]">&gt;&gt;</a>&nbsp;&nbsp;&nbsp;HAL_GetTick
</UL>
<BR>[Called By]<UL><LI><a href="#[102]">&gt;&gt;</a>&nbsp;&nbsp;&nbsp;I2C_RequestMemoryWrite
<LI><a href="#[fd]">&gt;&gt;</a>&nbsp;&nbsp;&nbsp;I2C_RequestMemoryRead
<LI><a href="#[101]">&gt;&gt;</a>&nbsp;&nbsp;&nbsp;HAL_I2C_Mem_Write
<LI><a href="#[fc]">&gt;&gt;</a>&nbsp;&nbsp;&nbsp;HAL_I2C_Mem_Read
</UL>

<P><STRONG><a name="[100]"></a>I2C_WaitOnSTOPFlagUntilTimeout</STRONG> (Thumb, 86 bytes, Stack size 16 bytes, stm32f7xx_hal_i2c.o(i.I2C_WaitOnSTOPFlagUntilTimeout))
<BR><BR>[Stack]<UL><LI>Max Depth = 32<LI>Call Chain = I2C_WaitOnSTOPFlagUntilTimeout &rArr; I2C_IsAcknowledgeFailed
</UL>
<BR>[Calls]<UL><LI><a href="#[f1]">&gt;&gt;</a>&nbsp;&nbsp;&nbsp;HAL_GetTick
<LI><a href="#[117]">&gt;&gt;</a>&nbsp;&nbsp;&nbsp;I2C_IsAcknowledgeFailed
</UL>
<BR>[Called By]<UL><LI><a href="#[101]">&gt;&gt;</a>&nbsp;&nbsp;&nbsp;HAL_I2C_Mem_Write
<LI><a href="#[fc]">&gt;&gt;</a>&nbsp;&nbsp;&nbsp;HAL_I2C_Mem_Read
</UL>

<P><STRONG><a name="[103]"></a>I2C_WaitOnTXISFlagUntilTimeout</STRONG> (Thumb, 88 bytes, Stack size 16 bytes, stm32f7xx_hal_i2c.o(i.I2C_WaitOnTXISFlagUntilTimeout))
<BR><BR>[Stack]<UL><LI>Max Depth = 32<LI>Call Chain = I2C_WaitOnTXISFlagUntilTimeout &rArr; I2C_IsAcknowledgeFailed
</UL>
<BR>[Calls]<UL><LI><a href="#[f1]">&gt;&gt;</a>&nbsp;&nbsp;&nbsp;HAL_GetTick
<LI><a href="#[117]">&gt;&gt;</a>&nbsp;&nbsp;&nbsp;I2C_IsAcknowledgeFailed
</UL>
<BR>[Called By]<UL><LI><a href="#[102]">&gt;&gt;</a>&nbsp;&nbsp;&nbsp;I2C_RequestMemoryWrite
<LI><a href="#[fd]">&gt;&gt;</a>&nbsp;&nbsp;&nbsp;I2C_RequestMemoryRead
<LI><a href="#[101]">&gt;&gt;</a>&nbsp;&nbsp;&nbsp;HAL_I2C_Mem_Write
</UL>

<P><STRONG><a name="[10b]"></a>LTDC_SetConfig</STRONG> (Thumb, 530 bytes, Stack size 20 bytes, stm32f7xx_hal_ltdc.o(i.LTDC_SetConfig))
<BR><BR>[Stack]<UL><LI>Max Depth = 20<LI>Call Chain = LTDC_SetConfig
</UL>
<BR>[Called By]<UL><LI><a href="#[f5]">&gt;&gt;</a>&nbsp;&nbsp;&nbsp;HAL_LTDC_ConfigLayer
</UL>

<P><STRONG><a name="[166]"></a>rt_id2obj</STRONG> (Thumb, 8 bytes, Stack size 0 bytes, rt_cmsis.o(i.rt_id2obj))
<BR><BR>[Called By]<UL><LI><a href="#[85]">&gt;&gt;</a>&nbsp;&nbsp;&nbsp;svcTimerCall
<LI><a href="#[80]">&gt;&gt;</a>&nbsp;&nbsp;&nbsp;svcSemaphoreWait
<LI><a href="#[7f]">&gt;&gt;</a>&nbsp;&nbsp;&nbsp;svcSemaphoreRelease
<LI><a href="#[165]">&gt;&gt;</a>&nbsp;&nbsp;&nbsp;isrSemaphoreRelease
</UL>

<P><STRONG><a name="[19b]"></a>rt_ms2tick</STRONG> (Thumb, 58 bytes, Stack size 0 bytes, rt_cmsis.o(i.rt_ms2tick))
<BR><BR>[Called By]<UL><LI><a href="#[80]">&gt;&gt;</a>&nbsp;&nbsp;&nbsp;svcSemaphoreWait
<LI><a href="#[7c]">&gt;&gt;</a>&nbsp;&nbsp;&nbsp;svcMessageGet
</UL>

<P><STRONG><a name="[1a0]"></a>rt_tid2ptcb</STRONG> (Thumb, 18 bytes, Stack size 0 bytes, rt_cmsis.o(i.rt_tid2ptcb))
<BR><BR>[Called By]<UL><LI><a href="#[83]">&gt;&gt;</a>&nbsp;&nbsp;&nbsp;svcThreadTerminate
</UL>

<P><STRONG><a name="[1a1]"></a>rt_timer_insert</STRONG> (Thumb, 48 bytes, Stack size 12 bytes, rt_cmsis.o(i.rt_timer_insert))
<BR><BR>[Stack]<UL><LI>Max Depth = 12<LI>Call Chain = rt_timer_insert
</UL>
<BR>[Called By]<UL><LI><a href="#[18e]">&gt;&gt;</a>&nbsp;&nbsp;&nbsp;sysTimerTick
</UL>

<P><STRONG><a name="[17b]"></a>rt_init_context</STRONG> (Thumb, 66 bytes, Stack size 16 bytes, rt_task.o(i.rt_init_context))
<BR><BR>[Stack]<UL><LI>Max Depth = 32<LI>Call Chain = rt_init_context &rArr; rt_init_stack
</UL>
<BR>[Calls]<UL><LI><a href="#[73]">&gt;&gt;</a>&nbsp;&nbsp;&nbsp;rt_alloc_box
<LI><a href="#[17c]">&gt;&gt;</a>&nbsp;&nbsp;&nbsp;rt_init_stack
</UL>
<BR>[Called By]<UL><LI><a href="#[18f]">&gt;&gt;</a>&nbsp;&nbsp;&nbsp;rt_tsk_create
<LI><a href="#[188]">&gt;&gt;</a>&nbsp;&nbsp;&nbsp;rt_sys_init
</UL>

<P><STRONG><a name="[184]"></a>rt_ret_regs</STRONG> (Thumb, 16 bytes, Stack size 0 bytes, hal_cm.o(i.rt_ret_regs))
<BR><BR>[Called By]<UL><LI><a href="#[17e]">&gt;&gt;</a>&nbsp;&nbsp;&nbsp;rt_ret_val
<LI><a href="#[17a]">&gt;&gt;</a>&nbsp;&nbsp;&nbsp;rt_ret_val2
</UL>

<P><STRONG><a name="[ca]"></a>Heap1_SizeAdjust</STRONG> (Thumb, 8 bytes, Stack size 0 bytes, h1_alloc_mt.o(.text))
<BR><BR>[Called By]<UL><LI><a href="#[c9]">&gt;&gt;</a>&nbsp;&nbsp;&nbsp;_malloc_internal
</UL>
<P>
<H3>
Undefined Global Symbols
</H3><HR></body></html>
