Component: ARM Compiler 5.06 update 1 (build 61) Tool: armlink [4d35a8]

==============================================================================

Section Cross References

    main.o(i.CPU_CACHE_Enable) refers to main.o(i.SCB_EnableDCache) for SCB_EnableDCache
    main.o(i.HAL_GetTick) refers to rt_time.o(.data) for os_time
    main.o(i.SystemClock_Config) refers to stm32f7xx_hal_rcc.o(i.HAL_RCC_OscConfig) for HAL_RCC_OscConfig
    main.o(i.SystemClock_Config) refers to stm32f7xx_hal_pwr_ex.o(i.HAL_PWREx_EnableOverDrive) for HAL_PWREx_EnableOverDrive
    main.o(i.SystemClock_Config) refers to stm32f7xx_hal_rcc.o(i.HAL_RCC_ClockConfig) for HAL_RCC_ClockConfig
    main.o(i.main) refers to main.o(i.CPU_CACHE_Enable) for CPU_CACHE_Enable
    main.o(i.main) refers to stm32f7xx_hal.o(i.HAL_Init) for HAL_Init
    main.o(i.main) refers to stm32746g_discovery_sdram.o(i.BSP_SDRAM_Init) for BSP_SDRAM_Init
    main.o(i.main) refers to main.o(i.SystemClock_Config) for SystemClock_Config
    main.o(i.main) refers to touch_746g_discovery.o(i.Touch_Initialize) for Touch_Initialize
    main.o(i.main) refers to glcd_746g_discovery.o(i.GLCD_Initialize) for GLCD_Initialize
    main.o(i.main) refers to gfx_mk.o(i.gfxInit) for gfxInit
    main.o(i.main) refers to gfx_mk.o(i.gdispGClear) for gdispGClear
    main.o(i.main) refers to setup.o(i.initialiseNewGame) for initialiseNewGame
    main.o(i.main) refers to rt_cmsis.o(i.osThreadCreate) for osThreadCreate
    main.o(i.main) refers to rt_cmsis.o(i.osDelay) for osDelay
    main.o(i.main) refers to gfx_mk.o(.data) for GDISP
    main.o(i.main) refers to main.o(.constdata) for os_thread_def_taskGLCD
    main.o(i.main) refers to main.o(.data) for tid_taskGLCD
    main.o(i.taskGLCD) refers to rt_cmsis.o(i.osMutexWait) for osMutexWait
    main.o(i.taskGLCD) refers to output.o(i.eraseBlock) for eraseBlock
    main.o(i.taskGLCD) refers to output.o(i.printTetrisBucket) for printTetrisBucket
    main.o(i.taskGLCD) refers to gameloop.o(i.checkForFullRows) for checkForFullRows
    main.o(i.taskGLCD) refers to gfx_mk.o(i.gdispGClear) for gdispGClear
    main.o(i.taskGLCD) refers to rt_cmsis.o(i.osMutexRelease) for osMutexRelease
    main.o(i.taskGLCD) refers to rt_cmsis.o(i.osDelay) for osDelay
    main.o(i.taskGLCD) refers to main.o(.data) for mut_GLCD
    main.o(i.taskGLCD) refers to gfx_mk.o(.data) for GDISP
    main.o(i.taskGameLogic) refers to block.o(i.attemptMove) for attemptMove
    main.o(i.taskGameLogic) refers to rt_cmsis.o(i.osDelay) for osDelay
    main.o(i.taskInput) refers to touch_746g_discovery.o(i.Touch_GetState) for Touch_GetState
    main.o(i.taskInput) refers to main.o(i.HAL_GetTick) for HAL_GetTick
    main.o(i.taskInput) refers to block.o(i.rotateBlock) for rotateBlock
    main.o(i.taskInput) refers to block.o(i.attemptMove) for attemptMove
    main.o(i.taskInput) refers to rt_cmsis.o(i.osDelay) for osDelay
    main.o(i.taskInput) refers to main.o(.data) for tsc_state
    main.o(.constdata) refers to main.o(.bss) for os_mutex_cb_mut_GLCD
    main.o(.constdata) refers to main.o(i.taskGLCD) for taskGLCD
    main.o(.constdata) refers to main.o(i.taskGameLogic) for taskGameLogic
    main.o(.constdata) refers to main.o(i.taskInput) for taskInput
    block.o(i.attemptMove) refers to rt_memcpy_w.o(.text) for __aeabi_memcpy4
    block.o(i.attemptMove) refers to block.o(i.checkForCollision) for checkForCollision
    block.o(i.attemptMove) refers to setup.o(i.setRandomBlockGraphic) for setRandomBlockGraphic
    block.o(i.attemptMove) refers to main.o(.data) for currentPiece
    block.o(i.attemptMove) refers to main.o(.bss) for bucket
    block.o(i.checkForCollision) refers to main.o(.bss) for bucket
    block.o(i.rotateBlock) refers to h1_alloc_mt.o(.text) for malloc
    block.o(i.rotateBlock) refers to block.o(i.checkForCollision) for checkForCollision
    block.o(i.rotateBlock) refers to main.o(.data) for currentPiece
    block.o(i.updateBlock) refers to block.o(i.checkForCollision) for checkForCollision
    block.o(i.updateBlock) refers to main.o(.data) for currentPiece
    gameloop.o(i.checkForFullRows) refers to main.o(.bss) for bucket
    setup.o(i.initialiseNewGame) refers to rand.o(.text) for srand
    setup.o(i.initialiseNewGame) refers to setup.o(i.makeBucket) for makeBucket
    setup.o(i.initialiseNewGame) refers to rt_memcpy_w.o(.text) for __aeabi_memcpy4
    setup.o(i.initialiseNewGame) refers to setup.o(i.makeBlock) for makeBlock
    setup.o(i.initialiseNewGame) refers to main.o(.bss) for bucket
    setup.o(i.initialiseNewGame) refers to main.o(.data) for currentPiece
    setup.o(i.makeBlock) refers to h1_alloc_mt.o(.text) for malloc
    setup.o(i.makeBlock) refers to exit.o(.text) for exit
    setup.o(i.makeBlock) refers to setup.o(i.setRandomBlockGraphic) for setRandomBlockGraphic
    setup.o(i.makeBucket) refers to calloc.o(.text) for calloc
    setup.o(i.makeBucket) refers to exit.o(.text) for exit
[...]
    rt_get_PSP                               0x0800029f   Thumb Code     6  hal_cm4.o(.emb_text)
    os_set_env                               0x080002a5   Thumb Code    24  hal_cm4.o(.emb_text)
    _alloc_box                               0x080002c1   Thumb Code    28  hal_cm4.o(.emb_text)
    _free_box                                0x080002e1   Thumb Code    28  hal_cm4.o(.emb_text)
    SVC_Handler                              0x08000301   Thumb Code   168  hal_cm4.o(.emb_text)
    PendSV_Handler                           0x080003b9   Thumb Code    96  hal_cm4.o(.emb_text)
    SysTick_Handler                          0x0800041d   Thumb Code     8  hal_cm4.o(.emb_text)
    OS_Tick_Handler                          0x08000425   Thumb Code    12  hal_cm4.o(.emb_text)
    rand                                     0x08000431   Thumb Code    48  rand.o(.emb_text)
    Reset_Handler                            0x08000465   Thumb Code     8  startup_stm32f746xx.o(.text)
    _maybe_terminate_alloc                   0x08000465   Thumb Code     0  maybetermalloc1.o(.emb_text)
    NMI_Handler                              0x0800046d   Thumb Code     2  startup_stm32f746xx.o(.text)
    HardFault_Handler                        0x0800046f   Thumb Code     2  startup_stm32f746xx.o(.text)
    MemManage_Handler                        0x08000471   Thumb Code     2  startup_stm32f746xx.o(.text)
    BusFault_Handler                         0x08000473   Thumb Code     2  startup_stm32f746xx.o(.text)
    UsageFault_Handler                       0x08000475   Thumb Code     2  startup_stm32f746xx.o(.text)
    DebugMon_Handler                         0x08000479   Thumb Code     2  startup_stm32f746xx.o(.text)
    ADC_IRQHandler                           0x0800047f   Thumb Code     0  startup_stm32f746xx.o(.text)
    CAN1_RX0_IRQHandler                      0x0800047f   Thumb Code     0  startup_stm32f746xx.o(.text)
    CAN1_RX1_IRQHandler                      0x0800047f   Thumb Code     0  startup_stm32f746xx.o(.text)
    CAN1_SCE_IRQHandler                      0x0800047f   Thumb Code     0  startup_stm32f746xx.o(.text)
    CAN1_TX_IRQHandler                       0x0800047f   Thumb Code     0  startup_stm32f746xx.o(.text)
    CAN2_RX0_IRQHandler                      0x0800047f   Thumb Code     0  startup_stm32f746xx.o(.text)
    CAN2_RX1_IRQHandler                      0x0800047f   Thumb Code     0  startup_stm32f746xx.o(.text)
    CAN2_SCE_IRQHandler                      0x0800047f   Thumb Code     0  startup_stm32f746xx.o(.text)
    CAN2_TX_IRQHandler                       0x0800047f   Thumb Code     0  startup_stm32f746xx.o(.text)
    CEC_IRQHandler                           0x0800047f   Thumb Code     0  startup_stm32f746xx.o(.text)
    DCMI_IRQHandler                          0x0800047f   Thumb Code     0  startup_stm32f746xx.o(.text)
    DMA1_Stream0_IRQHandler                  0x0800047f   Thumb Code     0  startup_stm32f746xx.o(.text)
    DMA1_Stream1_IRQHandler                  0x0800047f   Thumb Code     0  startup_stm32f746xx.o(.text)
    DMA1_Stream2_IRQHandler                  0x0800047f   Thumb Code     0  startup_stm32f746xx.o(.text)
    DMA1_Stream3_IRQHandler                  0x0800047f   Thumb Code     0  startup_stm32f746xx.o(.text)
    DMA1_Stream4_IRQHandler                  0x0800047f   Thumb Code     0  startup_stm32f746xx.o(.text)
    DMA1_Stream5_IRQHandler                  0x0800047f   Thumb Code     0  startup_stm32f746xx.o(.text)
    DMA1_Stream6_IRQHandler                  0x0800047f   Thumb Code     0  startup_stm32f746xx.o(.text)
    DMA1_Stream7_IRQHandler                  0x0800047f   Thumb Code     0  startup_stm32f746xx.o(.text)
    DMA2D_IRQHandler                         0x0800047f   Thumb Code     0  startup_stm32f746xx.o(.text)
    DMA2_Stream0_IRQHandler                  0x0800047f   Thumb Code     0  startup_stm32f746xx.o(.text)
    DMA2_Stream1_IRQHandler                  0x0800047f   Thumb Code     0  startup_stm32f746xx.o(.text)
    DMA2_Stream2_IRQHandler                  0x0800047f   Thumb Code     0  startup_stm32f746xx.o(.text)
    DMA2_Stream3_IRQHandler                  0x0800047f   Thumb Code     0  startup_stm32f746xx.o(.text)
    DMA2_Stream4_IRQHandler                  0x0800047f   Thumb Code     0  startup_stm32f746xx.o(.text)
    DMA2_Stream5_IRQHandler                  0x0800047f   Thumb Code     0  startup_stm32f746xx.o(.text)
    DMA2_Stream6_IRQHandler                  0x0800047f   Thumb Code     0  startup_stm32f746xx.o(.text)
    DMA2_Stream7_IRQHandler                  0x0800047f   Thumb Code     0  startup_stm32f746xx.o(.text)
    ETH_IRQHandler                           0x0800047f   Thumb Code     0  startup_stm32f746xx.o(.text)
    ETH_WKUP_IRQHandler                      0x0800047f   Thumb Code     0  startup_stm32f746xx.o(.text)
    EXTI0_IRQHandler                         0x0800047f   Thumb Code     0  startup_stm32f746xx.o(.text)
    EXTI15_10_IRQHandler                     0x0800047f   Thumb Code     0  startup_stm32f746xx.o(.text)
    EXTI1_IRQHandler                         0x0800047f   Thumb Code     0  startup_stm32f746xx.o(.text)
    EXTI2_IRQHandler                         0x0800047f   Thumb Code     0  startup_stm32f746xx.o(.text)
    EXTI3_IRQHandler                         0x0800047f   Thumb Code     0  startup_stm32f746xx.o(.text)
    EXTI4_IRQHandler                         0x0800047f   Thumb Code     0  startup_stm32f746xx.o(.text)
    EXTI9_5_IRQHandler                       0x0800047f   Thumb Code     0  startup_stm32f746xx.o(.text)
    FLASH_IRQHandler                         0x0800047f   Thumb Code     0  startup_stm32f746xx.o(.text)
    FMC_IRQHandler                           0x0800047f   Thumb Code     0  startup_stm32f746xx.o(.text)
    FPU_IRQHandler                           0x0800047f   Thumb Code     0  startup_stm32f746xx.o(.text)
    I2C1_ER_IRQHandler                       0x0800047f   Thumb Code     0  startup_stm32f746xx.o(.text)
    I2C1_EV_IRQHandler                       0x0800047f   Thumb Code     0  startup_stm32f746xx.o(.text)
    I2C2_ER_IRQHandler                       0x0800047f   Thumb Code     0  startup_stm32f746xx.o(.text)
    I2C2_EV_IRQHandler                       0x0800047f   Thumb Code     0  startup_stm32f746xx.o(.text)
    I2C3_ER_IRQHandler                       0x0800047f   Thumb Code     0  startup_stm32f746xx.o(.text)
    I2C3_EV_IRQHandler                       0x0800047f   Thumb Code     0  startup_stm32f746xx.o(.text)
    I2C4_ER_IRQHandler                       0x0800047f   Thumb Code     0  startup_stm32f746xx.o(.text)
    I2C4_EV_IRQHandler                       0x0800047f   Thumb Code     0  startup_stm32f746xx.o(.text)
    LPTIM1_IRQHandler                        0x0800047f   Thumb Code     0  startup_stm32f746xx.o(.text)
    LTDC_ER_IRQHandler                       0x0800047f   Thumb Code     0  startup_stm32f746xx.o(.text)
    LTDC_IRQHandler                          0x0800047f   Thumb Code     0  startup_stm32f746xx.o(.text)
    OTG_FS_IRQHandler                        0x0800047f   Thumb Code     0  startup_stm32f746xx.o(.text)
    OTG_FS_WKUP_IRQHandler                   0x0800047f   Thumb Code     0  startup_stm32f746xx.o(.text)
    OTG_HS_EP1_IN_IRQHandler                 0x0800047f   Thumb Code     0  startup_stm32f746xx.o(.text)
    OTG_HS_EP1_OUT_IRQHandler                0x0800047f   Thumb Code     0  startup_stm32f746xx.o(.text)
    OTG_HS_IRQHandler                        0x0800047f   Thumb Code     0  startup_stm32f746xx.o(.text)
    OTG_HS_WKUP_IRQHandler                   0x0800047f   Thumb Code     0  startup_stm32f746xx.o(.text)
    PVD_IRQHandler                           0x0800047f   Thumb Code     0  startup_stm32f746xx.o(.text)
    QUADSPI_IRQHandler                       0x0800047f   Thumb Code     0  startup_stm32f746xx.o(.text)
    RCC_IRQHandler                           0x0800047f   Thumb Code     0  startup_stm32f746xx.o(.text)
    RNG_IRQHandler                           0x0800047f   Thumb Code     0  startup_stm32f746xx.o(.text)
    RTC_Alarm_IRQHandler                     0x0800047f   Thumb Code     0  startup_stm32f746xx.o(.text)
    RTC_WKUP_IRQHandler                      0x0800047f   Thumb Code     0  startup_stm32f746xx.o(.text)
    SAI1_IRQHandler                          0x0800047f   Thumb Code     0  startup_stm32f746xx.o(.text)
    SAI2_IRQHandler                          0x0800047f   Thumb Code     0  startup_stm32f746xx.o(.text)
    SDMMC1_IRQHandler                        0x0800047f   Thumb Code     0  startup_stm32f746xx.o(.text)
    SPDIF_RX_IRQHandler                      0x0800047f   Thumb Code     0  startup_stm32f746xx.o(.text)
    SPI1_IRQHandler                          0x0800047f   Thumb Code     0  startup_stm32f746xx.o(.text)
    SPI2_IRQHandler                          0x0800047f   Thumb Code     0  startup_stm32f746xx.o(.text)
    SPI3_IRQHandler                          0x0800047f   Thumb Code     0  startup_stm32f746xx.o(.text)
    SPI4_IRQHandler                          0x0800047f   Thumb Code     0  startup_stm32f746xx.o(.text)
    SPI5_IRQHandler                          0x0800047f   Thumb Code     0  startup_stm32f746xx.o(.text)
    SPI6_IRQHandler                          0x0800047f   Thumb Code     0  startup_stm32f746xx.o(.text)
    TAMP_STAMP_IRQHandler                    0x0800047f   Thumb Code     0  startup_stm32f746xx.o(.text)
    TIM1_BRK_TIM9_IRQHandler                 0x0800047f   Thumb Code     0  startup_stm32f746xx.o(.text)
    TIM1_CC_IRQHandler                       0x0800047f   Thumb Code     0  startup_stm32f746xx.o(.text)
    TIM1_TRG_COM_TIM11_IRQHandler            0x0800047f   Thumb Code     0  startup_stm32f746xx.o(.text)
    TIM1_UP_TIM10_IRQHandler                 0x0800047f   Thumb Code     0  startup_stm32f746xx.o(.text)
    TIM2_IRQHandler                          0x0800047f   Thumb Code     0  startup_stm32f746xx.o(.text)
    TIM3_IRQHandler                          0x0800047f   Thumb Code     0  startup_stm32f746xx.o(.text)
    TIM4_IRQHandler                          0x0800047f   Thumb Code     0  startup_stm32f746xx.o(.text)
    TIM5_IRQHandler                          0x0800047f   Thumb Code     0  startup_stm32f746xx.o(.text)
    TIM6_DAC_IRQHandler                      0x0800047f   Thumb Code     0  startup_stm32f746xx.o(.text)
    TIM7_IRQHandler                          0x0800047f   Thumb Code     0  startup_stm32f746xx.o(.text)
    TIM8_BRK_TIM12_IRQHandler                0x0800047f   Thumb Code     0  startup_stm32f746xx.o(.text)
    TIM8_CC_IRQHandler                       0x0800047f   Thumb Code     0  startup_stm32f746xx.o(.text)
    TIM8_TRG_COM_TIM14_IRQHandler            0x0800047f   Thumb Code     0  startup_stm32f746xx.o(.text)
    TIM8_UP_TIM13_IRQHandler                 0x0800047f   Thumb Code     0  startup_stm32f746xx.o(.text)
    UART4_IRQHandler                         0x0800047f   Thumb Code     0  startup_stm32f746xx.o(.text)
    UART5_IRQHandler                         0x0800047f   Thumb Code     0  startup_stm32f746xx.o(.text)
    UART7_IRQHandler                         0x0800047f   Thumb Code     0  startup_stm32f746xx.o(.text)
    UART8_IRQHandler                         0x0800047f   Thumb Code     0  startup_stm32f746xx.o(.text)
    USART1_IRQHandler                        0x0800047f   Thumb Code     0  startup_stm32f746xx.o(.text)
    USART2_IRQHandler                        0x0800047f   Thumb Code     0  startup_stm32f746xx.o(.text)
    USART3_IRQHandler                        0x0800047f   Thumb Code     0  startup_stm32f746xx.o(.text)
    USART6_IRQHandler                        0x0800047f   Thumb Code     0  startup_stm32f746xx.o(.text)
    WWDG_IRQHandler                          0x0800047f   Thumb Code     0  startup_stm32f746xx.o(.text)
    __user_initial_stackheap                 0x08000481   Thumb Code     0  startup_stm32f746xx.o(.text)
    __user_libspace                          0x080004a5   Thumb Code     8  libspace.o(.text)
    __user_perproc_libspace                  0x080004a5   Thumb Code     0  libspace.o(.text)
    calloc                                   0x080004ad   Thumb Code    40  calloc.o(.text)
    _malloc_internal                         0x080004dd   Thumb Code   130  h1_alloc_mt.o(.text)
    malloc                                   0x0800055f   Thumb Code    20  h1_alloc_mt.o(.text)
    srand                                    0x08000575   Thumb Code    42  rand.o(.text)
    _rand_init                               0x0800059f   Thumb Code     4  rand.o(.text)
    exit                                     0x080005b1   Thumb Code    18  exit.o(.text)
    __aeabi_memcpy4                          0x080005c3   Thumb Code     0  rt_memcpy_w.o(.text)
    __aeabi_memcpy8                          0x080005c3   Thumb Code     0  rt_memcpy_w.o(.text)
    __rt_memcpy_w                            0x080005c3   Thumb Code   100  rt_memcpy_w.o(.text)
    _memcpy_lastbytes_aligned                0x0800060b   Thumb Code     0  rt_memcpy_w.o(.text)
    __aeabi_memclr4                          0x08000627   Thumb Code     0  rt_memclr_w.o(.text)
    __aeabi_memclr8                          0x08000627   Thumb Code     0  rt_memclr_w.o(.text)
    __rt_memclr_w                            0x08000627   Thumb Code    78  rt_memclr_w.o(.text)
    _memset_w                                0x0800062b   Thumb Code     0  rt_memclr_w.o(.text)
    __use_two_region_memory                  0x08000675   Thumb Code     2  heapauxi.o(.text)
    __rt_heap_escrow                         0x08000677   Thumb Code     2  heapauxi.o(.text)
    __rt_heap_expand                         0x08000679   Thumb Code     2  heapauxi.o(.text)
    __rt_heap_descriptor                     0x0800067b   Thumb Code    10  rt_heap_descriptor_twolibspace.o(.text)
    __use_no_heap                            0x08000685   Thumb Code     2  hguard.o(.text)
    __heap$guard                             0x08000687   Thumb Code     2  hguard.o(.text)
    _terminate_user_alloc                    0x08000689   Thumb Code     2  init_alloc.o(.text)
    _init_user_alloc                         0x0800068b   Thumb Code     2  init_alloc.o(.text)
    __Heap_Full                              0x0800068d   Thumb Code    34  init_alloc.o(.text)
    __Heap_Broken                            0x080006af   Thumb Code     6  init_alloc.o(.text)
    _init_alloc                              0x080006b5   Thumb Code    94  init_alloc.o(.text)
    __Heap_Initialize                        0x08000713   Thumb Code    14  h1_init_mt.o(.text)
    __Heap_DescSize                          0x08000721   Thumb Code     4  h1_init_mt.o(.text)
    _free_internal                           0x08000725   Thumb Code    98  h1_free_mt.o(.text)
    free                                     0x08000787   Thumb Code    20  h1_free_mt.o(.text)
    __aeabi_memclr                           0x0800079b   Thumb Code     0  rt_memclr.o(.text)
    __rt_memclr                              0x0800079b   Thumb Code    68  rt_memclr.o(.text)
    _memset                                  0x0800079f   Thumb Code     0  rt_memclr.o(.text)
    __Heap_ProvideMemory                     0x080007df   Thumb Code    62  h1_extend_mt.o(.text)
    __rt_SIGRTMEM                            0x0800081d   Thumb Code    14  defsig_rtmem_outer.o(.text)
    _sys_exit                                0x0800082d   Thumb Code     8  sys_exit.o(.text)
    __I$use$semihosting                      0x08000839   Thumb Code     0  use_no_semi.o(.text)
    __use_no_semihosting_swi                 0x08000839   Thumb Code     2  use_no_semi.o(.text)
    __semihosting_library_function           0x0800083b   Thumb Code     0  indicate_semi.o(.text)
    __user_setup_stackheap                   0x0800083b   Thumb Code    74  sys_stackheap_outer.o(.text)
    __sig_exit                               0x08000885   Thumb Code    10  defsig_exit.o(.text)
    __rt_SIGRTMEM_inner                      0x08000891   Thumb Code    22  defsig_rtmem_inner.o(.text)
    __default_signal_display                 0x080008e1   Thumb Code    50  defsig_general.o(.text)
    _ttywrch                                 0x08000913   Thumb Code    14  sys_wrch.o(.text)
    SVC_Count                                0x08000920   Data           4  svc_table.o(SVC_TABLE)
    BSP_SDRAM_Init                           0x08000925   Thumb Code   122  stm32746g_discovery_sdram.o(i.BSP_SDRAM_Init)
    SVC_Table                                0x08000924   Data           0  svc_table.o(SVC_TABLE)
    BSP_SDRAM_Initialization_sequence        0x080009b1   Thumb Code   142  stm32746g_discovery_sdram.o(i.BSP_SDRAM_Initialization_sequence)
    BSP_SDRAM_MspInit                        0x08000a49   Thumb Code   450  stm32746g_discovery_sdram.o(i.BSP_SDRAM_MspInit)
    BSP_TS_GetState                          0x08000c31   Thumb Code   526  stm32746g_discovery_ts.o(i.BSP_TS_GetState)
    BSP_TS_Get_GestureId                     0x08000e5d   Thumb Code   106  stm32746g_discovery_ts.o(i.BSP_TS_Get_GestureId)
    BSP_TS_Init                              0x08000ecd   Thumb Code    74  stm32746g_discovery_ts.o(i.BSP_TS_Init)
    FMC_SDRAM_Init                           0x08000fcd   Thumb Code   116  stm32f7xx_ll_fmc.o(i.FMC_SDRAM_Init)
    FMC_SDRAM_ProgramRefreshRate             0x08001041   Thumb Code    14  stm32f7xx_ll_fmc.o(i.FMC_SDRAM_ProgramRefreshRate)
    FMC_SDRAM_SendCommand                    0x0800104f   Thumb Code    82  stm32f7xx_ll_fmc.o(i.FMC_SDRAM_SendCommand)
    FMC_SDRAM_Timing_Init                    0x080010a1   Thumb Code   152  stm32f7xx_ll_fmc.o(i.FMC_SDRAM_Timing_Init)
    GLCD_Initialize                          0x08001139   Thumb Code   526  glcd_746g_discovery.o(i.GLCD_Initialize)
    HAL_DMA_DeInit                           0x08001369   Thumb Code   100  stm32f7xx_hal_dma.o(i.HAL_DMA_DeInit)
    HAL_DMA_Init                             0x080013cd   Thumb Code   128  stm32f7xx_hal_dma.o(i.HAL_DMA_Init)
    HAL_Delay                                0x08001451   Thumb Code    26  stm32f7xx_hal.o(i.HAL_Delay)
    HAL_GPIO_Init                            0x0800146d   Thumb Code   488  stm32f7xx_hal_gpio.o(i.HAL_GPIO_Init)
    HAL_GPIO_WritePin                        0x08001689   Thumb Code    12  stm32f7xx_hal_gpio.o(i.HAL_GPIO_WritePin)
    HAL_GetTick                              0x08001695   Thumb Code     6  main.o(i.HAL_GetTick)
    HAL_I2C_DeInit                           0x080016a1   Thumb Code    54  stm32f7xx_hal_i2c.o(i.HAL_I2C_DeInit)
    HAL_I2C_GetState                         0x080016d7   Thumb Code     8  stm32f7xx_hal_i2c.o(i.HAL_I2C_GetState)
    HAL_I2C_Init                             0x080016e1   Thumb Code   176  stm32f7xx_hal_i2c.o(i.HAL_I2C_Init)
    HAL_I2C_Mem_Read                         0x08001795   Thumb Code   368  stm32f7xx_hal_i2c.o(i.HAL_I2C_Mem_Read)
    HAL_I2C_Mem_Write                        0x08001909   Thumb Code   370  stm32f7xx_hal_i2c.o(i.HAL_I2C_Mem_Write)
    HAL_I2C_MspDeInit                        0x08001a81   Thumb Code     2  stm32f7xx_hal_i2c.o(i.HAL_I2C_MspDeInit)
    HAL_I2C_MspInit                          0x08001a83   Thumb Code     2  stm32f7xx_hal_i2c.o(i.HAL_I2C_MspInit)
    HAL_Init                                 0x08001a85   Thumb Code    34  stm32f7xx_hal.o(i.HAL_Init)
    HAL_InitTick                             0x08001aad   Thumb Code    36  stm32f7xx_hal.o(i.HAL_InitTick)
    HAL_LTDC_ConfigLayer                     0x08001ad1   Thumb Code    94  stm32f7xx_hal_ltdc.o(i.HAL_LTDC_ConfigLayer)
    HAL_LTDC_Init                            0x08001b31   Thumb Code   290  stm32f7xx_hal_ltdc.o(i.HAL_LTDC_Init)
    HAL_LTDC_MspInit                         0x08001c59   Thumb Code     2  stm32f7xx_hal_ltdc.o(i.HAL_LTDC_MspInit)
    HAL_MspInit                              0x08001c5b   Thumb Code     2  stm32f7xx_hal.o(i.HAL_MspInit)
    HAL_NVIC_EnableIRQ                       0x08001c5d   Thumb Code    26  stm32f7xx_hal_cortex.o(i.HAL_NVIC_EnableIRQ)
    HAL_NVIC_SetPriority                     0x08001c77   Thumb Code   124  stm32f7xx_hal_cortex.o(i.HAL_NVIC_SetPriority)
    HAL_NVIC_SetPriorityGrouping             0x08001cf5   Thumb Code    32  stm32f7xx_hal_cortex.o(i.HAL_NVIC_SetPriorityGrouping)
    HAL_PWREx_EnableOverDrive                0x08001d1d   Thumb Code   140  stm32f7xx_hal_pwr_ex.o(i.HAL_PWREx_EnableOverDrive)
    HAL_RCCEx_PeriphCLKConfig                0x08001db1   Thumb Code  2322  stm32f7xx_hal_rcc_ex.o(i.HAL_RCCEx_PeriphCLKConfig)
    HAL_RCC_ClockConfig                      0x080026c9   Thumb Code   608  stm32f7xx_hal_rcc.o(i.HAL_RCC_ClockConfig)
    HAL_RCC_GetHCLKFreq                      0x08002931   Thumb Code    42  stm32f7xx_hal_rcc.o(i.HAL_RCC_GetHCLKFreq)
    HAL_RCC_GetSysClockFreq                  0x08002969   Thumb Code   168  stm32f7xx_hal_rcc.o(i.HAL_RCC_GetSysClockFreq)
    HAL_RCC_OscConfig                        0x08002a1d   Thumb Code  1360  stm32f7xx_hal_rcc.o(i.HAL_RCC_OscConfig)
    HAL_SDRAM_Init                           0x08002f71   Thumb Code    64  stm32f7xx_hal_sdram.o(i.HAL_SDRAM_Init)
    HAL_SDRAM_MspInit                        0x08002fb1   Thumb Code     2  stm32f7xx_hal_sdram.o(i.HAL_SDRAM_MspInit)
    HAL_SDRAM_ProgramRefreshRate             0x08002fb3   Thumb Code    40  stm32f7xx_hal_sdram.o(i.HAL_SDRAM_ProgramRefreshRate)
    HAL_SDRAM_SendCommand                    0x08002fdb   Thumb Code    58  stm32f7xx_hal_sdram.o(i.HAL_SDRAM_SendCommand)
    HAL_SYSTICK_Config                       0x08003015   Thumb Code    52  stm32f7xx_hal_cortex.o(i.HAL_SYSTICK_Config)
    SystemInit                               0x080038f1   Thumb Code    82  system_stm32f7xx.o(i.SystemInit)
    TS_IO_Delay                              0x08003955   Thumb Code    12  stm32746g_discovery.o(i.TS_IO_Delay)
    TS_IO_Init                               0x08003961   Thumb Code    10  stm32746g_discovery.o(i.TS_IO_Init)
    TS_IO_Read                               0x08003971   Thumb Code    36  stm32746g_discovery.o(i.TS_IO_Read)
    TS_IO_Write                              0x08003999   Thumb Code    32  stm32746g_discovery.o(i.TS_IO_Write)
    Touch_GetState                           0x080039bd   Thumb Code    60  touch_746g_discovery.o(i.Touch_GetState)
    Touch_Initialize                         0x080039f9   Thumb Code    28  touch_746g_discovery.o(i.Touch_Initialize)
    _gdispDeInitDriver                       0x08003d45   Thumb Code    26  gfx_mk.o(i._gdispDeInitDriver)
    _gdispInit                               0x08003d65   Thumb Code    22  gfx_mk.o(i._gdispInit)
    _gdispInitDriver                         0x08003d81   Thumb Code    36  gfx_mk.o(i._gdispInitDriver)
    _gdispPostInitDriver                     0x08003da5   Thumb Code    44  gfx_mk.o(i._gdispPostInitDriver)
    _gdriverInit                             0x08003dd5   Thumb Code     2  gfx_mk.o(i._gdriverInit)
    _gosHeapInit                             0x08003dd9   Thumb Code    20  gfx_mk.o(i._gosHeapInit)
    _gosInit                                 0x08003df5   Thumb Code    22  gfx_mk.o(i._gosInit)
    _gqueueInit                              0x08003e0b   Thumb Code     2  gfx_mk.o(i._gqueueInit)
    _gtimerInit                              0x08003e0d   Thumb Code    48  gfx_mk.o(i._gtimerInit)
    _gwinFlushRedraws                        0x08003e51   Thumb Code   318  gfx_mk.o(i._gwinFlushRedraws)
    _gwinInit                                0x08003f9d   Thumb Code     8  gfx_mk.o(i._gwinInit)
    _gwinUpdate                              0x08003fa5   Thumb Code    44  gfx_mk.o(i._gwinUpdate)
    _gwmInit                                 0x08003fd5   Thumb Code    40  gfx_mk.o(i._gwmInit)
    _init_box                                0x08004011   Thumb Code    70  rt_membox.o(i._init_box)
    _mutex_acquire                           0x080042ad   Thumb Code    22  rtx_conf_cm.o(i._mutex_acquire)
    _mutex_initialize                        0x080042cd   Thumb Code    34  rtx_conf_cm.o(i._mutex_initialize)
    _mutex_release                           0x080042f9   Thumb Code    18  rtx_conf_cm.o(i._mutex_release)
    attemptMove                              0x08004315   Thumb Code   202  block.o(i.attemptMove)
    checkForCollision                        0x080043e9   Thumb Code   100  block.o(i.checkForCollision)
    checkForFullRows                         0x08004451   Thumb Code   108  gameloop.o(i.checkForFullRows)
    dbg_init                                 0x08004b0d   Thumb Code    34  hal_cm.o(i.dbg_init)
    dbg_task_notify                          0x08004b3d   Thumb Code    32  hal_cm.o(i.dbg_task_notify)
    dbg_task_switch                          0x08004b5d   Thumb Code    16  hal_cm.o(i.dbg_task_switch)
    eraseBlock                               0x08004b8d   Thumb Code   116  output.o(i.eraseBlock)
    ft5336_Init                              0x08004c3d   Thumb Code    16  ft5336.o(i.ft5336_Init)
    ft5336_ReadID                            0x08004c4d   Thumb Code    58  ft5336.o(i.ft5336_ReadID)
    ft5336_Reset                             0x08004c87   Thumb Code     2  ft5336.o(i.ft5336_Reset)
    ft5336_TS_ClearIT                        0x08004c89   Thumb Code     2  ft5336.o(i.ft5336_TS_ClearIT)
    ft5336_TS_DetectTouch                    0x08004c91   Thumb Code    58  ft5336.o(i.ft5336_TS_DetectTouch)
    ft5336_TS_DisableIT                      0x08004cd1   Thumb Code    20  ft5336.o(i.ft5336_TS_DisableIT)
    ft5336_TS_EnableIT                       0x08004ce5   Thumb Code    20  ft5336.o(i.ft5336_TS_EnableIT)
    ft5336_TS_GetGestureID                   0x08004cf9   Thumb Code    28  ft5336.o(i.ft5336_TS_GetGestureID)
    ft5336_TS_GetTouchInfo                   0x08004d15   Thumb Code   258  ft5336.o(i.ft5336_TS_GetTouchInfo)
    ft5336_TS_GetXY                          0x08004e1d   Thumb Code   346  ft5336.o(i.ft5336_TS_GetXY)
    ft5336_TS_ITStatus                       0x08004f81   Thumb Code     6  ft5336.o(i.ft5336_TS_ITStatus)
    ft5336_TS_Start                          0x08004f87   Thumb Code    22  ft5336.o(i.ft5336_TS_Start)
    gdispGClear                              0x08004f9d   Thumb Code    30  gfx_mk.o(i.gdispGClear)
    gdispGFillArea                           0x08004fbb   Thumb Code   178  gfx_mk.o(i.gdispGFillArea)
    gdispGGetHeight                          0x0800506d   Thumb Code     8  gfx_mk.o(i.gdispGGetHeight)
    gdispGGetWidth                           0x08005075   Thumb Code     8  gfx_mk.o(i.gdispGGetWidth)
    gdispGSetClip                            0x0800507d   Thumb Code   108  gfx_mk.o(i.gdispGSetClip)
    gdisp_lld_blit_area                      0x080050e9   Thumb Code   114  gdisp_lld_stm32ltdc.o(i.gdisp_lld_blit_area)
    gdisp_lld_draw_pixel                     0x08005165   Thumb Code    72  gdisp_lld_stm32ltdc.o(i.gdisp_lld_draw_pixel)
    gdisp_lld_fill_area                      0x080051b5   Thumb Code   112  gdisp_lld_stm32ltdc.o(i.gdisp_lld_fill_area)
    gdisp_lld_get_pixel_color                0x08005231   Thumb Code    68  gdisp_lld_stm32ltdc.o(i.gdisp_lld_get_pixel_color)
    gdisp_lld_init                           0x0800527d   Thumb Code   172  gdisp_lld_stm32ltdc.o(i.gdisp_lld_init)
    gdriverGetInstance                       0x0800533d   Thumb Code    42  gfx_mk.o(i.gdriverGetInstance)
    gdriverRegister                          0x0800536d   Thumb Code   138  gfx_mk.o(i.gdriverRegister)
    gfxAddHeapBlock                          0x08005401   Thumb Code    58  gfx_mk.o(i.gfxAddHeapBlock)
    gfxAlloc                                 0x08005449   Thumb Code   112  gfx_mk.o(i.gfxAlloc)
    gfxFree                                  0x080054c1   Thumb Code   100  gfx_mk.o(i.gfxFree)
    gfxInit                                  0x0800552d   Thumb Code    44  gfx_mk.o(i.gfxInit)
    gfxMutexInit                             0x0800555d   Thumb Code    16  gfx_mk.o(i.gfxMutexInit)
    gfxQueueASyncInit                        0x0800556d   Thumb Code     8  gfx_mk.o(i.gfxQueueASyncInit)
    gfxQueueASyncPut                         0x08005575   Thumb Code    24  gfx_mk.o(i.gfxQueueASyncPut)
    gfxQueueASyncPutI                        0x0800558d   Thumb Code    28  gfx_mk.o(i.gfxQueueASyncPutI)
    gfxQueueASyncRemove                      0x080055a9   Thumb Code    24  gfx_mk.o(i.gfxQueueASyncRemove)
    gfxQueueASyncRemoveI                     0x080055c1   Thumb Code    66  gfx_mk.o(i.gfxQueueASyncRemoveI)
    gfxSemInit                               0x08005603   Thumb Code    32  gfx_mk.o(i.gfxSemInit)
    gfxSemSignal                             0x08005623   Thumb Code    12  gfx_mk.o(i.gfxSemSignal)
    gfxSemSignalI                            0x0800562f   Thumb Code    22  gfx_mk.o(i.gfxSemSignalI)
    gfxSemWait                               0x08005645   Thumb Code    32  gfx_mk.o(i.gfxSemWait)
    gtimerInit                               0x08005665   Thumb Code     6  gfx_mk.o(i.gtimerInit)
    gwinGetDefaultBgColor                    0x0800566d   Thumb Code     6  gfx_mk.o(i.gwinGetDefaultBgColor)
    gwinGetNextWindow                        0x08005679   Thumb Code    14  gfx_mk.o(i.gwinGetNextWindow)
    gwinSetVisible                           0x0800568d   Thumb Code    88  gfx_mk.o(i.gwinSetVisible)
    initialiseNewGame                        0x080056e9   Thumb Code    46  setup.o(i.initialiseNewGame)
    isrMessageGet                            0x08005721   Thumb Code    42  rt_cmsis.o(i.isrMessageGet)
    isrMessagePut                            0x0800574b   Thumb Code    44  rt_cmsis.o(i.isrMessagePut)
    isrSemaphoreRelease                      0x08005777   Thumb Code    40  rt_cmsis.o(i.isrSemaphoreRelease)
    isr_mbx_receive                          0x080057a1   Thumb Code    82  rt_mailbox.o(i.isr_mbx_receive)
    isr_mbx_send                             0x080057f3   Thumb Code    14  rt_mailbox.o(i.isr_mbx_send)
    isr_sem_send                             0x08005801   Thumb Code    16  rt_semaphore.o(i.isr_sem_send)
    main                                     0x08005811   Thumb Code   106  main.o(i.main)
    makeBlock                                0x08005899   Thumb Code    40  setup.o(i.makeBlock)
    makeBucket                               0x080058c1   Thumb Code   128  setup.o(i.makeBucket)
    osDelay                                  0x08005941   Thumb Code    18  rt_cmsis.o(i.osDelay)
    osKernelInitialize                       0x08005959   Thumb Code    30  rt_cmsis.o(i.osKernelInitialize)
    osKernelRunning                          0x0800597d   Thumb Code    28  rt_cmsis.o(i.osKernelRunning)
    osKernelStart                            0x080059a1   Thumb Code    98  rt_cmsis.o(i.osKernelStart)
    osMessageGet                             0x08005a0d   Thumb Code    18  rt_cmsis.o(i.osMessageGet)
    osMutexCreate                            0x08005a25   Thumb Code    38  rt_cmsis.o(i.osMutexCreate)
    osMutexRelease                           0x08005a55   Thumb Code    18  rt_cmsis.o(i.osMutexRelease)
    osMutexWait                              0x08005a6d   Thumb Code    18  rt_cmsis.o(i.osMutexWait)
    osSemaphoreCreate                        0x08005a85   Thumb Code    38  rt_cmsis.o(i.osSemaphoreCreate)
    osSemaphoreRelease                       0x08005ab5   Thumb Code    18  rt_cmsis.o(i.osSemaphoreRelease)
    osSemaphoreWait                          0x08005acd   Thumb Code    20  rt_cmsis.o(i.osSemaphoreWait)
    osThreadCreate                           0x08005ae5   Thumb Code    38  rt_cmsis.o(i.osThreadCreate)
    osThreadExit                             0x08005b15   Thumb Code    14  rt_cmsis.o(i.osThreadExit)
    osThreadYield                            0x08005b2d   Thumb Code    18  rt_cmsis.o(i.osThreadYield)
    osTimerCall                              0x08005b45   Thumb Code     8  rt_cmsis.o(i.osTimerCall)
    osTimerThread                            0x08005b51   Thumb Code    38  rt_cmsis.o(i.osTimerThread)
    os_error                                 0x08005b7d   Thumb Code    34  rtx_conf_cm.o(i.os_error)
    os_idle_demon                            0x08005b9f   Thumb Code     4  rtx_conf_cm.o(i.os_idle_demon)
    os_tick_init                             0x08005ba5   Thumb Code    32  rt_system.o(i.os_tick_init)
    os_tick_irqack                           0x08005bcd   Thumb Code     2  rt_system.o(i.os_tick_irqack)
    printTetrisBucket                        0x08005bd1   Thumb Code   516  output.o(i.printTetrisBucket)
    rotateBlock                              0x08005df1   Thumb Code   170  block.o(i.rotateBlock)
    rt_alloc_box                             0x08005ea1   Thumb Code    26  rt_membox.o(i.rt_alloc_box)
    rt_alloc_mem                             0x08005ebb   Thumb Code    62  rt_memory.o(i.rt_alloc_mem)
    rt_block                                 0x08005ef9   Thumb Code    48  rt_task.o(i.rt_block)
    rt_chk_robin                             0x08005f31   Thumb Code    60  rt_robin.o(i.rt_chk_robin)
    rt_dec_dly                               0x08005f79   Thumb Code   102  rt_list.o(i.rt_dec_dly)
    rt_dispatch                              0x08005fe9   Thumb Code    60  rt_task.o(i.rt_dispatch)
    rt_dly_wait                              0x0800602d   Thumb Code     6  rt_time.o(i.rt_dly_wait)
    rt_evt_psh                               0x08006035   Thumb Code    76  rt_event.o(i.rt_evt_psh)
    rt_free_box                              0x08006085   Thumb Code    44  rt_membox.o(i.rt_free_box)
    rt_free_mem                              0x080060b1   Thumb Code    40  rt_memory.o(i.rt_free_mem)
    rt_get_first                             0x080060d9   Thumb Code    40  rt_list.o(i.rt_get_first)
    rt_get_same_rdy_prio                     0x08006101   Thumb Code    26  rt_list.o(i.rt_get_same_rdy_prio)
    rt_init_mem                              0x08006175   Thumb Code    26  rt_memory.o(i.rt_init_mem)
    rt_init_robin                            0x08006191   Thumb Code    14  rt_robin.o(i.rt_init_robin)
    rt_init_stack                            0x080061a9   Thumb Code   118  hal_cm.o(i.rt_init_stack)
    rt_mbx_check                             0x08006229   Thumb Code     8  rt_mailbox.o(i.rt_mbx_check)
    rt_mbx_init                              0x08006231   Thumb Code    26  rt_mailbox.o(i.rt_mbx_init)
    rt_mbx_psh                               0x0800624d   Thumb Code   236  rt_mailbox.o(i.rt_mbx_psh)
    rt_mbx_wait                              0x0800633d   Thumb Code   174  rt_mailbox.o(i.rt_mbx_wait)
    rt_mut_init                              0x08006435   Thumb Code    16  rt_mutex.o(i.rt_mut_init)
    rt_mut_release                           0x08006445   Thumb Code   208  rt_mutex.o(i.rt_mut_release)
    rt_mut_wait                              0x0800651d   Thumb Code   100  rt_mutex.o(i.rt_mut_wait)
    rt_pop_req                               0x08006585   Thumb Code   112  rt_system.o(i.rt_pop_req)
    rt_psh_req                               0x08006601   Thumb Code    22  rt_system.o(i.rt_psh_req)
    rt_psq_enq                               0x08006621   Thumb Code    88  rt_list.o(i.rt_psq_enq)
    rt_put_dly                               0x0800667d   Thumb Code    68  rt_list.o(i.rt_put_dly)
    rt_put_prio                              0x080066c5   Thumb Code    54  rt_list.o(i.rt_put_prio)
    rt_put_rdy_first                         0x080066fd   Thumb Code    14  rt_list.o(i.rt_put_rdy_first)
    rt_resort_prio                           0x08006711   Thumb Code    46  rt_list.o(i.rt_resort_prio)
    rt_ret_val                               0x08006755   Thumb Code    12  hal_cm.o(i.rt_ret_val)
    rt_ret_val2                              0x08006761   Thumb Code    16  hal_cm.o(i.rt_ret_val2)
    rt_rmv_dly                               0x08006771   Thumb Code    40  rt_list.o(i.rt_rmv_dly)
    rt_rmv_list                              0x08006799   Thumb Code    44  rt_list.o(i.rt_rmv_list)
    rt_sem_init                              0x080067c9   Thumb Code    12  rt_semaphore.o(i.rt_sem_init)
    rt_sem_psh                               0x080067d5   Thumb Code    48  rt_semaphore.o(i.rt_sem_psh)
    rt_sem_send                              0x08006809   Thumb Code    42  rt_semaphore.o(i.rt_sem_send)
    rt_sem_wait                              0x08006835   Thumb Code    58  rt_semaphore.o(i.rt_sem_wait)
    rt_stk_check                             0x08006875   Thumb Code    28  rt_system.o(i.rt_stk_check)
    rt_switch_req                            0x08006899   Thumb Code    30  rt_task.o(i.rt_switch_req)
    rt_sys_init                              0x080068c1   Thumb Code   138  rt_task.o(i.rt_sys_init)
    rt_sys_start                             0x0800698d   Thumb Code   110  rt_task.o(i.rt_sys_start)
    rt_systick                               0x08006a05   Thumb Code    50  rt_system.o(i.rt_systick)
    rt_tsk_create                            0x08006a8d   Thumb Code   118  rt_task.o(i.rt_tsk_create)
    rt_tsk_delete                            0x08006b15   Thumb Code   352  rt_task.o(i.rt_tsk_delete)
    rt_tsk_pass                              0x08006c91   Thumb Code    38  rt_task.o(i.rt_tsk_pass)
    rt_tsk_prio                              0x08006cc1   Thumb Code   108  rt_task.o(i.rt_tsk_prio)
    rt_tsk_self                              0x08006d3d   Thumb Code    12  rt_task.o(i.rt_tsk_self)
    setBlockGraphic                          0x08006d4d   Thumb Code    60  setup.o(i.setBlockGraphic)
    setRandomBlockGraphic                    0x08006d89   Thumb Code   264  setup.o(i.setRandomBlockGraphic)
    svcDelay                                 0x08006e91   Thumb Code    18  rt_cmsis.o(i.svcDelay)
    svcKernelInitialize                      0x08006ea5   Thumb Code    80  rt_cmsis.o(i.svcKernelInitialize)
    svcKernelRunning                         0x08006f15   Thumb Code     6  rt_cmsis.o(i.svcKernelRunning)
    svcKernelStart                           0x08006f21   Thumb Code    62  rt_cmsis.o(i.svcKernelStart)
    svcMessageCreate                         0x08006f69   Thumb Code    36  rt_cmsis.o(i.svcMessageCreate)
    svcMessageGet                            0x08006f8d   Thumb Code    58  rt_cmsis.o(i.svcMessageGet)
    svcMutexCreate                           0x08006fc7   Thumb Code    28  rt_cmsis.o(i.svcMutexCreate)
    svcMutexRelease                          0x08006fe3   Thumb Code    34  rt_cmsis.o(i.svcMutexRelease)
    svcMutexWait                             0x08007005   Thumb Code    54  rt_cmsis.o(i.svcMutexWait)
    svcSemaphoreCreate                       0x0800703b   Thumb Code    36  rt_cmsis.o(i.svcSemaphoreCreate)
    svcSemaphoreRelease                      0x0800705f   Thumb Code    40  rt_cmsis.o(i.svcSemaphoreRelease)
    svcSemaphoreWait                         0x08007087   Thumb Code    50  rt_cmsis.o(i.svcSemaphoreWait)
    svcThreadCreate                          0x080070b9   Thumb Code   100  rt_cmsis.o(i.svcThreadCreate)
    svcThreadGetId                           0x08007129   Thumb Code    22  rt_cmsis.o(i.svcThreadGetId)
    svcThreadTerminate                       0x08007145   Thumb Code    50  rt_cmsis.o(i.svcThreadTerminate)
    svcThreadYield                           0x0800717d   Thumb Code    10  rt_cmsis.o(i.svcThreadYield)
    svcTimerCall                             0x08007187   Thumb Code    24  rt_cmsis.o(i.svcTimerCall)
    sysTimerTick                             0x080071a1   Thumb Code    84  rt_cmsis.o(i.sysTimerTick)
    taskGLCD                                 0x080071fd   Thumb Code    60  main.o(i.taskGLCD)
    taskGameLogic                            0x08007241   Thumb Code    18  main.o(i.taskGameLogic)
    taskInput                                0x08007255   Thumb Code   148  main.o(i.taskInput)
    _fp_init                                 0x080072f1   Thumb Code    10  fpinit.o(x$fpl$fpinit)
    __fplib_config_fpu_vfp                   0x080072f9   Thumb Code     0  fpinit.o(x$fpl$fpinit)
    __fplib_config_pureend_doubles           0x080072f9   Thumb Code     0  fpinit.o(x$fpl$fpinit)
    os_mutex_def_mut_GLCD                    0x080072fc   Data           4  main.o(.constdata)
    os_thread_def_taskGLCD                   0x08007300   Data          16  main.o(.constdata)
    os_thread_def_taskGameLogic              0x08007310   Data          16  main.o(.constdata)
    os_thread_def_taskInput                  0x08007320   Data          16  main.o(.constdata)
    BLOCK_SIZE                               0x08007330   Data           4  main.o(.constdata)
    tetrisShapeColors                        0x08007334   Data          28  output.o(.constdata)
    GNullWindowManager                       0x08007388   Data           4  gfx_mk.o(.constdata)
    GDISPVMT_OnlyOne                         0x0800738c   Data          96  gdisp_lld_stm32ltdc.o(.constdata)
    os_maxtaskrun                            0x0800745c   Data           2  rtx_conf_cm.o(.constdata)
    os_stackinfo                             0x08007460   Data           4  rtx_conf_cm.o(.constdata)
    os_rrobin                                0x08007464   Data           4  rtx_conf_cm.o(.constdata)
    os_tickfreq                              0x08007468   Data           4  rtx_conf_cm.o(.constdata)
    os_tickus_i                              0x0800746c   Data           2  rtx_conf_cm.o(.constdata)
    os_tickus_f                              0x0800746e   Data           2  rtx_conf_cm.o(.constdata)
    os_trv                                   0x08007470   Data           4  rtx_conf_cm.o(.constdata)
    os_flags                                 0x08007474   Data           1  rtx_conf_cm.o(.constdata)
    CMSIS_RTOS_API_Version                   0x08007478   Data           4  rtx_conf_cm.o(.constdata)
    CMSIS_RTOS_RTX_Version                   0x0800747c   Data           4  rtx_conf_cm.o(.constdata)
    os_clockrate                             0x08007480   Data           4  rtx_conf_cm.o(.constdata)
    os_timernum                              0x08007484   Data           4  rtx_conf_cm.o(.constdata)
    mp_tcb_size                              0x08007488   Data           2  rtx_conf_cm.o(.constdata)
    mp_stk_size                              0x0800748c   Data           4  rtx_conf_cm.o(.constdata)
    os_stack_sz                              0x08007490   Data           4  rtx_conf_cm.o(.constdata)
    os_fifo_size                             0x08007494   Data           1  rtx_conf_cm.o(.constdata)
    os_thread_def_osTimerThread              0x08007498   Data          16  rtx_conf_cm.o(.constdata)
    os_messageQ_def_osTimerMessageQ          0x080074a8   Data           8  rtx_conf_cm.o(.constdata)
    mp_tmr_size                              0x080074b0   Data           2  rtx_conf_cm.o(.constdata)
    APBAHBPrescTable                         0x080074ba   Data          16  stm32f7xx_hal_rcc.o(.constdata)
    Region$$Table$$Base                      0x080074d4   Number         0  anon$$obj.o(Region$$Table)
    Region$$Table$$Limit                     0x080074f4   Number         0  anon$$obj.o(Region$$Table)
    mut_GLCD                                 0x20010000   Data           4  main.o(.data)
    tid_taskGLCD                             0x20010004   Data           4  main.o(.data)
    tid_taskGameLogic                        0x20010008   Data           4  main.o(.data)
    tid_taskInput                            0x2001000c   Data           4  main.o(.data)
    currentPiece                             0x20010010   Data           4  main.o(.data)
    nextPiece                                0x20010014   Data           4  main.o(.data)
    tsc_state                                0x20010018   Data           6  main.o(.data)
    stillPressed                             0x2001001e   Data           1  main.o(.data)
    lastDrawnX                               0x20010020   Data           4  output.o(.data)
    lastDrawnY                               0x20010024   Data           4  output.o(.data)
    GDISP                                    0x20010040   Data           4  gfx_mk.o(.data)
    _GWINwm                                  0x2001005c   Data           4  gfx_mk.o(.data)
    _gwinFlashState                          0x20010060   Data           1  gfx_mk.o(.data)
    ft5336_ts_drv                            0x20010070   Data          40  ft5336.o(.data)
    osThreadId_osTimerThread                 0x200100ac   Data           4  rtx_conf_cm.o(.data)
    osMessageQId_osTimerMessageQ             0x200100b0   Data           4  rtx_conf_cm.o(.data)
    os_tmr                                   0x200100b4   Data           4  rtx_conf_cm.o(.data)
    m_tmr                                    0x200100b8   Data           4  rtx_conf_cm.o(.data)
    os_thread_def_main                       0x200100c0   Data          16  rtx_conf_cm.o(.data)
    SystemCoreClock                          0x200100d0   Data           4  system_stm32f7xx.o(.data)
    os_initialized                           0x200100d4   Data           1  rt_cmsis.o(.data)
    os_running                               0x200100d5   Data           1  rt_cmsis.o(.data)
    os_timer_head                            0x200100d8   Data           4  rt_cmsis.o(.data)
    os_tsk                                   0x200100dc   Data           8  rt_task.o(.data)
    os_time                                  0x200100e4   Data           4  rt_time.o(.data)
    os_tick_irqn                             0x200100ec   Data           4  rt_system.o(.data)
    os_robin                                 0x200100f0   Data           8  rt_robin.o(.data)
    dbg_msg                                  0x200100f8   Data           1  hal_cm.o(.data)
    os_mutex_cb_mut_GLCD                     0x200100fc   Data          16  main.o(.bss)
    bucket                                   0x2001010c   Data          20  main.o(.bss)
    mp_tcb                                   0x2001a3c8   Data         376  rtx_conf_cm.o(.bss)
    mp_stk                                   0x2001a540   Data        6160  rtx_conf_cm.o(.bss)
    os_stack_mem                             0x2001bd50   Data        1256  rtx_conf_cm.o(.bss)
    os_fifo                                  0x2001c238   Data         132  rtx_conf_cm.o(.bss)
    os_active_TCB                            0x2001c2bc   Data          28  rtx_conf_cm.o(.bss)
    os_messageQ_q_osTimerMessageQ            0x2001c2d8   Data          32  rtx_conf_cm.o(.bss)
    os_idle_TCB                              0x2001c618   Data          52  rt_task.o(.bss)
    os_rdy                                   0x2001c64c   Data          24  rt_list.o(.bss)
    os_dly                                   0x2001c664   Data          24  rt_list.o(.bss)
    __libspace_start                         0x2001c67c   Data          96  libspace.o(.bss)
    __temporary_stack_top$libspace           0x2001c6dc   Data           0  libspace.o(.bss)
    _random_number_data                      0x2001c6dc   Data         228  rand.o(.bss)



==============================================================================

Memory Map of the image

  Image Entry point : 0x080001c9

  Load Region LR_IROM1 (Base: 0x08000000, Size: 0x000075f0, Max: 0x00100000, ABSOLUTE)

    Execution Region ER_IROM1 (Base: 0x08000000, Size: 0x000074f4, Max: 0x00100000, ABSOLUTE)

    Base Addr    Size         Type   Attr      Idx    E Section Name        Object

    0x08000000   0x000001c8   Data   RO         4507    RESET               startup_stm32f746xx.o
    0x080001c8   0x00000008   Code   RO         5848  * !!!main             c_w.l(__main.o)
    0x080001d0   0x00000034   Code   RO         6061    !!!scatter          c_w.l(__scatter.o)
    0x08000204   0x0000001a   Code   RO         6063    !!handler_copy      c_w.l(__scatter_copy.o)
    0x0800021e   0x00000002   PAD
    0x08000220   0x0000001c   Code   RO         6065    !!handler_zi        c_w.l(__scatter_zi.o)
    0x0800023c   0x00000002   Code   RO         6013    .ARM.Collect$$libinit$$00000000  c_w.l(libinit.o)
    0x0800023e   0x00000004   Code   RO         5894    .ARM.Collect$$libinit$$00000001  c_w.l(libinit2.o)
    0x08000242   0x00000000   Code   RO         5897    .ARM.Collect$$libinit$$00000004  c_w.l(libinit2.o)
    0x08000242   0x00000008   Code   RO         5898    .ARM.Collect$$libinit$$00000005  c_w.l(libinit2.o)
    0x0800024a   0x00000000   Code   RO         5900    .ARM.Collect$$libinit$$0000000A  c_w.l(libinit2.o)
    0x0800024a   0x00000000   Code   RO         5902    .ARM.Collect$$libinit$$0000000C  c_w.l(libinit2.o)
    0x0800024a   0x00000004   Code   RO         5903    .ARM.Collect$$libinit$$0000000D  c_w.l(libinit2.o)
    0x0800024e   0x00000000   Code   RO         5904    .ARM.Collect$$libinit$$0000000E  c_w.l(libinit2.o)
    0x0800024e   0x00000000   Code   RO         5907    .ARM.Collect$$libinit$$00000011  c_w.l(libinit2.o)
    0x0800024e   0x00000000   Code   RO         5909    .ARM.Collect$$libinit$$00000013  c_w.l(libinit2.o)
    0x0800024e   0x00000000   Code   RO         5911    .ARM.Collect$$libinit$$00000015  c_w.l(libinit2.o)
    0x0800024e   0x00000000   Code   RO         5913    .ARM.Collect$$libinit$$00000017  c_w.l(libinit2.o)
    0x0800024e   0x00000000   Code   RO         5915    .ARM.Collect$$libinit$$00000019  c_w.l(libinit2.o)
    0x0800024e   0x00000000   Code   RO         5917    .ARM.Collect$$libinit$$0000001B  c_w.l(libinit2.o)
    0x0800024e   0x00000000   Code   RO         5919    .ARM.Collect$$libinit$$0000001D  c_w.l(libinit2.o)
    0x0800024e   0x00000000   Code   RO         5921    .ARM.Collect$$libinit$$0000001F  c_w.l(libinit2.o)
    0x0800024e   0x00000000   Code   RO         5923    .ARM.Collect$$libinit$$00000021  c_w.l(libinit2.o)
    0x0800024e   0x00000000   Code   RO         5925    .ARM.Collect$$libinit$$00000023  c_w.l(libinit2.o)
    0x0800024e   0x00000000   Code   RO         5927    .ARM.Collect$$libinit$$00000025  c_w.l(libinit2.o)
    0x0800024e   0x00000000   Code   RO         5931    .ARM.Collect$$libinit$$0000002C  c_w.l(libinit2.o)
    0x0800024e   0x00000000   Code   RO         5933    .ARM.Collect$$libinit$$0000002E  c_w.l(libinit2.o)
    0x0800024e   0x00000000   Code   RO         5935    .ARM.Collect$$libinit$$00000030  c_w.l(libinit2.o)
    0x0800024e   0x00000000   Code   RO         5937    .ARM.Collect$$libinit$$00000032  c_w.l(libinit2.o)
    0x0800024e   0x00000002   Code   RO         5938    .ARM.Collect$$libinit$$00000033  c_w.l(libinit2.o)
    0x08000250   0x00000002   Code   RO         6014    .ARM.Collect$$libshutdown$$00000000  c_w.l(libshutdown.o)
    0x08000252   0x00000000   Code   RO         6026    .ARM.Collect$$libshutdown$$00000002  c_w.l(libshutdown2.o)
    0x08000252   0x00000000   Code   RO         6028    .ARM.Collect$$libshutdown$$00000004  c_w.l(libshutdown2.o)
    0x08000252   0x00000000   Code   RO         6031    .ARM.Collect$$libshutdown$$00000007  c_w.l(libshutdown2.o)
    0x08000252   0x00000000   Code   RO         6034    .ARM.Collect$$libshutdown$$0000000A  c_w.l(libshutdown2.o)
    0x08000252   0x00000000   Code   RO         6036    .ARM.Collect$$libshutdown$$0000000C  c_w.l(libshutdown2.o)
    0x08000252   0x00000000   Code   RO         6039    .ARM.Collect$$libshutdown$$0000000F  c_w.l(libshutdown2.o)
    0x08000252   0x00000002   Code   RO         6040    .ARM.Collect$$libshutdown$$00000010  c_w.l(libshutdown2.o)
    0x08000254   0x00000000   Code   RO         5850    .ARM.Collect$$rtentry$$00000000  c_w.l(__rtentry.o)
    0x08000254   0x00000000   Code   RO         5942    .ARM.Collect$$rtentry$$00000002  c_w.l(__rtentry2.o)
    0x08000254   0x00000006   Code   RO         5954    .ARM.Collect$$rtentry$$00000004  c_w.l(__rtentry4.o)
    0x0800025a   0x00000000   Code   RO         5944    .ARM.Collect$$rtentry$$00000009  c_w.l(__rtentry2.o)
    0x0800025a   0x00000004   Code   RO         5945    .ARM.Collect$$rtentry$$0000000A  c_w.l(__rtentry2.o)
    0x0800025e   0x00000008   Code   RO         5946    .ARM.Collect$$rtentry$$0000000B  c_w.l(__rtentry2.o)
    0x08000266   0x00000008   Code   RO         5948    .ARM.Collect$$rtentry$$0000000D  c_w.l(__rtentry2.o)
    0x0800026e   0x00000002   Code   RO         5851    .ARM.Collect$$rtexit$$00000000  c_w.l(rtexit.o)
    0x08000270   0x00000000   Code   RO         5957    .ARM.Collect$$rtexit$$00000002  c_w.l(rtexit2.o)
    0x08000270   0x00000004   Code   RO         5958    .ARM.Collect$$rtexit$$00000003  c_w.l(rtexit2.o)
    0x08000274   0x00000006   Code   RO         5959    .ARM.Collect$$rtexit$$00000004  c_w.l(rtexit2.o)
    0x0800027a   0x00000002   PAD
    0x0800027c   0x0000001c   Code   RO         2532    .emb_text           rtx_conf_cm.o
    0x08000298   0x00000198   Code   RO         5755    .emb_text           RTX_CM4.lib(hal_cm4.o)
    0x08000430   0x00000034   Code   RO         5833    .emb_text           c_w.l(rand.o)
    0x08000464   0x00000000   Code   RO         5967    .emb_text           c_w.l(maybetermalloc1.o)
    0x08000464   0x00000040   Code   RO         4508    .text               startup_stm32f746xx.o
    0x080004a4   0x00000008   Code   RO         5770    .text               c_w.l(libspace.o)
    0x080004ac   0x00000028   Code   RO         5775    .text               c_w.l(calloc.o)
    0x080004d4   0x0000009e   Code   RO         5779    .text               c_w.l(h1_alloc_mt.o)
    0x08000572   0x00000002   PAD
    0x08000574   0x0000003c   Code   RO         5834    .text               c_w.l(rand.o)
    0x080005b0   0x00000012   Code   RO         5838    .text               c_w.l(exit.o)
    0x080005c2   0x00000064   Code   RO         5842    .text               c_w.l(rt_memcpy_w.o)
    0x08000626   0x0000004e   Code   RO         5844    .text               c_w.l(rt_memclr_w.o)
    0x08000674   0x00000006   Code   RO         5846    .text               c_w.l(heapauxi.o)
    0x0800067a   0x0000000a   Code   RO         5862    .text               c_w.l(rt_heap_descriptor_twolibspace.o)
    0x08000684   0x00000004   Code   RO         5864    .text               c_w.l(hguard.o)
    0x08000688   0x0000008a   Code   RO         5866    .text               c_w.l(init_alloc.o)
    0x08000712   0x00000012   Code   RO         5876    .text               c_w.l(h1_init_mt.o)
    0x08000724   0x00000076   Code   RO         5878    .text               c_w.l(h1_free_mt.o)
    0x0800079a   0x00000044   Code   RO         5890    .text               c_w.l(rt_memclr.o)
    0x080007de   0x0000003e   Code   RO         5971    .text               c_w.l(h1_extend_mt.o)
    0x0800081c   0x0000000e   Code   RO         5973    .text               c_w.l(defsig_rtmem_outer.o)
    0x0800082a   0x00000002   PAD
    0x0800082c   0x0000000c   Code   RO         5984    .text               c_w.l(sys_exit.o)
    0x08000838   0x00000002   Code   RO         5986    .text               c_w.l(use_no_semi.o)
    0x0800083a   0x00000000   Code   RO         5988    .text               c_w.l(indicate_semi.o)
    0x0800083a   0x0000004a   Code   RO         5989    .text               c_w.l(sys_stackheap_outer.o)
    0x08000884   0x0000000a   Code   RO         5995    .text               c_w.l(defsig_exit.o)
    0x0800088e   0x00000002   PAD
    0x08000890   0x00000050   Code   RO         6001    .text               c_w.l(defsig_rtmem_inner.o)
    0x080008e0   0x00000032   Code   RO         6021    .text               c_w.l(defsig_general.o)
    0x08000912   0x0000000e   Code   RO         6041    .text               c_w.l(sys_wrch.o)
    0x08000920   0x00000004   Code   RO         5765    SVC_TABLE           RTX_CM4.lib(svc_table.o)
    0x08000924   0x0000008c   Code   RO         2198    i.BSP_SDRAM_Init    stm32746g_discovery_sdram.o
    0x080009b0   0x00000098   Code   RO         2199    i.BSP_SDRAM_Initialization_sequence  stm32746g_discovery_sdram.o
    0x08000a48   0x000001e8   Code   RO         2201    i.BSP_SDRAM_MspInit  stm32746g_discovery_sdram.o
    0x08000c30   0x0000022c   Code   RO         2284    i.BSP_TS_GetState   stm32746g_discovery_ts.o
    0x08000e5c   0x00000070   Code   RO         2285    i.BSP_TS_Get_GestureId  stm32746g_discovery_ts.o
    0x08000ecc   0x00000064   Code   RO         2289    i.BSP_TS_Init       stm32746g_discovery_ts.o
    0x08000f30   0x00000068   Code   RO            4    i.CPU_CACHE_Enable  main.o
    0x08000f98   0x00000034   Code   RO         2879    i.DMA_CalcBaseAndBitshift  stm32f7xx_hal_dma.o
    0x08000fcc   0x00000074   Code   RO         4373    i.FMC_SDRAM_Init    stm32f7xx_ll_fmc.o
    0x08001040   0x0000000e   Code   RO         4374    i.FMC_SDRAM_ProgramRefreshRate  stm32f7xx_ll_fmc.o
    0x0800104e   0x00000052   Code   RO         4375    i.FMC_SDRAM_SendCommand  stm32f7xx_ll_fmc.o
    0x080010a0   0x00000098   Code   RO         4377    i.FMC_SDRAM_Timing_Init  stm32f7xx_ll_fmc.o
    0x08001138   0x00000230   Code   RO         2374    i.GLCD_Initialize   glcd_746g_discovery.o
    0x08001368   0x00000064   Code   RO         2882    i.HAL_DMA_DeInit    stm32f7xx_hal_dma.o
    0x080013cc   0x00000084   Code   RO         2886    i.HAL_DMA_Init      stm32f7xx_hal_dma.o
    0x08001450   0x0000001a   Code   RO         2600    i.HAL_Delay         stm32f7xx_hal.o
    0x0800146a   0x00000002   PAD
    0x0800146c   0x0000021c   Code   RO         3006    i.HAL_GPIO_Init     stm32f7xx_hal_gpio.o
    0x08001688   0x0000000c   Code   RO         3010    i.HAL_GPIO_WritePin  stm32f7xx_hal_gpio.o
    0x08001694   0x0000000c   Code   RO            5    i.HAL_GetTick       main.o
    0x080016a0   0x00000036   Code   RO         3069    i.HAL_I2C_DeInit    stm32f7xx_hal_i2c.o
    0x080016d6   0x00000008   Code   RO         3074    i.HAL_I2C_GetState  stm32f7xx_hal_i2c.o
    0x080016de   0x00000002   PAD
    0x080016e0   0x000000b4   Code   RO         3075    i.HAL_I2C_Init      stm32f7xx_hal_i2c.o
    0x08001794   0x00000174   Code   RO         3087    i.HAL_I2C_Mem_Read  stm32f7xx_hal_i2c.o
    0x08001908   0x00000178   Code   RO         3090    i.HAL_I2C_Mem_Write  stm32f7xx_hal_i2c.o
    0x08001a80   0x00000002   Code   RO         3093    i.HAL_I2C_MspDeInit  stm32f7xx_hal_i2c.o
    0x08001a82   0x00000002   Code   RO         3094    i.HAL_I2C_MspInit   stm32f7xx_hal_i2c.o
    0x08001a84   0x00000028   Code   RO         2610    i.HAL_Init          stm32f7xx_hal.o
    0x08001aac   0x00000024   Code   RO         2611    i.HAL_InitTick      stm32f7xx_hal.o
    0x08001ad0   0x0000005e   Code   RO         3418    i.HAL_LTDC_ConfigLayer  stm32f7xx_hal_ltdc.o
    0x08001b2e   0x00000002   PAD
    0x08001b30   0x00000128   Code   RO         3430    i.HAL_LTDC_Init     stm32f7xx_hal_ltdc.o
    0x08001c58   0x00000002   Code   RO         3433    i.HAL_LTDC_MspInit  stm32f7xx_hal_ltdc.o
    0x08001c5a   0x00000002   Code   RO         2613    i.HAL_MspInit       stm32f7xx_hal.o
    0x08001c5c   0x0000001a   Code   RO         2754    i.HAL_NVIC_EnableIRQ  stm32f7xx_hal_cortex.o
    0x08001c76   0x0000007c   Code   RO         2760    i.HAL_NVIC_SetPriority  stm32f7xx_hal_cortex.o
    0x08001cf2   0x00000002   PAD
    0x08001cf4   0x00000028   Code   RO         2761    i.HAL_NVIC_SetPriorityGrouping  stm32f7xx_hal_cortex.o
    0x08001d1c   0x00000094   Code   RO         3713    i.HAL_PWREx_EnableOverDrive  stm32f7xx_hal_pwr_ex.o
    0x08001db0   0x00000918   Code   RO         3906    i.HAL_RCCEx_PeriphCLKConfig  stm32f7xx_hal_rcc_ex.o
    0x080026c8   0x00000268   Code   RO         3800    i.HAL_RCC_ClockConfig  stm32f7xx_hal_rcc.o
    0x08002930   0x00000038   Code   RO         3805    i.HAL_RCC_GetHCLKFreq  stm32f7xx_hal_rcc.o
    0x08002968   0x000000b4   Code   RO         3809    i.HAL_RCC_GetSysClockFreq  stm32f7xx_hal_rcc.o
    0x08002a1c   0x00000554   Code   RO         3812    i.HAL_RCC_OscConfig  stm32f7xx_hal_rcc.o
    0x08002f70   0x00000040   Code   RO         3946    i.HAL_SDRAM_Init    stm32f7xx_hal_sdram.o
    0x08002fb0   0x00000002   Code   RO         3948    i.HAL_SDRAM_MspInit  stm32f7xx_hal_sdram.o
    0x08002fb2   0x00000028   Code   RO         3949    i.HAL_SDRAM_ProgramRefreshRate  stm32f7xx_hal_sdram.o
    0x08002fda   0x0000003a   Code   RO         3955    i.HAL_SDRAM_SendCommand  stm32f7xx_hal_sdram.o
    0x08003014   0x00000034   Code   RO         2765    i.HAL_SYSTICK_Config  stm32f7xx_hal_cortex.o
    0x08003048   0x00000094   Code   RO         3110    i.I2C_IsAcknowledgeFailed  stm32f7xx_hal_i2c.o
    0x080030dc   0x00000082   Code   RO         3113    i.I2C_RequestMemoryRead  stm32f7xx_hal_i2c.o
    0x0800315e   0x00000082   Code   RO         3114    i.I2C_RequestMemoryWrite  stm32f7xx_hal_i2c.o
    0x080031e0   0x00000030   Code   RO         3117    i.I2C_TransferConfig  stm32f7xx_hal_i2c.o
    0x08003210   0x000000a4   Code   RO         3118    i.I2C_WaitOnFlagUntilTimeout  stm32f7xx_hal_i2c.o
    0x080032b4   0x00000056   Code   RO         3120    i.I2C_WaitOnSTOPFlagUntilTimeout  stm32f7xx_hal_i2c.o
    0x0800330a   0x00000058   Code   RO         3121    i.I2C_WaitOnTXISFlagUntilTimeout  stm32f7xx_hal_i2c.o
    0x08003362   0x00000014   Code   RO         1996    i.I2Cx_Error        stm32746g_discovery.o
    0x08003376   0x00000002   PAD
    0x08003378   0x00000050   Code   RO         1997    i.I2Cx_Init         stm32746g_discovery.o
    0x080033c8   0x00000174   Code   RO         1999    i.I2Cx_MspInit      stm32746g_discovery.o
    0x0800353c   0x0000003a   Code   RO         2000    i.I2Cx_ReadMultiple  stm32746g_discovery.o
    0x08003576   0x0000003a   Code   RO         2001    i.I2Cx_WriteMultiple  stm32746g_discovery.o
    0x080035b0   0x00000212   Code   RO         3440    i.LTDC_SetConfig    stm32f7xx_hal_ltdc.o
    0x080037c2   0x00000002   PAD
    0x080037c4   0x00000010   Code   RO         2767    i.NVIC_GetPriorityGrouping  stm32f7xx_hal_cortex.o
    0x080037d4   0x00000028   Code   RO         2768    i.NVIC_SetPriority  stm32f7xx_hal_cortex.o
    0x080037fc   0x0000009c   Code   RO            6    i.SCB_EnableDCache  main.o
    0x08003898   0x00000056   Code   RO            7    i.SystemClock_Config  main.o
    0x080038ee   0x00000002   PAD
    0x080038f0   0x00000064   Code   RO         4516    i.SystemInit        system_stm32f7xx.o
    0x08003954   0x0000000c   Code   RO         2002    i.TS_IO_Delay       stm32746g_discovery.o
    0x08003960   0x00000010   Code   RO         2003    i.TS_IO_Init        stm32746g_discovery.o
    0x08003970   0x00000028   Code   RO         2004    i.TS_IO_Read        stm32746g_discovery.o
    0x08003998   0x00000024   Code   RO         2005    i.TS_IO_Write       stm32746g_discovery.o
    0x080039bc   0x0000003c   Code   RO         2499    i.Touch_GetState    touch_746g_discovery.o
    0x080039f8   0x0000001c   Code   RO         2500    i.Touch_Initialize  touch_746g_discovery.o
    0x08003a14   0x00000040   Code   RO          524    i.WM_Add            gfx_mk.o
    0x08003a54   0x00000002   Code   RO          525    i.WM_DeInit         gfx_mk.o
    0x08003a56   0x00000002   PAD
    0x08003a58   0x00000014   Code   RO          526    i.WM_Delete         gfx_mk.o
    0x08003a6c   0x00000002   Code   RO          527    i.WM_Init           gfx_mk.o
    0x08003a6e   0x00000002   Code   RO          528    i.WM_MinMax         gfx_mk.o
    0x08003a70   0x000000d6   Code   RO          529    i.WM_Move           gfx_mk.o
    0x08003b46   0x00000002   PAD
    0x08003b48   0x00000020   Code   RO          530    i.WM_Raise          gfx_mk.o
    0x08003b68   0x00000138   Code   RO          531    i.WM_Redraw         gfx_mk.o
    0x08003ca0   0x000000a2   Code   RO          532    i.WM_Size           gfx_mk.o
    0x08003d42   0x00000002   PAD
    0x08003d44   0x00000020   Code   RO          533    i._gdispDeInitDriver  gfx_mk.o
    0x08003d64   0x0000001c   Code   RO          535    i._gdispInit        gfx_mk.o
    0x08003d80   0x00000024   Code   RO          536    i._gdispInitDriver  gfx_mk.o
    0x08003da4   0x00000030   Code   RO          537    i._gdispPostInitDriver  gfx_mk.o
    0x08003dd4   0x00000002   Code   RO          539    i._gdriverInit      gfx_mk.o
    0x08003dd6   0x00000002   PAD
    0x08003dd8   0x0000001c   Code   RO          541    i._gosHeapInit      gfx_mk.o
    0x08003df4   0x00000016   Code   RO          542    i._gosInit          gfx_mk.o
    0x08003e0a   0x00000002   Code   RO          544    i._gqueueInit       gfx_mk.o
    0x08003e0c   0x00000044   Code   RO          546    i._gtimerInit       gfx_mk.o
    0x08003e50   0x0000014c   Code   RO          551    i._gwinFlushRedraws  gfx_mk.o
    0x08003f9c   0x00000008   Code   RO          552    i._gwinInit         gfx_mk.o
    0x08003fa4   0x00000030   Code   RO          553    i._gwinUpdate       gfx_mk.o
    0x08003fd4   0x0000003c   Code   RO          557    i._gwmInit          gfx_mk.o
    0x08004010   0x00000046   Code   RO         5649    i._init_box         RTX_CM4.lib(rt_membox.o)
    0x08004056   0x00000002   PAD
    0x08004058   0x00000138   Code   RO         1758    i._ltdc_init        gdisp_lld_stm32ltdc.o
    0x08004190   0x000000f4   Code   RO         1759    i._ltdc_layer_init  gdisp_lld_stm32ltdc.o
    0x08004284   0x00000028   Code   RO         1760    i._ltdc_reload      gdisp_lld_stm32ltdc.o
    0x080042ac   0x00000020   Code   RO         2534    i._mutex_acquire    rtx_conf_cm.o
    0x080042cc   0x0000002c   Code   RO         2535    i._mutex_initialize  rtx_conf_cm.o
    0x080042f8   0x0000001c   Code   RO         2536    i._mutex_release    rtx_conf_cm.o
    0x08004314   0x000000d4   Code   RO          360    i.attemptMove       block.o
    0x080043e8   0x00000068   Code   RO          361    i.checkForCollision  block.o
    0x08004450   0x00000070   Code   RO          403    i.checkForFullRows  gameloop.o
    0x080044c0   0x0000064c   Code   RO         1761    i.configureLcdPins  gdisp_lld_stm32ltdc.o
    0x08004b0c   0x00000030   Code   RO         5702    i.dbg_init          RTX_CM4.lib(hal_cm.o)
    0x08004b3c   0x00000020   Code   RO         5703    i.dbg_task_notify   RTX_CM4.lib(hal_cm.o)
    0x08004b5c   0x00000010   Code   RO         5704    i.dbg_task_switch   RTX_CM4.lib(hal_cm.o)
    0x08004b6c   0x00000020   Code   RO         1762    i.dma2d_init        gdisp_lld_stm32ltdc.o
    0x08004b8c   0x0000008c   Code   RO          467    i.eraseBlock        output.o
    0x08004c18   0x0000000c   Code   RO         1867    i.ft5336_Get_I2C_InitializedStatus  ft5336.o
    0x08004c24   0x00000018   Code   RO         1868    i.ft5336_I2C_InitializeIfRequired  ft5336.o
    0x08004c3c   0x00000010   Code   RO         1869    i.ft5336_Init       ft5336.o
    0x08004c4c   0x0000003a   Code   RO         1870    i.ft5336_ReadID     ft5336.o
    0x08004c86   0x00000002   Code   RO         1871    i.ft5336_Reset      ft5336.o
    0x08004c88   0x00000002   Code   RO         1872    i.ft5336_TS_ClearIT  ft5336.o
    0x08004c8a   0x00000006   Code   RO         1873    i.ft5336_TS_Configure  ft5336.o
    0x08004c90   0x00000040   Code   RO         1874    i.ft5336_TS_DetectTouch  ft5336.o
    0x08004cd0   0x00000014   Code   RO         1875    i.ft5336_TS_DisableIT  ft5336.o
    0x08004ce4   0x00000014   Code   RO         1876    i.ft5336_TS_EnableIT  ft5336.o
    0x08004cf8   0x0000001c   Code   RO         1877    i.ft5336_TS_GetGestureID  ft5336.o
    0x08004d14   0x00000108   Code   RO         1878    i.ft5336_TS_GetTouchInfo  ft5336.o
    0x08004e1c   0x00000164   Code   RO         1879    i.ft5336_TS_GetXY   ft5336.o
    0x08004f80   0x00000006   Code   RO         1880    i.ft5336_TS_ITStatus  ft5336.o
    0x08004f86   0x00000016   Code   RO         1881    i.ft5336_TS_Start   ft5336.o
    0x08004f9c   0x0000001e   Code   RO          563    i.gdispGClear       gfx_mk.o
    0x08004fba   0x000000b2   Code   RO          567    i.gdispGFillArea    gfx_mk.o
    0x0800506c   0x00000008   Code   RO          571    i.gdispGGetHeight   gfx_mk.o
    0x08005074   0x00000008   Code   RO          574    i.gdispGGetWidth    gfx_mk.o
    0x0800507c   0x0000006c   Code   RO          575    i.gdispGSetClip     gfx_mk.o
    0x080050e8   0x0000007c   Code   RO         1763    i.gdisp_lld_blit_area  gdisp_lld_stm32ltdc.o
    0x08005164   0x00000050   Code   RO         1764    i.gdisp_lld_draw_pixel  gdisp_lld_stm32ltdc.o
    0x080051b4   0x0000007c   Code   RO         1765    i.gdisp_lld_fill_area  gdisp_lld_stm32ltdc.o
    0x08005230   0x0000004c   Code   RO         1766    i.gdisp_lld_get_pixel_color  gdisp_lld_stm32ltdc.o
    0x0800527c   0x000000c0   Code   RO         1767    i.gdisp_lld_init    gdisp_lld_stm32ltdc.o
    0x0800533c   0x00000030   Code   RO          580    i.gdriverGetInstance  gfx_mk.o
    0x0800536c   0x00000094   Code   RO          583    i.gdriverRegister   gfx_mk.o
    0x08005400   0x00000048   Code   RO          585    i.gfxAddHeapBlock   gfx_mk.o
    0x08005448   0x00000078   Code   RO          586    i.gfxAlloc          gfx_mk.o
    0x080054c0   0x0000006c   Code   RO          588    i.gfxFree           gfx_mk.o
    0x0800552c   0x00000030   Code   RO          589    i.gfxInit           gfx_mk.o
    0x0800555c   0x00000010   Code   RO          590    i.gfxMutexInit      gfx_mk.o
    0x0800556c   0x00000008   Code   RO          593    i.gfxQueueASyncInit  gfx_mk.o
    0x08005574   0x00000018   Code   RO          600    i.gfxQueueASyncPut  gfx_mk.o
    0x0800558c   0x0000001c   Code   RO          601    i.gfxQueueASyncPutI  gfx_mk.o
    0x080055a8   0x00000018   Code   RO          602    i.gfxQueueASyncRemove  gfx_mk.o
    0x080055c0   0x00000042   Code   RO          603    i.gfxQueueASyncRemoveI  gfx_mk.o
    0x08005602   0x00000020   Code   RO          606    i.gfxSemInit        gfx_mk.o
    0x08005622   0x0000000c   Code   RO          607    i.gfxSemSignal      gfx_mk.o
    0x0800562e   0x00000016   Code   RO          608    i.gfxSemSignalI     gfx_mk.o
    0x08005644   0x00000020   Code   RO          609    i.gfxSemWait        gfx_mk.o
    0x08005664   0x00000006   Code   RO          614    i.gtimerInit        gfx_mk.o
    0x0800566a   0x00000002   PAD
    0x0800566c   0x0000000c   Code   RO          630    i.gwinGetDefaultBgColor  gfx_mk.o
    0x08005678   0x00000014   Code   RO          634    i.gwinGetNextWindow  gfx_mk.o
    0x0800568c   0x0000005c   Code   RO          646    i.gwinSetVisible    gfx_mk.o
    0x080056e8   0x00000038   Code   RO          421    i.initialiseNewGame  setup.o
    0x08005720   0x0000002a   Code   RO         4552    i.isrMessageGet     RTX_CM4.lib(rt_cmsis.o)
    0x0800574a   0x0000002c   Code   RO         4553    i.isrMessagePut     RTX_CM4.lib(rt_cmsis.o)
    0x08005776   0x00000028   Code   RO         4554    i.isrSemaphoreRelease  RTX_CM4.lib(rt_cmsis.o)
    0x0800579e   0x00000002   PAD
    0x080057a0   0x00000052   Code   RO         5537    i.isr_mbx_receive   RTX_CM4.lib(rt_mailbox.o)
    0x080057f2   0x0000000e   Code   RO         5538    i.isr_mbx_send      RTX_CM4.lib(rt_mailbox.o)
    0x08005800   0x00000010   Code   RO         5585    i.isr_sem_send      RTX_CM4.lib(rt_semaphore.o)
    0x08005810   0x00000088   Code   RO            8    i.main              main.o
    0x08005898   0x00000028   Code   RO          422    i.makeBlock         setup.o
    0x080058c0   0x00000080   Code   RO          423    i.makeBucket        setup.o
    0x08005940   0x00000018   Code   RO         4556    i.osDelay           RTX_CM4.lib(rt_cmsis.o)
    0x08005958   0x00000024   Code   RO         4557    i.osKernelInitialize  RTX_CM4.lib(rt_cmsis.o)
    0x0800597c   0x00000024   Code   RO         4558    i.osKernelRunning   RTX_CM4.lib(rt_cmsis.o)
    0x080059a0   0x0000006c   Code   RO         4559    i.osKernelStart     RTX_CM4.lib(rt_cmsis.o)
    0x08005a0c   0x00000018   Code   RO         4568    i.osMessageGet      RTX_CM4.lib(rt_cmsis.o)
    0x08005a24   0x00000030   Code   RO         4570    i.osMutexCreate     RTX_CM4.lib(rt_cmsis.o)
    0x08005a54   0x00000018   Code   RO         4572    i.osMutexRelease    RTX_CM4.lib(rt_cmsis.o)
    0x08005a6c   0x00000018   Code   RO         4573    i.osMutexWait       RTX_CM4.lib(rt_cmsis.o)
    0x08005a84   0x00000030   Code   RO         4578    i.osSemaphoreCreate  RTX_CM4.lib(rt_cmsis.o)
    0x08005ab4   0x00000018   Code   RO         4580    i.osSemaphoreRelease  RTX_CM4.lib(rt_cmsis.o)
    0x08005acc   0x00000018   Code   RO         4581    i.osSemaphoreWait   RTX_CM4.lib(rt_cmsis.o)
    0x08005ae4   0x00000030   Code   RO         4585    i.osThreadCreate    RTX_CM4.lib(rt_cmsis.o)
    0x08005b14   0x00000018   Code   RO         4586    i.osThreadExit      RTX_CM4.lib(rt_cmsis.o)
    0x08005b2c   0x00000018   Code   RO         4591    i.osThreadYield     RTX_CM4.lib(rt_cmsis.o)
    0x08005b44   0x0000000c   Code   RO         4592    i.osTimerCall       RTX_CM4.lib(rt_cmsis.o)
    0x08005b50   0x0000002c   Code   RO         4597    i.osTimerThread     RTX_CM4.lib(rt_cmsis.o)
    0x08005b7c   0x00000022   Code   RO         2537    i.os_error          rtx_conf_cm.o
    0x08005b9e   0x00000004   Code   RO         2538    i.os_idle_demon     rtx_conf_cm.o
    0x08005ba2   0x00000002   PAD
    0x08005ba4   0x00000028   Code   RO         5329    i.os_tick_init      RTX_CM4.lib(rt_system.o)
    0x08005bcc   0x00000002   Code   RO         5330    i.os_tick_irqack    RTX_CM4.lib(rt_system.o)
    0x08005bce   0x00000002   PAD
    0x08005bd0   0x00000220   Code   RO          471    i.printTetrisBucket  output.o
    0x08005df0   0x000000b0   Code   RO          362    i.rotateBlock       block.o
    0x08005ea0   0x0000001a   Code   RO         5650    i.rt_alloc_box      RTX_CM4.lib(rt_membox.o)
    0x08005eba   0x0000003e   Code   RO         5678    i.rt_alloc_mem      RTX_CM4.lib(rt_memory.o)
    0x08005ef8   0x00000038   Code   RO         5177    i.rt_block          RTX_CM4.lib(rt_task.o)
    0x08005f30   0x00000048   Code   RO         5627    i.rt_chk_robin      RTX_CM4.lib(rt_robin.o)
    0x08005f78   0x00000070   Code   RO         5461    i.rt_dec_dly        RTX_CM4.lib(rt_list.o)
    0x08005fe8   0x00000044   Code   RO         5178    i.rt_dispatch       RTX_CM4.lib(rt_task.o)
    0x0800602c   0x00000006   Code   RO         5261    i.rt_dly_wait       RTX_CM4.lib(rt_time.o)
    0x08006032   0x00000002   PAD
    0x08006034   0x00000050   Code   RO         5422    i.rt_evt_psh        RTX_CM4.lib(rt_event.o)
    0x08006084   0x0000002c   Code   RO         5651    i.rt_free_box       RTX_CM4.lib(rt_membox.o)
    0x080060b0   0x00000028   Code   RO         5679    i.rt_free_mem       RTX_CM4.lib(rt_memory.o)
    0x080060d8   0x00000028   Code   RO         5462    i.rt_get_first      RTX_CM4.lib(rt_list.o)
    0x08006100   0x00000024   Code   RO         5463    i.rt_get_same_rdy_prio  RTX_CM4.lib(rt_list.o)
    0x08006124   0x00000008   Code   RO         4602    i.rt_id2obj         RTX_CM4.lib(rt_cmsis.o)
    0x0800612c   0x00000048   Code   RO         5179    i.rt_init_context   RTX_CM4.lib(rt_task.o)
    0x08006174   0x0000001a   Code   RO         5680    i.rt_init_mem       RTX_CM4.lib(rt_memory.o)
    0x0800618e   0x00000002   PAD
    0x08006190   0x00000018   Code   RO         5628    i.rt_init_robin     RTX_CM4.lib(rt_robin.o)
    0x080061a8   0x00000080   Code   RO         5705    i.rt_init_stack     RTX_CM4.lib(hal_cm.o)
    0x08006228   0x00000008   Code   RO         5539    i.rt_mbx_check      RTX_CM4.lib(rt_mailbox.o)
    0x08006230   0x0000001a   Code   RO         5540    i.rt_mbx_init       RTX_CM4.lib(rt_mailbox.o)
    0x0800624a   0x00000002   PAD
    0x0800624c   0x000000f0   Code   RO         5541    i.rt_mbx_psh        RTX_CM4.lib(rt_mailbox.o)
    0x0800633c   0x000000b4   Code   RO         5543    i.rt_mbx_wait       RTX_CM4.lib(rt_mailbox.o)
    0x080063f0   0x00000044   Code   RO         4603    i.rt_ms2tick        RTX_CM4.lib(rt_cmsis.o)
    0x08006434   0x00000010   Code   RO         5295    i.rt_mut_init       RTX_CM4.lib(rt_mutex.o)
    0x08006444   0x000000d8   Code   RO         5296    i.rt_mut_release    RTX_CM4.lib(rt_mutex.o)
    0x0800651c   0x00000068   Code   RO         5297    i.rt_mut_wait       RTX_CM4.lib(rt_mutex.o)
    0x08006584   0x0000007c   Code   RO         5333    i.rt_pop_req        RTX_CM4.lib(rt_system.o)
    0x08006600   0x00000020   Code   RO         5334    i.rt_psh_req        RTX_CM4.lib(rt_system.o)
    0x08006620   0x0000005c   Code   RO         5464    i.rt_psq_enq        RTX_CM4.lib(rt_list.o)
    0x0800667c   0x00000048   Code   RO         5465    i.rt_put_dly        RTX_CM4.lib(rt_list.o)
    0x080066c4   0x00000036   Code   RO         5466    i.rt_put_prio       RTX_CM4.lib(rt_list.o)
    0x080066fa   0x00000002   PAD
    0x080066fc   0x00000014   Code   RO         5467    i.rt_put_rdy_first  RTX_CM4.lib(rt_list.o)
    0x08006710   0x00000034   Code   RO         5468    i.rt_resort_prio    RTX_CM4.lib(rt_list.o)
    0x08006744   0x00000010   Code   RO         5706    i.rt_ret_regs       RTX_CM4.lib(hal_cm.o)
    0x08006754   0x0000000c   Code   RO         5707    i.rt_ret_val        RTX_CM4.lib(hal_cm.o)
    0x08006760   0x00000010   Code   RO         5708    i.rt_ret_val2       RTX_CM4.lib(hal_cm.o)
    0x08006770   0x00000028   Code   RO         5469    i.rt_rmv_dly        RTX_CM4.lib(rt_list.o)
    0x08006798   0x00000030   Code   RO         5470    i.rt_rmv_list       RTX_CM4.lib(rt_list.o)
    0x080067c8   0x0000000c   Code   RO         5587    i.rt_sem_init       RTX_CM4.lib(rt_semaphore.o)
    0x080067d4   0x00000034   Code   RO         5588    i.rt_sem_psh        RTX_CM4.lib(rt_semaphore.o)
    0x08006808   0x0000002a   Code   RO         5589    i.rt_sem_send       RTX_CM4.lib(rt_semaphore.o)
    0x08006832   0x00000002   PAD
    0x08006834   0x00000040   Code   RO         5590    i.rt_sem_wait       RTX_CM4.lib(rt_semaphore.o)
    0x08006874   0x00000024   Code   RO         5336    i.rt_stk_check      RTX_CM4.lib(rt_system.o)
    0x08006898   0x00000028   Code   RO         5180    i.rt_switch_req     RTX_CM4.lib(rt_task.o)
    0x080068c0   0x000000cc   Code   RO         5181    i.rt_sys_init       RTX_CM4.lib(rt_task.o)
    0x0800698c   0x00000078   Code   RO         5182    i.rt_sys_start      RTX_CM4.lib(rt_task.o)
    0x08006a04   0x00000040   Code   RO         5338    i.rt_systick        RTX_CM4.lib(rt_system.o)
    0x08006a44   0x00000012   Code   RO         4604    i.rt_tid2ptcb       RTX_CM4.lib(rt_cmsis.o)
    0x08006a56   0x00000002   PAD
    0x08006a58   0x00000034   Code   RO         4605    i.rt_timer_insert   RTX_CM4.lib(rt_cmsis.o)
    0x08006a8c   0x00000088   Code   RO         5183    i.rt_tsk_create     RTX_CM4.lib(rt_task.o)
    0x08006b14   0x0000017c   Code   RO         5184    i.rt_tsk_delete     RTX_CM4.lib(rt_task.o)
    0x08006c90   0x00000030   Code   RO         5185    i.rt_tsk_pass       RTX_CM4.lib(rt_task.o)
    0x08006cc0   0x0000007c   Code   RO         5186    i.rt_tsk_prio       RTX_CM4.lib(rt_task.o)
    0x08006d3c   0x00000010   Code   RO         5187    i.rt_tsk_self       RTX_CM4.lib(rt_task.o)
    0x08006d4c   0x0000003c   Code   RO          424    i.setBlockGraphic   setup.o
    0x08006d88   0x00000108   Code   RO          425    i.setRandomBlockGraphic  setup.o
    0x08006e90   0x00000012   Code   RO         4607    i.svcDelay          RTX_CM4.lib(rt_cmsis.o)
    0x08006ea2   0x00000002   PAD
    0x08006ea4   0x00000070   Code   RO         4608    i.svcKernelInitialize  RTX_CM4.lib(rt_cmsis.o)
    0x08006f14   0x0000000c   Code   RO         4609    i.svcKernelRunning  RTX_CM4.lib(rt_cmsis.o)
    0x08006f20   0x00000048   Code   RO         4610    i.svcKernelStart    RTX_CM4.lib(rt_cmsis.o)
    0x08006f68   0x00000024   Code   RO         4613    i.svcMessageCreate  RTX_CM4.lib(rt_cmsis.o)
    0x08006f8c   0x0000003a   Code   RO         4614    i.svcMessageGet     RTX_CM4.lib(rt_cmsis.o)
    0x08006fc6   0x0000001c   Code   RO         4616    i.svcMutexCreate    RTX_CM4.lib(rt_cmsis.o)
    0x08006fe2   0x00000022   Code   RO         4618    i.svcMutexRelease   RTX_CM4.lib(rt_cmsis.o)
    0x08007004   0x00000036   Code   RO         4619    i.svcMutexWait      RTX_CM4.lib(rt_cmsis.o)
    0x0800703a   0x00000024   Code   RO         4621    i.svcSemaphoreCreate  RTX_CM4.lib(rt_cmsis.o)
    0x0800705e   0x00000028   Code   RO         4623    i.svcSemaphoreRelease  RTX_CM4.lib(rt_cmsis.o)
    0x08007086   0x00000032   Code   RO         4624    i.svcSemaphoreWait  RTX_CM4.lib(rt_cmsis.o)
    0x080070b8   0x00000070   Code   RO         4628    i.svcThreadCreate   RTX_CM4.lib(rt_cmsis.o)
    0x08007128   0x0000001c   Code   RO         4629    i.svcThreadGetId    RTX_CM4.lib(rt_cmsis.o)
    0x08007144   0x00000038   Code   RO         4632    i.svcThreadTerminate  RTX_CM4.lib(rt_cmsis.o)
    0x0800717c   0x0000000a   Code   RO         4633    i.svcThreadYield    RTX_CM4.lib(rt_cmsis.o)
    0x08007186   0x00000018   Code   RO         4634    i.svcTimerCall      RTX_CM4.lib(rt_cmsis.o)
    0x0800719e   0x00000002   PAD
    0x080071a0   0x0000005c   Code   RO         4643    i.sysTimerTick      RTX_CM4.lib(rt_cmsis.o)
    0x080071fc   0x00000044   Code   RO            9    i.taskGLCD          main.o
    0x08007240   0x00000012   Code   RO           10    i.taskGameLogic     main.o
    0x08007252   0x00000002   PAD
    0x08007254   0x0000009c   Code   RO           11    i.taskInput         main.o
    0x080072f0   0x0000000a   Code   RO         5982    x$fpl$fpinit        fz_wm.l(fpinit.o)
    0x080072fa   0x00000002   PAD
    0x080072fc   0x00000038   Data   RO           13    .constdata          main.o
    0x08007334   0x0000001c   Data   RO          473    .constdata          output.o
    0x08007350   0x0000003c   Data   RO          652    .constdata          gfx_mk.o
    0x0800738c   0x000000d0   Data   RO         1768    .constdata          gdisp_lld_stm32ltdc.o
    0x0800745c   0x00000056   Data   RO         2540    .constdata          rtx_conf_cm.o
    0x080074b2   0x00000008   Data   RO         2890    .constdata          stm32f7xx_hal_dma.o
    0x080074ba   0x00000010   Data   RO         3813    .constdata          stm32f7xx_hal_rcc.o
    0x080074ca   0x00000002   PAD
    0x080074cc   0x00000005   Data   RO          653    .conststring        gfx_mk.o
    0x080074d1   0x00000003   PAD
    0x080074d4   0x00000020   Data   RO         6059    Region$$Table       anon$$obj.o


    Execution Region RW_IRAM1 (Base: 0x20010000, Size: 0x0000cdc0, Max: 0x00040000, ABSOLUTE)

    Base Addr    Size         Type   Attr      Idx    E Section Name        Object

    0x20010000   0x0000001f   Data   RW           14    .data               main.o
    0x2001001f   0x00000001   PAD
    0x20010020   0x00000008   Data   RW          474    .data               output.o
    0x20010028   0x00000045   Data   RW          654    .data               gfx_mk.o
    0x2001006d   0x00000003   PAD
    0x20010070   0x0000002e   Data   RW         1882    .data               ft5336.o
    0x2001009e   0x00000002   Data   RW         2208    .data               stm32746g_discovery_sdram.o
    0x200100a0   0x0000000a   Data   RW         2292    .data               stm32746g_discovery_ts.o
    0x200100aa   0x00000002   PAD
    0x200100ac   0x00000024   Data   RW         2541    .data               rtx_conf_cm.o
    0x200100d0   0x00000004   Data   RW         4518    .data               system_stm32f7xx.o
    0x200100d4   0x00000008   Data   RW         4646    .data               RTX_CM4.lib(rt_cmsis.o)
    0x200100dc   0x00000008   Data   RW         5189    .data               RTX_CM4.lib(rt_task.o)
    0x200100e4   0x00000004   Data   RW         5265    .data               RTX_CM4.lib(rt_time.o)
    0x200100e8   0x00000008   Data   RW         5341    .data               RTX_CM4.lib(rt_system.o)
    0x200100f0   0x00000008   Data   RW         5629    .data               RTX_CM4.lib(rt_robin.o)
    0x200100f8   0x00000001   Data   RW         5709    .data               RTX_CM4.lib(hal_cm.o)
    0x200100f9   0x00000003   PAD
    0x200100fc   0x00000024   Zero   RW           12    .bss                main.o
    0x20010120   0x0000a050   Zero   RW          651    .bss                gfx_mk.o
    0x2001a170   0x00000078   Zero   RW         2006    .bss                stm32746g_discovery.o
    0x2001a1e8   0x00000110   Zero   RW         2207    .bss                stm32746g_discovery_sdram.o
    0x2001a2f8   0x00000028   Zero   RW         2291    .bss                stm32746g_discovery_ts.o
    0x2001a320   0x000000a8   Zero   RW         2381    .bss                glcd_746g_discovery.o
    0x2001a3c8   0x00002250   Zero   RW         2539    .bss                rtx_conf_cm.o
    0x2001c618   0x00000034   Zero   RW         5188    .bss                RTX_CM4.lib(rt_task.o)
    0x2001c64c   0x00000030   Zero   RW         5471    .bss                RTX_CM4.lib(rt_list.o)
    0x2001c67c   0x00000060   Zero   RW         5771    .bss                c_w.l(libspace.o)
    0x2001c6dc   0x000000e4   Zero   RW         5835    .bss                c_w.l(rand.o)
    0x2001c7c0   0x00000200   Zero   RW         4506    HEAP                startup_stm32f746xx.o
    0x2001c9c0   0x00000400   Zero   RW         4505    STACK               startup_stm32f746xx.o



  Load Region LR$$.ARM.__AT_0xC0000000 (Base: 0xc0000000, Size: 0x00000000, Max: 0x0003fc00, ABSOLUTE)

    Execution Region ER$$.ARM.__AT_0xC0000000 (Base: 0xc0000000, Size: 0x0003fc00, Max: 0x0003fc00, ABSOLUTE, UNINIT)

    Base Addr    Size         Type   Attr      Idx    E Section Name        Object

    0xc0000000   0x0003fc00   Zero   RW         2380    .ARM.__AT_0xC0000000  glcd_746g_discovery.o


==============================================================================

Image component sizes


      Code (inc. data)   RO Data    RW Data    ZI Data      Debug   Object Name

       492         20          0          0          0       2819   block.o
       900         52          0         46          0      17975   ft5336.o
       112          4          0          0          0        655   gameloop.o
      2836        146        208          0          0      18735   gdisp_lld_stm32ltdc.o
      2794        170         65         69      41040      51192   gfx_mk.o
       560         34          0          0     261288       2834   glcd_746g_discovery.o
       736         68         56         31         36     506225   main.o
       684         52         28          8          0       2183   output.o
       170         36         86         36       8784       9847   rtx_conf_cm.o
       548         18          0          0          0       3995   setup.o
        64         26        456          0       1536        856   startup_stm32f746xx.o
       692         48          0          0        120       8432   stm32746g_discovery.o
       780         66          0          2        272       4770   stm32746g_discovery_sdram.o
       768         62          0         10         40       5902   stm32746g_discovery_ts.o
       104          6          0          0          0       3260   stm32f7xx_hal.o
       298         22          0          0          0      36283   stm32f7xx_hal_cortex.o
       284         10          8          0          0       2892   stm32f7xx_hal_dma.o
       552         52          0          0          0       2600   stm32f7xx_hal_gpio.o
      1788         24          0          0          0      12760   stm32f7xx_hal_i2c.o
       922          6          0          0          0       3682   stm32f7xx_hal_ltdc.o
       148          8          0          0          0       1404   stm32f7xx_hal_pwr_ex.o
      2216         48         16          0          0       5045   stm32f7xx_hal_rcc.o
      2328         26          0          0          0       2380   stm32f7xx_hal_rcc_ex.o
       164          0          0          0          0       3552   stm32f7xx_hal_sdram.o
       364          0          0          0          0       3772   stm32f7xx_ll_fmc.o
       100         18          0          4          0       1277   system_stm32f7xx.o
        88          0          0          0          0       2120   touch_746g_discovery.o

    ----------------------------------------------------------------------
     21520       1022        960        212     313116     717447   Object Totals
         0          0         32          0          0          0   (incl. Generated)
        28          0          5          6          0          0   (incl. Padding)

    ----------------------------------------------------------------------

      Code (inc. data)   RO Data    RW Data    ZI Data      Debug   Library Member Name

       268         24          0          1          0       4452   hal_cm.o
       408         34          0          0          0        816   hal_cm4.o
      1716        208          0          8          0      46227   rt_cmsis.o
        80          4          0          0          0        701   rt_event.o
       566         44          0          0         48       9176   rt_list.o
       550         10          0          0          0       4185   rt_mailbox.o
       140          0          0          0          0       2045   rt_membox.o
       128          0          0          0          0       2419   rt_memory.o
       336         12          0          0          0       2201   rt_mutex.o
        96         22          0          8          0       1230   rt_robin.o
       186         10          0          0          0       3102   rt_semaphore.o
       298         52          0          8          0       6439   rt_system.o
      1264        184          0          8         52      10563   rt_task.o
         6          0          0          4          0        684   rt_time.o
         4          4          0          0          0        200   svc_table.o
         8          0          0          0          0         68   __main.o
         0          0          0          0          0          0   __rtentry.o
        20          0          0          0          0          0   __rtentry2.o
         6          0          0          0          0          0   __rtentry4.o
        52          8          0          0          0          0   __scatter.o
        26          0          0          0          0          0   __scatter_copy.o
        28          0          0          0          0          0   __scatter_zi.o
        40          0          0          0          0         80   calloc.o
        10          0          0          0          0         68   defsig_exit.o
        50          0          0          0          0         88   defsig_general.o
        80         58          0          0          0         76   defsig_rtmem_inner.o
        14          0          0          0          0         80   defsig_rtmem_outer.o
        18          0          0          0          0         80   exit.o
       158          0          0          0          0        128   h1_alloc_mt.o
        62          0          0          0          0         80   h1_extend_mt.o
       118          0          0          0          0        108   h1_free_mt.o
        18          0          0          0          0         84   h1_init_mt.o
         6          0          0          0          0        152   heapauxi.o
         4          0          0          0          0        136   hguard.o
         0          0          0          0          0          0   indicate_semi.o
       138          0          0          0          0        168   init_alloc.o
         2          0          0          0          0          0   libinit.o
        18          0          0          0          0          0   libinit2.o
         2          0          0          0          0          0   libshutdown.o
         2          0          0          0          0          0   libshutdown2.o
         8          4          0          0         96         68   libspace.o
         0          0          0          0          0          0   maybetermalloc1.o
       112         18          0          0        228        160   rand.o
        10          0          0          0          0         76   rt_heap_descriptor_twolibspace.o
        68          0          0          0          0         68   rt_memclr.o
        78          0          0          0          0         80   rt_memclr_w.o
       100          0          0          0          0         80   rt_memcpy_w.o
         2          0          0          0          0          0   rtexit.o
        10          0          0          0          0          0   rtexit2.o
        12          4          0          0          0         68   sys_exit.o
        74          0          0          0          0         80   sys_stackheap_outer.o
        14          0          0          0          0         76   sys_wrch.o
         2          0          0          0          0         68   use_no_semi.o
        10          0          0          0          0        116   fpinit.o

    ----------------------------------------------------------------------
      7460        700          0         40        424      96776   Library Totals
        34          0          0          3          0          0   (incl. Padding)

    ----------------------------------------------------------------------

      Code (inc. data)   RO Data    RW Data    ZI Data      Debug   Library Name

      6046        608          0         37        100      94440   RTX_CM4.lib
      1370         92          0          0        324       2220   c_w.l
        10          0          0          0          0        116   fz_wm.l

    ----------------------------------------------------------------------
      7460        700          0         40        424      96776   Library Totals

    ----------------------------------------------------------------------

==============================================================================


      Code (inc. data)   RO Data    RW Data    ZI Data      Debug   

     28980       1722        960        252     313540     787779   Grand Totals
     28980       1722        960        252     313540     787779   ELF Image Totals
     28980       1722        960        252          0          0   ROM Totals

==============================================================================

    Total RO  Size (Code + RO Data)                29940 (  29.24kB)
    Total RW  Size (RW Data + ZI Data)            313792 ( 306.44kB)
    Total ROM Size (Code + RO Data + RW Data)      30192 (  29.48kB)

==============================================================================

