Component: ARM Compiler 5.06 update 1 (build 61) Tool: armlink [4d35a8]

==============================================================================

Section Cross References

    main.o(i.CPU_CACHE_Enable) refers to main.o(i.SCB_EnableDCache) for SCB_EnableDCache
    main.o(i.HAL_GetTick) refers to rt_time.o(.data) for os_time
    main.o(i.SystemClock_Config) refers to stm32f7xx_hal_rcc.o(i.HAL_RCC_OscConfig) for HAL_RCC_OscConfig
    main.o(i.SystemClock_Config) refers to stm32f7xx_hal_pwr_ex.o(i.HAL_PWREx_EnableOverDrive) for HAL_PWREx_EnableOverDrive
    main.o(i.SystemClock_Config) refers to stm32f7xx_hal_rcc.o(i.HAL_RCC_ClockConfig) for HAL_RCC_ClockConfig
    main.o(i.main) refers to gfx_mk.o(i.gdispOpenFont) for gdispOpenFont
    main.o(i.main) refers to rt_memcpy_w.o(.text) for __aeabi_memcpy4
    main.o(i.main) refers to main.o(i.CPU_CACHE_Enable) for CPU_CACHE_Enable
    main.o(i.main) refers to stm32f7xx_hal.o(i.HAL_Init) for HAL_Init
    main.o(i.main) refers to stm32746g_discovery_sdram.o(i.BSP_SDRAM_Init) for BSP_SDRAM_Init
    main.o(i.main) refers to main.o(i.SystemClock_Config) for SystemClock_Config
    main.o(i.main) refers to buttons_746g_discovery.o(i.Buttons_Initialize) for Buttons_Initialize
    main.o(i.main) refers to touch_746g_discovery.o(i.Touch_Initialize) for Touch_Initialize
    main.o(i.main) refers to glcd_746g_discovery.o(i.GLCD_Initialize) for GLCD_Initialize
    main.o(i.main) refers to gfx_mk.o(i.gfxInit) for gfxInit
    main.o(i.main) refers to gfx_mk.o(i.gdispGClear) for gdispGClear
    main.o(i.main) refers to output.o(i.menuScreen) for menuScreen
    main.o(i.main) refers to touch_746g_discovery.o(i.Touch_GetState) for Touch_GetState
    main.o(i.main) refers to main.o(i.HAL_GetTick) for HAL_GetTick
    main.o(i.main) refers to setup.o(i.initialiseNewGame) for initialiseNewGame
    main.o(i.main) refers to main.o(i.randomize) for randomize
    main.o(i.main) refers to rt_cmsis.o(i.osThreadCreate) for osThreadCreate
    main.o(i.main) refers to rt_cmsis.o(i.osDelay) for osDelay
    main.o(i.main) refers to main.o(.constdata) for .constdata
    main.o(i.main) refers to main.o(.data) for tetrisShapeColors
    main.o(i.main) refers to gfx_mk.o(.data) for GDISP
    main.o(i.randomize) refers to main.o(i.HAL_GetTick) for HAL_GetTick
    main.o(i.randomize) refers to rand.o(.text) for srand
    main.o(i.randomize) refers to rand.o(.emb_text) for rand
    main.o(i.randomize) refers to main.o(i.swap) for swap
    main.o(i.taskGLCD) refers to rt_cmsis.o(i.osMutexWait) for osMutexWait
    main.o(i.taskGLCD) refers to output.o(i.eraseBlock) for eraseBlock
    main.o(i.taskGLCD) refers to output.o(i.printTetrisBucket) for printTetrisBucket
    main.o(i.taskGLCD) refers to output.o(i.printScoreWindow) for printScoreWindow
    main.o(i.taskGLCD) refers to output.o(i.printNextBrickWindow) for printNextBrickWindow
    main.o(i.taskGLCD) refers to gameloop.o(i.checkForFullRows) for checkForFullRows
    main.o(i.taskGLCD) refers to gfx_mk.o(i.gdispGClear) for gdispGClear
    main.o(i.taskGLCD) refers to rt_cmsis.o(i.osMutexRelease) for osMutexRelease
    main.o(i.taskGLCD) refers to rt_cmsis.o(i.osDelay) for osDelay
    main.o(i.taskGLCD) refers to main.o(.data) for mut_GLCD
    main.o(i.taskGLCD) refers to gfx_mk.o(.data) for GDISP
    main.o(i.taskGameLogic) refers to block.o(i.attemptMove) for attemptMove
    main.o(i.taskGameLogic) refers to rt_cmsis.o(i.osDelay) for osDelay
    main.o(i.taskInput) refers to touch_746g_discovery.o(i.Touch_GetState) for Touch_GetState
    main.o(i.taskInput) refers to main.o(i.HAL_GetTick) for HAL_GetTick
    main.o(i.taskInput) refers to buttons_746g_discovery.o(i.Buttons_GetState) for Buttons_GetState
    main.o(i.taskInput) refers to block.o(i.rotateBlock) for rotateBlock
    main.o(i.taskInput) refers to block.o(i.attemptMove) for attemptMove
    main.o(i.taskInput) refers to rt_cmsis.o(i.osDelay) for osDelay
    main.o(i.taskInput) refers to main.o(.data) for tsc_state
    main.o(i.taskInput) refers to main.o(.bss) for bucket
    main.o(.constdata) refers to main.o(.bss) for os_mutex_cb_mut_GLCD
    main.o(.constdata) refers to main.o(i.taskGLCD) for taskGLCD
    main.o(.constdata) refers to main.o(i.taskGameLogic) for taskGameLogic
    main.o(.constdata) refers to main.o(i.taskInput) for taskInput
    block.o(i.attemptMove) refers to rt_memcpy_w.o(.text) for __aeabi_memcpy4
    block.o(i.attemptMove) refers to block.o(i.checkForCollision) for checkForCollision
    block.o(i.attemptMove) refers to h1_free_mt.o(.text) for free
    block.o(i.attemptMove) refers to output.o(i.printGameOver) for printGameOver
    block.o(i.attemptMove) refers to output.o(i.clearNextPieceArea) for clearNextPieceArea
    block.o(i.attemptMove) refers to setup.o(i.makeBlock) for makeBlock
    block.o(i.attemptMove) refers to main.o(.data) for currentPiece
    block.o(i.attemptMove) refers to main.o(.bss) for bucket
[...]
    TIM2_IRQHandler                          0x080004c7   Thumb Code     0  startup_stm32f746xx.o(.text)
    TIM3_IRQHandler                          0x080004c7   Thumb Code     0  startup_stm32f746xx.o(.text)
    TIM4_IRQHandler                          0x080004c7   Thumb Code     0  startup_stm32f746xx.o(.text)
    TIM5_IRQHandler                          0x080004c7   Thumb Code     0  startup_stm32f746xx.o(.text)
    TIM6_DAC_IRQHandler                      0x080004c7   Thumb Code     0  startup_stm32f746xx.o(.text)
    TIM7_IRQHandler                          0x080004c7   Thumb Code     0  startup_stm32f746xx.o(.text)
    TIM8_BRK_TIM12_IRQHandler                0x080004c7   Thumb Code     0  startup_stm32f746xx.o(.text)
    TIM8_CC_IRQHandler                       0x080004c7   Thumb Code     0  startup_stm32f746xx.o(.text)
    TIM8_TRG_COM_TIM14_IRQHandler            0x080004c7   Thumb Code     0  startup_stm32f746xx.o(.text)
    TIM8_UP_TIM13_IRQHandler                 0x080004c7   Thumb Code     0  startup_stm32f746xx.o(.text)
    UART4_IRQHandler                         0x080004c7   Thumb Code     0  startup_stm32f746xx.o(.text)
    UART5_IRQHandler                         0x080004c7   Thumb Code     0  startup_stm32f746xx.o(.text)
    UART7_IRQHandler                         0x080004c7   Thumb Code     0  startup_stm32f746xx.o(.text)
    UART8_IRQHandler                         0x080004c7   Thumb Code     0  startup_stm32f746xx.o(.text)
    USART1_IRQHandler                        0x080004c7   Thumb Code     0  startup_stm32f746xx.o(.text)
    USART2_IRQHandler                        0x080004c7   Thumb Code     0  startup_stm32f746xx.o(.text)
    USART3_IRQHandler                        0x080004c7   Thumb Code     0  startup_stm32f746xx.o(.text)
    USART6_IRQHandler                        0x080004c7   Thumb Code     0  startup_stm32f746xx.o(.text)
    WWDG_IRQHandler                          0x080004c7   Thumb Code     0  startup_stm32f746xx.o(.text)
    __user_initial_stackheap                 0x080004c9   Thumb Code     0  startup_stm32f746xx.o(.text)
    __user_libspace                          0x080004ed   Thumb Code     8  libspace.o(.text)
    __user_perproc_libspace                  0x080004ed   Thumb Code     0  libspace.o(.text)
    calloc                                   0x080004f5   Thumb Code    40  calloc.o(.text)
    _malloc_internal                         0x08000525   Thumb Code   130  h1_alloc_mt.o(.text)
    malloc                                   0x080005a7   Thumb Code    20  h1_alloc_mt.o(.text)
    _free_internal                           0x080005bb   Thumb Code    98  h1_free_mt.o(.text)
    free                                     0x0800061d   Thumb Code    20  h1_free_mt.o(.text)
    __2sprintf                               0x08000631   Thumb Code    34  noretval__2sprintf.o(.text)
    __printf                                 0x08000659   Thumb Code   104  __printf.o(.text)
    _printf_int_dec                          0x080006c1   Thumb Code   104  _printf_dec.o(.text)
    srand                                    0x08000739   Thumb Code    42  rand.o(.text)
    _rand_init                               0x08000763   Thumb Code     4  rand.o(.text)
    exit                                     0x08000775   Thumb Code    18  exit.o(.text)
    __aeabi_memcpy4                          0x08000787   Thumb Code     0  rt_memcpy_w.o(.text)
    __aeabi_memcpy8                          0x08000787   Thumb Code     0  rt_memcpy_w.o(.text)
    __rt_memcpy_w                            0x08000787   Thumb Code   100  rt_memcpy_w.o(.text)
    _memcpy_lastbytes_aligned                0x080007cf   Thumb Code     0  rt_memcpy_w.o(.text)
    __aeabi_memclr4                          0x080007eb   Thumb Code     0  rt_memclr_w.o(.text)
    __aeabi_memclr8                          0x080007eb   Thumb Code     0  rt_memclr_w.o(.text)
    __rt_memclr_w                            0x080007eb   Thumb Code    78  rt_memclr_w.o(.text)
    _memset_w                                0x080007ef   Thumb Code     0  rt_memclr_w.o(.text)
    __use_two_region_memory                  0x08000839   Thumb Code     2  heapauxi.o(.text)
    __rt_heap_escrow                         0x0800083b   Thumb Code     2  heapauxi.o(.text)
    __rt_heap_expand                         0x0800083d   Thumb Code     2  heapauxi.o(.text)
    __rt_heap_descriptor                     0x0800083f   Thumb Code    10  rt_heap_descriptor_twolibspace.o(.text)
    __use_no_heap                            0x08000849   Thumb Code     2  hguard.o(.text)
    __heap$guard                             0x0800084b   Thumb Code     2  hguard.o(.text)
    _terminate_user_alloc                    0x0800084d   Thumb Code     2  init_alloc.o(.text)
    _init_user_alloc                         0x0800084f   Thumb Code     2  init_alloc.o(.text)
    __Heap_Full                              0x08000851   Thumb Code    34  init_alloc.o(.text)
    __Heap_Broken                            0x08000873   Thumb Code     6  init_alloc.o(.text)
    _init_alloc                              0x08000879   Thumb Code    94  init_alloc.o(.text)
    __Heap_Initialize                        0x080008d7   Thumb Code    14  h1_init_mt.o(.text)
    __Heap_DescSize                          0x080008e5   Thumb Code     4  h1_init_mt.o(.text)
    _printf_int_common                       0x080008e9   Thumb Code   178  _printf_intcommon.o(.text)
    _printf_char_common                      0x080009a7   Thumb Code    32  _printf_char_common.o(.text)
    _sputc                                   0x080009cd   Thumb Code    10  _sputc.o(.text)
    __aeabi_memclr                           0x080009d7   Thumb Code     0  rt_memclr.o(.text)
    __rt_memclr                              0x080009d7   Thumb Code    68  rt_memclr.o(.text)
    _memset                                  0x080009db   Thumb Code     0  rt_memclr.o(.text)
    __Heap_ProvideMemory                     0x08000a1b   Thumb Code    62  h1_extend_mt.o(.text)
    __rt_SIGRTMEM                            0x08000a59   Thumb Code    14  defsig_rtmem_outer.o(.text)
    _sys_exit                                0x08000a69   Thumb Code     8  sys_exit.o(.text)
    __I$use$semihosting                      0x08000a75   Thumb Code     0  use_no_semi.o(.text)
    __use_no_semihosting_swi                 0x08000a75   Thumb Code     2  use_no_semi.o(.text)
    __semihosting_library_function           0x08000a77   Thumb Code     0  indicate_semi.o(.text)
    __user_setup_stackheap                   0x08000a77   Thumb Code    74  sys_stackheap_outer.o(.text)
    __sig_exit                               0x08000ac1   Thumb Code    10  defsig_exit.o(.text)
    __rt_SIGRTMEM_inner                      0x08000acd   Thumb Code    22  defsig_rtmem_inner.o(.text)
    __default_signal_display                 0x08000b1d   Thumb Code    50  defsig_general.o(.text)
    _ttywrch                                 0x08000b4f   Thumb Code    14  sys_wrch.o(.text)
    SVC_Count                                0x08000b5c   Data           4  svc_table.o(SVC_TABLE)
    BSP_SDRAM_Init                           0x08000b61   Thumb Code   122  stm32746g_discovery_sdram.o(i.BSP_SDRAM_Init)
    SVC_Table                                0x08000b60   Data           0  svc_table.o(SVC_TABLE)
    BSP_SDRAM_Initialization_sequence        0x08000bed   Thumb Code   142  stm32746g_discovery_sdram.o(i.BSP_SDRAM_Initialization_sequence)
    BSP_SDRAM_MspInit                        0x08000c85   Thumb Code   450  stm32746g_discovery_sdram.o(i.BSP_SDRAM_MspInit)
    BSP_TS_GetState                          0x08000e6d   Thumb Code   526  stm32746g_discovery_ts.o(i.BSP_TS_GetState)
    BSP_TS_Get_GestureId                     0x08001099   Thumb Code   106  stm32746g_discovery_ts.o(i.BSP_TS_Get_GestureId)
    BSP_TS_Init                              0x08001109   Thumb Code    74  stm32746g_discovery_ts.o(i.BSP_TS_Init)
    Buttons_GetState                         0x0800116d   Thumb Code    26  buttons_746g_discovery.o(i.Buttons_GetState)
    Buttons_Initialize                       0x0800118d   Thumb Code    60  buttons_746g_discovery.o(i.Buttons_Initialize)
    FMC_SDRAM_Init                           0x0800126d   Thumb Code   116  stm32f7xx_ll_fmc.o(i.FMC_SDRAM_Init)
    FMC_SDRAM_ProgramRefreshRate             0x080012e1   Thumb Code    14  stm32f7xx_ll_fmc.o(i.FMC_SDRAM_ProgramRefreshRate)
    FMC_SDRAM_SendCommand                    0x080012ef   Thumb Code    82  stm32f7xx_ll_fmc.o(i.FMC_SDRAM_SendCommand)
    FMC_SDRAM_Timing_Init                    0x08001341   Thumb Code   152  stm32f7xx_ll_fmc.o(i.FMC_SDRAM_Timing_Init)
    GLCD_Initialize                          0x080013d9   Thumb Code   526  glcd_746g_discovery.o(i.GLCD_Initialize)
    HAL_DMA_DeInit                           0x08001609   Thumb Code   100  stm32f7xx_hal_dma.o(i.HAL_DMA_DeInit)
    HAL_DMA_Init                             0x0800166d   Thumb Code   128  stm32f7xx_hal_dma.o(i.HAL_DMA_Init)
    HAL_Delay                                0x080016f1   Thumb Code    26  stm32f7xx_hal.o(i.HAL_Delay)
    HAL_GPIO_Init                            0x0800170d   Thumb Code   488  stm32f7xx_hal_gpio.o(i.HAL_GPIO_Init)
    HAL_GPIO_ReadPin                         0x08001929   Thumb Code    16  stm32f7xx_hal_gpio.o(i.HAL_GPIO_ReadPin)
    HAL_GPIO_WritePin                        0x08001939   Thumb Code    12  stm32f7xx_hal_gpio.o(i.HAL_GPIO_WritePin)
    HAL_GetTick                              0x08001945   Thumb Code     6  main.o(i.HAL_GetTick)
    HAL_I2C_DeInit                           0x08001951   Thumb Code    54  stm32f7xx_hal_i2c.o(i.HAL_I2C_DeInit)
    HAL_I2C_GetState                         0x08001987   Thumb Code     8  stm32f7xx_hal_i2c.o(i.HAL_I2C_GetState)
    HAL_I2C_Init                             0x08001991   Thumb Code   176  stm32f7xx_hal_i2c.o(i.HAL_I2C_Init)
    HAL_I2C_Mem_Read                         0x08001a45   Thumb Code   368  stm32f7xx_hal_i2c.o(i.HAL_I2C_Mem_Read)
    HAL_I2C_Mem_Write                        0x08001bb9   Thumb Code   370  stm32f7xx_hal_i2c.o(i.HAL_I2C_Mem_Write)
    HAL_I2C_MspDeInit                        0x08001d31   Thumb Code     2  stm32f7xx_hal_i2c.o(i.HAL_I2C_MspDeInit)
    HAL_I2C_MspInit                          0x08001d33   Thumb Code     2  stm32f7xx_hal_i2c.o(i.HAL_I2C_MspInit)
    HAL_Init                                 0x08001d35   Thumb Code    34  stm32f7xx_hal.o(i.HAL_Init)
    HAL_InitTick                             0x08001d5d   Thumb Code    36  stm32f7xx_hal.o(i.HAL_InitTick)
    HAL_LTDC_ConfigLayer                     0x08001d81   Thumb Code    94  stm32f7xx_hal_ltdc.o(i.HAL_LTDC_ConfigLayer)
    HAL_LTDC_Init                            0x08001de1   Thumb Code   290  stm32f7xx_hal_ltdc.o(i.HAL_LTDC_Init)
    HAL_LTDC_MspInit                         0x08001f09   Thumb Code     2  stm32f7xx_hal_ltdc.o(i.HAL_LTDC_MspInit)
    HAL_MspInit                              0x08001f0b   Thumb Code     2  stm32f7xx_hal.o(i.HAL_MspInit)
    HAL_NVIC_EnableIRQ                       0x08001f0d   Thumb Code    26  stm32f7xx_hal_cortex.o(i.HAL_NVIC_EnableIRQ)
    HAL_NVIC_SetPriority                     0x08001f27   Thumb Code   124  stm32f7xx_hal_cortex.o(i.HAL_NVIC_SetPriority)
    HAL_NVIC_SetPriorityGrouping             0x08001fa5   Thumb Code    32  stm32f7xx_hal_cortex.o(i.HAL_NVIC_SetPriorityGrouping)
    HAL_PWREx_EnableOverDrive                0x08001fcd   Thumb Code   140  stm32f7xx_hal_pwr_ex.o(i.HAL_PWREx_EnableOverDrive)
    HAL_RCCEx_PeriphCLKConfig                0x08002061   Thumb Code  2322  stm32f7xx_hal_rcc_ex.o(i.HAL_RCCEx_PeriphCLKConfig)
    HAL_RCC_ClockConfig                      0x08002979   Thumb Code   608  stm32f7xx_hal_rcc.o(i.HAL_RCC_ClockConfig)
    HAL_RCC_GetHCLKFreq                      0x08002be1   Thumb Code    42  stm32f7xx_hal_rcc.o(i.HAL_RCC_GetHCLKFreq)
    HAL_RCC_GetSysClockFreq                  0x08002c19   Thumb Code   168  stm32f7xx_hal_rcc.o(i.HAL_RCC_GetSysClockFreq)
    HAL_RCC_OscConfig                        0x08002ccd   Thumb Code  1360  stm32f7xx_hal_rcc.o(i.HAL_RCC_OscConfig)
    HAL_SDRAM_Init                           0x08003221   Thumb Code    64  stm32f7xx_hal_sdram.o(i.HAL_SDRAM_Init)
    HAL_SDRAM_MspInit                        0x08003261   Thumb Code     2  stm32f7xx_hal_sdram.o(i.HAL_SDRAM_MspInit)
    HAL_SDRAM_ProgramRefreshRate             0x08003263   Thumb Code    40  stm32f7xx_hal_sdram.o(i.HAL_SDRAM_ProgramRefreshRate)
    HAL_SDRAM_SendCommand                    0x0800328b   Thumb Code    58  stm32f7xx_hal_sdram.o(i.HAL_SDRAM_SendCommand)
    HAL_SYSTICK_Config                       0x080032c5   Thumb Code    52  stm32f7xx_hal_cortex.o(i.HAL_SYSTICK_Config)
    SystemInit                               0x08003ba1   Thumb Code    82  system_stm32f7xx.o(i.SystemInit)
    TS_IO_Delay                              0x08003c05   Thumb Code    12  stm32746g_discovery.o(i.TS_IO_Delay)
    TS_IO_Init                               0x08003c11   Thumb Code    10  stm32746g_discovery.o(i.TS_IO_Init)
    TS_IO_Read                               0x08003c21   Thumb Code    36  stm32746g_discovery.o(i.TS_IO_Read)
    TS_IO_Write                              0x08003c49   Thumb Code    32  stm32746g_discovery.o(i.TS_IO_Write)
    Touch_GetState                           0x08003c6d   Thumb Code    60  touch_746g_discovery.o(i.Touch_GetState)
    Touch_Initialize                         0x08003ca9   Thumb Code    28  touch_746g_discovery.o(i.Touch_Initialize)
    _gdispDeInitDriver                       0x08003ff5   Thumb Code    26  gfx_mk.o(i._gdispDeInitDriver)
    _gdispInit                               0x08004015   Thumb Code    22  gfx_mk.o(i._gdispInit)
    _gdispInitDriver                         0x08004031   Thumb Code    36  gfx_mk.o(i._gdispInitDriver)
    _gdispPostInitDriver                     0x08004055   Thumb Code    44  gfx_mk.o(i._gdispPostInitDriver)
    _gdriverInit                             0x08004085   Thumb Code     2  gfx_mk.o(i._gdriverInit)
    _gosHeapInit                             0x08004089   Thumb Code    20  gfx_mk.o(i._gosHeapInit)
    _gosInit                                 0x080040a5   Thumb Code    22  gfx_mk.o(i._gosInit)
    _gqueueInit                              0x080040bb   Thumb Code     2  gfx_mk.o(i._gqueueInit)
    _gtimerInit                              0x080040bd   Thumb Code    48  gfx_mk.o(i._gtimerInit)
    _gwinFlushRedraws                        0x08004101   Thumb Code   318  gfx_mk.o(i._gwinFlushRedraws)
    _gwinInit                                0x0800424d   Thumb Code     8  gfx_mk.o(i._gwinInit)
    _gwinUpdate                              0x08004255   Thumb Code    44  gfx_mk.o(i._gwinUpdate)
    _gwmInit                                 0x08004285   Thumb Code    40  gfx_mk.o(i._gwmInit)
    _init_box                                0x080042c1   Thumb Code    70  rt_membox.o(i._init_box)
    _mutex_acquire                           0x0800455d   Thumb Code    22  rtx_conf_cm.o(i._mutex_acquire)
    _mutex_initialize                        0x0800457d   Thumb Code    34  rtx_conf_cm.o(i._mutex_initialize)
    _mutex_release                           0x080045a9   Thumb Code    18  rtx_conf_cm.o(i._mutex_release)
    addscore                                 0x080045c5   Thumb Code    12  gameloop.o(i.addscore)
    attemptMove                              0x080045d5   Thumb Code   236  block.o(i.attemptMove)
    checkForCollision                        0x080046cd   Thumb Code   100  block.o(i.checkForCollision)
    checkForFullRows                         0x08004735   Thumb Code   114  gameloop.o(i.checkForFullRows)
    clearNextPieceArea                       0x080047ad   Thumb Code    90  output.o(i.clearNextPieceArea)
    dbg_init                                 0x08004e65   Thumb Code    34  hal_cm.o(i.dbg_init)
    dbg_task_notify                          0x08004e95   Thumb Code    32  hal_cm.o(i.dbg_task_notify)
    dbg_task_switch                          0x08004eb5   Thumb Code    16  hal_cm.o(i.dbg_task_switch)
    eraseBlock                               0x08004f95   Thumb Code   116  output.o(i.eraseBlock)
    ft5336_Init                              0x080050f9   Thumb Code    16  ft5336.o(i.ft5336_Init)
    ft5336_ReadID                            0x08005109   Thumb Code    58  ft5336.o(i.ft5336_ReadID)
    ft5336_Reset                             0x08005143   Thumb Code     2  ft5336.o(i.ft5336_Reset)
    ft5336_TS_ClearIT                        0x08005145   Thumb Code     2  ft5336.o(i.ft5336_TS_ClearIT)
    ft5336_TS_DetectTouch                    0x0800514d   Thumb Code    58  ft5336.o(i.ft5336_TS_DetectTouch)
    ft5336_TS_DisableIT                      0x0800518d   Thumb Code    20  ft5336.o(i.ft5336_TS_DisableIT)
    ft5336_TS_EnableIT                       0x080051a1   Thumb Code    20  ft5336.o(i.ft5336_TS_EnableIT)
    ft5336_TS_GetGestureID                   0x080051b5   Thumb Code    28  ft5336.o(i.ft5336_TS_GetGestureID)
    ft5336_TS_GetTouchInfo                   0x080051d1   Thumb Code   258  ft5336.o(i.ft5336_TS_GetTouchInfo)
    ft5336_TS_GetXY                          0x080052d9   Thumb Code   346  ft5336.o(i.ft5336_TS_GetXY)
    ft5336_TS_ITStatus                       0x0800543d   Thumb Code     6  ft5336.o(i.ft5336_TS_ITStatus)
    ft5336_TS_Start                          0x08005443   Thumb Code    22  ft5336.o(i.ft5336_TS_Start)
    gdispCloseFont                           0x08005459   Thumb Code    28  gfx_mk.o(i.gdispCloseFont)
    gdispGClear                              0x08005475   Thumb Code    30  gfx_mk.o(i.gdispGClear)
    gdispGDrawString                         0x08005495   Thumb Code    92  gfx_mk.o(i.gdispGDrawString)
    gdispGFillArea                           0x080054f5   Thumb Code   172  gfx_mk.o(i.gdispGFillArea)
    gdispGGetHeight                          0x080055a1   Thumb Code     8  gfx_mk.o(i.gdispGGetHeight)
    gdispGGetWidth                           0x080055a9   Thumb Code     8  gfx_mk.o(i.gdispGGetWidth)
    gdispGSetClip                            0x080055b1   Thumb Code   108  gfx_mk.o(i.gdispGSetClip)
    gdispOpenFont                            0x0800561d   Thumb Code    72  gfx_mk.o(i.gdispOpenFont)
    gdisp_lld_blit_area                      0x08005665   Thumb Code   114  gdisp_lld_stm32ltdc.o(i.gdisp_lld_blit_area)
    gdisp_lld_draw_pixel                     0x080056e1   Thumb Code    72  gdisp_lld_stm32ltdc.o(i.gdisp_lld_draw_pixel)
    gdisp_lld_fill_area                      0x08005731   Thumb Code   112  gdisp_lld_stm32ltdc.o(i.gdisp_lld_fill_area)
    gdisp_lld_get_pixel_color                0x080057ad   Thumb Code    68  gdisp_lld_stm32ltdc.o(i.gdisp_lld_get_pixel_color)
    gdisp_lld_init                           0x080057f9   Thumb Code   172  gdisp_lld_stm32ltdc.o(i.gdisp_lld_init)
    gdriverGetInstance                       0x080058b9   Thumb Code    42  gfx_mk.o(i.gdriverGetInstance)
    gdriverRegister                          0x080058e9   Thumb Code   138  gfx_mk.o(i.gdriverRegister)
    gfxAddHeapBlock                          0x08005995   Thumb Code    58  gfx_mk.o(i.gfxAddHeapBlock)
    gfxAlloc                                 0x080059dd   Thumb Code   112  gfx_mk.o(i.gfxAlloc)
    gfxFree                                  0x08005a55   Thumb Code   100  gfx_mk.o(i.gfxFree)
    gfxInit                                  0x08005ac1   Thumb Code    44  gfx_mk.o(i.gfxInit)
    gfxMutexInit                             0x08005af1   Thumb Code    16  gfx_mk.o(i.gfxMutexInit)
    gfxQueueASyncInit                        0x08005b01   Thumb Code     8  gfx_mk.o(i.gfxQueueASyncInit)
    gfxQueueASyncPut                         0x08005b09   Thumb Code    24  gfx_mk.o(i.gfxQueueASyncPut)
    gfxQueueASyncPutI                        0x08005b21   Thumb Code    28  gfx_mk.o(i.gfxQueueASyncPutI)
    gfxQueueASyncRemove                      0x08005b3d   Thumb Code    24  gfx_mk.o(i.gfxQueueASyncRemove)
    gfxQueueASyncRemoveI                     0x08005b55   Thumb Code    66  gfx_mk.o(i.gfxQueueASyncRemoveI)
    gfxSemInit                               0x08005b97   Thumb Code    32  gfx_mk.o(i.gfxSemInit)
    gfxSemSignal                             0x08005bb7   Thumb Code    12  gfx_mk.o(i.gfxSemSignal)
    gfxSemSignalI                            0x08005bc3   Thumb Code    22  gfx_mk.o(i.gfxSemSignalI)
    gfxSemWait                               0x08005bd9   Thumb Code    32  gfx_mk.o(i.gfxSemWait)
    gtimerInit                               0x08005bf9   Thumb Code     6  gfx_mk.o(i.gtimerInit)
    gwinGetDefaultBgColor                    0x08005c01   Thumb Code     6  gfx_mk.o(i.gwinGetDefaultBgColor)
    gwinGetNextWindow                        0x08005c0d   Thumb Code    14  gfx_mk.o(i.gwinGetNextWindow)
    gwinSetVisible                           0x08005c21   Thumb Code    88  gfx_mk.o(i.gwinSetVisible)
    initialiseNewGame                        0x08005d15   Thumb Code    62  setup.o(i.initialiseNewGame)
    isrMessageGet                            0x08005d69   Thumb Code    42  rt_cmsis.o(i.isrMessageGet)
    isrMessagePut                            0x08005d93   Thumb Code    44  rt_cmsis.o(i.isrMessagePut)
    isrSemaphoreRelease                      0x08005dbf   Thumb Code    40  rt_cmsis.o(i.isrSemaphoreRelease)
    isr_mbx_receive                          0x08005de9   Thumb Code    82  rt_mailbox.o(i.isr_mbx_receive)
    isr_mbx_send                             0x08005e3b   Thumb Code    14  rt_mailbox.o(i.isr_mbx_send)
    isr_sem_send                             0x08005e49   Thumb Code    16  rt_semaphore.o(i.isr_sem_send)
    main                                     0x08005e59   Thumb Code   322  main.o(i.main)
    makeBlock                                0x08005fd9   Thumb Code    52  setup.o(i.makeBlock)
    makeBucket                               0x08006011   Thumb Code   128  setup.o(i.makeBucket)
    menuScreen                               0x080060e1   Thumb Code   974  output.o(i.menuScreen)
    mf_bwfont_character_width                0x080064f5   Thumb Code    38  gfx_mk.o(i.mf_bwfont_character_width)
    mf_bwfont_render_character               0x0800651b   Thumb Code    58  gfx_mk.o(i.mf_bwfont_render_character)
    mf_character_width                       0x08006555   Thumb Code    32  gfx_mk.o(i.mf_character_width)
    mf_get_font_list                         0x08006575   Thumb Code     4  gfx_mk.o(i.mf_get_font_list)
    mf_get_string_width                      0x0800657d   Thumb Code   104  gfx_mk.o(i.mf_get_string_width)
    mf_getchar                               0x080065e5   Thumb Code    22  gfx_mk.o(i.mf_getchar)
    mf_render_aligned                        0x080065fb   Thumb Code   126  gfx_mk.o(i.mf_render_aligned)
    mf_render_character                      0x08006679   Thumb Code    64  gfx_mk.o(i.mf_render_character)
    mf_rewind                                0x080066b9   Thumb Code     8  gfx_mk.o(i.mf_rewind)
    mf_rlefont_character_width               0x080066c1   Thumb Code    26  gfx_mk.o(i.mf_rlefont_character_width)
    mf_rlefont_render_character              0x080066db   Thumb Code   112  gfx_mk.o(i.mf_rlefont_render_character)
    osDelay                                  0x080067c9   Thumb Code    18  rt_cmsis.o(i.osDelay)
    osKernelInitialize                       0x080067e1   Thumb Code    30  rt_cmsis.o(i.osKernelInitialize)
    osKernelRunning                          0x08006805   Thumb Code    28  rt_cmsis.o(i.osKernelRunning)
    osKernelStart                            0x08006829   Thumb Code    98  rt_cmsis.o(i.osKernelStart)
    osMessageGet                             0x08006895   Thumb Code    18  rt_cmsis.o(i.osMessageGet)
    osMutexCreate                            0x080068ad   Thumb Code    38  rt_cmsis.o(i.osMutexCreate)
    osMutexRelease                           0x080068dd   Thumb Code    18  rt_cmsis.o(i.osMutexRelease)
    osMutexWait                              0x080068f5   Thumb Code    18  rt_cmsis.o(i.osMutexWait)
    osSemaphoreCreate                        0x0800690d   Thumb Code    38  rt_cmsis.o(i.osSemaphoreCreate)
    osSemaphoreRelease                       0x0800693d   Thumb Code    18  rt_cmsis.o(i.osSemaphoreRelease)
    osSemaphoreWait                          0x08006955   Thumb Code    20  rt_cmsis.o(i.osSemaphoreWait)
    osThreadCreate                           0x0800696d   Thumb Code    38  rt_cmsis.o(i.osThreadCreate)
    osThreadExit                             0x0800699d   Thumb Code    14  rt_cmsis.o(i.osThreadExit)
    osThreadYield                            0x080069b5   Thumb Code    18  rt_cmsis.o(i.osThreadYield)
    osTimerCall                              0x080069cd   Thumb Code     8  rt_cmsis.o(i.osTimerCall)
    osTimerThread                            0x080069d9   Thumb Code    38  rt_cmsis.o(i.osTimerThread)
    os_error                                 0x08006a05   Thumb Code    34  rtx_conf_cm.o(i.os_error)
    os_idle_demon                            0x08006a27   Thumb Code     4  rtx_conf_cm.o(i.os_idle_demon)
    os_tick_init                             0x08006a2d   Thumb Code    32  rt_system.o(i.os_tick_init)
    os_tick_irqack                           0x08006a55   Thumb Code     2  rt_system.o(i.os_tick_irqack)
    printGameOver                            0x08006a59   Thumb Code    16  output.o(i.printGameOver)
    printNextBrickWindow                     0x08006a6d   Thumb Code   222  output.o(i.printNextBrickWindow)
    printScoreWindow                         0x08006b79   Thumb Code   114  output.o(i.printScoreWindow)
    printTetrisBucket                        0x08006c19   Thumb Code   628  output.o(i.printTetrisBucket)
    randomize                                0x08006ea9   Thumb Code    60  main.o(i.randomize)
    rotateBlock                              0x0800710d   Thumb Code   170  block.o(i.rotateBlock)
    rt_alloc_box                             0x080071bd   Thumb Code    26  rt_membox.o(i.rt_alloc_box)
    rt_alloc_mem                             0x080071d7   Thumb Code    62  rt_memory.o(i.rt_alloc_mem)
    rt_block                                 0x08007215   Thumb Code    48  rt_task.o(i.rt_block)
    rt_chk_robin                             0x0800724d   Thumb Code    60  rt_robin.o(i.rt_chk_robin)
    rt_dec_dly                               0x08007295   Thumb Code   102  rt_list.o(i.rt_dec_dly)
    rt_dispatch                              0x08007305   Thumb Code    60  rt_task.o(i.rt_dispatch)
    rt_dly_wait                              0x08007349   Thumb Code     6  rt_time.o(i.rt_dly_wait)
    rt_evt_psh                               0x08007351   Thumb Code    76  rt_event.o(i.rt_evt_psh)
    rt_free_box                              0x080073a1   Thumb Code    44  rt_membox.o(i.rt_free_box)
    rt_free_mem                              0x080073cd   Thumb Code    40  rt_memory.o(i.rt_free_mem)
    rt_get_first                             0x080073f5   Thumb Code    40  rt_list.o(i.rt_get_first)
    rt_get_same_rdy_prio                     0x0800741d   Thumb Code    26  rt_list.o(i.rt_get_same_rdy_prio)
    rt_init_mem                              0x08007491   Thumb Code    26  rt_memory.o(i.rt_init_mem)
    rt_init_robin                            0x080074ad   Thumb Code    14  rt_robin.o(i.rt_init_robin)
    rt_init_stack                            0x080074c5   Thumb Code   118  hal_cm.o(i.rt_init_stack)
    rt_mbx_check                             0x08007545   Thumb Code     8  rt_mailbox.o(i.rt_mbx_check)
    rt_mbx_init                              0x0800754d   Thumb Code    26  rt_mailbox.o(i.rt_mbx_init)
    rt_mbx_psh                               0x08007569   Thumb Code   236  rt_mailbox.o(i.rt_mbx_psh)
    rt_mbx_wait                              0x08007659   Thumb Code   174  rt_mailbox.o(i.rt_mbx_wait)
    rt_mut_init                              0x08007751   Thumb Code    16  rt_mutex.o(i.rt_mut_init)
    rt_mut_release                           0x08007761   Thumb Code   208  rt_mutex.o(i.rt_mut_release)
    rt_mut_wait                              0x08007839   Thumb Code   100  rt_mutex.o(i.rt_mut_wait)
    rt_pop_req                               0x080078a1   Thumb Code   112  rt_system.o(i.rt_pop_req)
    rt_psh_req                               0x0800791d   Thumb Code    22  rt_system.o(i.rt_psh_req)
    rt_psq_enq                               0x0800793d   Thumb Code    88  rt_list.o(i.rt_psq_enq)
    rt_put_dly                               0x08007999   Thumb Code    68  rt_list.o(i.rt_put_dly)
    rt_put_prio                              0x080079e1   Thumb Code    54  rt_list.o(i.rt_put_prio)
    rt_put_rdy_first                         0x08007a19   Thumb Code    14  rt_list.o(i.rt_put_rdy_first)
    rt_resort_prio                           0x08007a2d   Thumb Code    46  rt_list.o(i.rt_resort_prio)
    rt_ret_val                               0x08007a71   Thumb Code    12  hal_cm.o(i.rt_ret_val)
    rt_ret_val2                              0x08007a7d   Thumb Code    16  hal_cm.o(i.rt_ret_val2)
    rt_rmv_dly                               0x08007a8d   Thumb Code    40  rt_list.o(i.rt_rmv_dly)
    rt_rmv_list                              0x08007ab5   Thumb Code    44  rt_list.o(i.rt_rmv_list)
    rt_sem_init                              0x08007ae5   Thumb Code    12  rt_semaphore.o(i.rt_sem_init)
    rt_sem_psh                               0x08007af1   Thumb Code    48  rt_semaphore.o(i.rt_sem_psh)
    rt_sem_send                              0x08007b25   Thumb Code    42  rt_semaphore.o(i.rt_sem_send)
    rt_sem_wait                              0x08007b51   Thumb Code    58  rt_semaphore.o(i.rt_sem_wait)
    rt_stk_check                             0x08007b91   Thumb Code    28  rt_system.o(i.rt_stk_check)
    rt_switch_req                            0x08007bb5   Thumb Code    30  rt_task.o(i.rt_switch_req)
    rt_sys_init                              0x08007bdd   Thumb Code   138  rt_task.o(i.rt_sys_init)
    rt_sys_start                             0x08007ca9   Thumb Code   110  rt_task.o(i.rt_sys_start)
    rt_systick                               0x08007d21   Thumb Code    50  rt_system.o(i.rt_systick)
    rt_tsk_create                            0x08007da9   Thumb Code   118  rt_task.o(i.rt_tsk_create)
    rt_tsk_delete                            0x08007e31   Thumb Code   352  rt_task.o(i.rt_tsk_delete)
    rt_tsk_pass                              0x08007fad   Thumb Code    38  rt_task.o(i.rt_tsk_pass)
    rt_tsk_prio                              0x08007fdd   Thumb Code   108  rt_task.o(i.rt_tsk_prio)
    rt_tsk_self                              0x08008059   Thumb Code    12  rt_task.o(i.rt_tsk_self)
    setBlockGraphic                          0x08008069   Thumb Code    60  setup.o(i.setBlockGraphic)
    setRandomBlockGraphic                    0x080080a5   Thumb Code   264  setup.o(i.setRandomBlockGraphic)
    svcDelay                                 0x08008237   Thumb Code    18  rt_cmsis.o(i.svcDelay)
    svcKernelInitialize                      0x08008249   Thumb Code    80  rt_cmsis.o(i.svcKernelInitialize)
    svcKernelRunning                         0x080082b9   Thumb Code     6  rt_cmsis.o(i.svcKernelRunning)
    svcKernelStart                           0x080082c5   Thumb Code    62  rt_cmsis.o(i.svcKernelStart)
    svcMessageCreate                         0x0800830d   Thumb Code    36  rt_cmsis.o(i.svcMessageCreate)
    svcMessageGet                            0x08008331   Thumb Code    58  rt_cmsis.o(i.svcMessageGet)
    svcMutexCreate                           0x0800836b   Thumb Code    28  rt_cmsis.o(i.svcMutexCreate)
    svcMutexRelease                          0x08008387   Thumb Code    34  rt_cmsis.o(i.svcMutexRelease)
    svcMutexWait                             0x080083a9   Thumb Code    54  rt_cmsis.o(i.svcMutexWait)
    svcSemaphoreCreate                       0x080083df   Thumb Code    36  rt_cmsis.o(i.svcSemaphoreCreate)
    svcSemaphoreRelease                      0x08008403   Thumb Code    40  rt_cmsis.o(i.svcSemaphoreRelease)
    svcSemaphoreWait                         0x0800842b   Thumb Code    50  rt_cmsis.o(i.svcSemaphoreWait)
    svcThreadCreate                          0x0800845d   Thumb Code   100  rt_cmsis.o(i.svcThreadCreate)
    svcThreadGetId                           0x080084cd   Thumb Code    22  rt_cmsis.o(i.svcThreadGetId)
    svcThreadTerminate                       0x080084e9   Thumb Code    50  rt_cmsis.o(i.svcThreadTerminate)
    svcThreadYield                           0x08008521   Thumb Code    10  rt_cmsis.o(i.svcThreadYield)
    svcTimerCall                             0x0800852b   Thumb Code    24  rt_cmsis.o(i.svcTimerCall)
    swap                                     0x08008543   Thumb Code    10  main.o(i.swap)
    sysTimerTick                             0x0800854d   Thumb Code    84  rt_cmsis.o(i.sysTimerTick)
    taskGLCD                                 0x080085a9   Thumb Code    68  main.o(i.taskGLCD)
    taskGameLogic                            0x080085f9   Thumb Code    18  main.o(i.taskGameLogic)
    taskInput                                0x0800860d   Thumb Code   246  main.o(i.taskInput)
    _fp_init                                 0x08008945   Thumb Code    10  fpinit.o(x$fpl$fpinit)
    __fplib_config_fpu_vfp                   0x0800894d   Thumb Code     0  fpinit.o(x$fpl$fpinit)
    __fplib_config_pureend_doubles           0x0800894d   Thumb Code     0  fpinit.o(x$fpl$fpinit)
    os_mutex_def_mut_GLCD                    0x08008950   Data           4  main.o(.constdata)
    os_thread_def_taskGLCD                   0x08008954   Data          16  main.o(.constdata)
    os_thread_def_taskGameLogic              0x08008964   Data          16  main.o(.constdata)
    os_thread_def_taskInput                  0x08008974   Data          16  main.o(.constdata)
    BLOCK_SIZE                               0x08008984   Data           4  main.o(.constdata)
    mf_bwfont_DejaVuSans12                   0x08009064   Data          36  gfx_mk.o(.constdata)
    mf_rlefont_DejaVuSans16                  0x08009790   Data          48  gfx_mk.o(.constdata)
    GNullWindowManager                       0x08009800   Data           4  gfx_mk.o(.constdata)
    GDISPVMT_OnlyOne                         0x08009804   Data          96  gdisp_lld_stm32ltdc.o(.constdata)
    os_maxtaskrun                            0x080098d4   Data           2  rtx_conf_cm.o(.constdata)
    os_stackinfo                             0x080098d8   Data           4  rtx_conf_cm.o(.constdata)
    os_rrobin                                0x080098dc   Data           4  rtx_conf_cm.o(.constdata)
    os_tickfreq                              0x080098e0   Data           4  rtx_conf_cm.o(.constdata)
    os_tickus_i                              0x080098e4   Data           2  rtx_conf_cm.o(.constdata)
    os_tickus_f                              0x080098e6   Data           2  rtx_conf_cm.o(.constdata)
    os_trv                                   0x080098e8   Data           4  rtx_conf_cm.o(.constdata)
    os_flags                                 0x080098ec   Data           1  rtx_conf_cm.o(.constdata)
    CMSIS_RTOS_API_Version                   0x080098f0   Data           4  rtx_conf_cm.o(.constdata)
    CMSIS_RTOS_RTX_Version                   0x080098f4   Data           4  rtx_conf_cm.o(.constdata)
    os_clockrate                             0x080098f8   Data           4  rtx_conf_cm.o(.constdata)
    os_timernum                              0x080098fc   Data           4  rtx_conf_cm.o(.constdata)
    mp_tcb_size                              0x08009900   Data           2  rtx_conf_cm.o(.constdata)
    mp_stk_size                              0x08009904   Data           4  rtx_conf_cm.o(.constdata)
    os_stack_sz                              0x08009908   Data           4  rtx_conf_cm.o(.constdata)
    os_fifo_size                             0x0800990c   Data           1  rtx_conf_cm.o(.constdata)
    os_thread_def_osTimerThread              0x08009910   Data          16  rtx_conf_cm.o(.constdata)
    os_messageQ_def_osTimerMessageQ          0x08009920   Data           8  rtx_conf_cm.o(.constdata)
    mp_tmr_size                              0x08009928   Data           2  rtx_conf_cm.o(.constdata)
    APBAHBPrescTable                         0x08009932   Data          16  stm32f7xx_hal_rcc.o(.constdata)
    Region$$Table$$Base                      0x08009994   Number         0  anon$$obj.o(Region$$Table)
    Region$$Table$$Limit                     0x080099b4   Number         0  anon$$obj.o(Region$$Table)
    mut_GLCD                                 0x20010000   Data           4  main.o(.data)
    tid_taskGLCD                             0x20010004   Data           4  main.o(.data)
    tid_taskGameLogic                        0x20010008   Data           4  main.o(.data)
    tid_taskInput                            0x2001000c   Data           4  main.o(.data)
    currentPiece                             0x20010010   Data           4  main.o(.data)
    nextPiece                                0x20010014   Data           4  main.o(.data)
    tetrisShapeColors                        0x20010018   Data          36  main.o(.data)
    Score                                    0x2001003c   Data           4  main.o(.data)
    totaltime                                0x20010040   Data           4  main.o(.data)
    tsc_state                                0x20010044   Data           6  main.o(.data)
    stillPressed                             0x2001004a   Data           1  main.o(.data)
    font16                                   0x2001004c   Data           4  output.o(.data)
    lastDrawnX                               0x20010050   Data           4  output.o(.data)
    lastDrawnY                               0x20010054   Data           4  output.o(.data)
    GDISP                                    0x20010070   Data           4  gfx_mk.o(.data)
    _GWINwm                                  0x20010090   Data           4  gfx_mk.o(.data)
    _gwinFlashState                          0x20010094   Data           1  gfx_mk.o(.data)
    ft5336_ts_drv                            0x200100a4   Data          40  ft5336.o(.data)
    osThreadId_osTimerThread                 0x200100e0   Data           4  rtx_conf_cm.o(.data)
    osMessageQId_osTimerMessageQ             0x200100e4   Data           4  rtx_conf_cm.o(.data)
    os_tmr                                   0x200100e8   Data           4  rtx_conf_cm.o(.data)
    m_tmr                                    0x200100ec   Data           4  rtx_conf_cm.o(.data)
    os_thread_def_main                       0x200100f4   Data          16  rtx_conf_cm.o(.data)
    SystemCoreClock                          0x20010104   Data           4  system_stm32f7xx.o(.data)
    os_initialized                           0x20010108   Data           1  rt_cmsis.o(.data)
    os_running                               0x20010109   Data           1  rt_cmsis.o(.data)
    os_timer_head                            0x2001010c   Data           4  rt_cmsis.o(.data)
    os_tsk                                   0x20010110   Data           8  rt_task.o(.data)
    os_time                                  0x20010118   Data           4  rt_time.o(.data)
    os_tick_irqn                             0x20010120   Data           4  rt_system.o(.data)
    os_robin                                 0x20010124   Data           8  rt_robin.o(.data)
    dbg_msg                                  0x2001012c   Data           1  hal_cm.o(.data)
    os_mutex_cb_mut_GLCD                     0x20010130   Data          16  main.o(.bss)
    bucket                                   0x20010140   Data          20  main.o(.bss)
    mp_tcb                                   0x2001a400   Data         376  rtx_conf_cm.o(.bss)
    mp_stk                                   0x2001a578   Data        6160  rtx_conf_cm.o(.bss)
    os_stack_mem                             0x2001bd88   Data        1256  rtx_conf_cm.o(.bss)
    os_fifo                                  0x2001c270   Data         132  rtx_conf_cm.o(.bss)
    os_active_TCB                            0x2001c2f4   Data          28  rtx_conf_cm.o(.bss)
    os_messageQ_q_osTimerMessageQ            0x2001c310   Data          32  rtx_conf_cm.o(.bss)
    os_idle_TCB                              0x2001c650   Data          52  rt_task.o(.bss)
    os_rdy                                   0x2001c684   Data          24  rt_list.o(.bss)
    os_dly                                   0x2001c69c   Data          24  rt_list.o(.bss)
    __libspace_start                         0x2001c6b4   Data          96  libspace.o(.bss)
    __temporary_stack_top$libspace           0x2001c714   Data           0  libspace.o(.bss)
    _random_number_data                      0x2001c714   Data         228  rand.o(.bss)



==============================================================================

Memory Map of the image

  Image Entry point : 0x080001c9

  Load Region LR_IROM1 (Base: 0x08000000, Size: 0x00009ae4, Max: 0x00100000, ABSOLUTE, COMPRESSED[0x00009a00])

    Execution Region ER_IROM1 (Base: 0x08000000, Size: 0x000099b4, Max: 0x00100000, ABSOLUTE)

    Base Addr    Size         Type   Attr      Idx    E Section Name        Object

    0x08000000   0x000001c8   Data   RO         4971    RESET               startup_stm32f746xx.o
    0x080001c8   0x00000008   Code   RO         6348  * !!!main             c_w.l(__main.o)
    0x080001d0   0x00000034   Code   RO         6566    !!!scatter          c_w.l(__scatter.o)
    0x08000204   0x0000005a   Code   RO         6564    !!dczerorl2         c_w.l(__dczerorl2.o)
    0x0800025e   0x00000002   PAD
    0x08000260   0x0000001c   Code   RO         6568    !!handler_zi        c_w.l(__scatter_zi.o)
    0x0800027c   0x00000000   Code   RO         6332    .ARM.Collect$$_printf_percent$$00000000  c_w.l(_printf_percent.o)
    0x0800027c   0x00000006   Code   RO         6331    .ARM.Collect$$_printf_percent$$00000009  c_w.l(_printf_d.o)
    0x08000282   0x00000004   Code   RO         6390    .ARM.Collect$$_printf_percent$$00000017  c_w.l(_printf_percent_end.o)
    0x08000286   0x00000002   Code   RO         6516    .ARM.Collect$$libinit$$00000000  c_w.l(libinit.o)
    0x08000288   0x00000004   Code   RO         6395    .ARM.Collect$$libinit$$00000001  c_w.l(libinit2.o)
    0x0800028c   0x00000000   Code   RO         6398    .ARM.Collect$$libinit$$00000004  c_w.l(libinit2.o)
    0x0800028c   0x00000008   Code   RO         6399    .ARM.Collect$$libinit$$00000005  c_w.l(libinit2.o)
    0x08000294   0x00000000   Code   RO         6401    .ARM.Collect$$libinit$$0000000A  c_w.l(libinit2.o)
    0x08000294   0x00000000   Code   RO         6403    .ARM.Collect$$libinit$$0000000C  c_w.l(libinit2.o)
    0x08000294   0x00000004   Code   RO         6404    .ARM.Collect$$libinit$$0000000D  c_w.l(libinit2.o)
    0x08000298   0x00000000   Code   RO         6405    .ARM.Collect$$libinit$$0000000E  c_w.l(libinit2.o)
    0x08000298   0x00000000   Code   RO         6408    .ARM.Collect$$libinit$$00000011  c_w.l(libinit2.o)
    0x08000298   0x00000000   Code   RO         6410    .ARM.Collect$$libinit$$00000013  c_w.l(libinit2.o)
    0x08000298   0x00000000   Code   RO         6412    .ARM.Collect$$libinit$$00000015  c_w.l(libinit2.o)
    0x08000298   0x00000000   Code   RO         6414    .ARM.Collect$$libinit$$00000017  c_w.l(libinit2.o)
    0x08000298   0x00000000   Code   RO         6416    .ARM.Collect$$libinit$$00000019  c_w.l(libinit2.o)
    0x08000298   0x00000000   Code   RO         6418    .ARM.Collect$$libinit$$0000001B  c_w.l(libinit2.o)
    0x08000298   0x00000000   Code   RO         6420    .ARM.Collect$$libinit$$0000001D  c_w.l(libinit2.o)
    0x08000298   0x00000000   Code   RO         6422    .ARM.Collect$$libinit$$0000001F  c_w.l(libinit2.o)
    0x08000298   0x00000000   Code   RO         6424    .ARM.Collect$$libinit$$00000021  c_w.l(libinit2.o)
    0x08000298   0x00000000   Code   RO         6426    .ARM.Collect$$libinit$$00000023  c_w.l(libinit2.o)
    0x08000298   0x00000000   Code   RO         6428    .ARM.Collect$$libinit$$00000025  c_w.l(libinit2.o)
    0x08000298   0x00000000   Code   RO         6432    .ARM.Collect$$libinit$$0000002C  c_w.l(libinit2.o)
    0x08000298   0x00000000   Code   RO         6434    .ARM.Collect$$libinit$$0000002E  c_w.l(libinit2.o)
    0x08000298   0x00000000   Code   RO         6436    .ARM.Collect$$libinit$$00000030  c_w.l(libinit2.o)
    0x08000298   0x00000000   Code   RO         6438    .ARM.Collect$$libinit$$00000032  c_w.l(libinit2.o)
    0x08000298   0x00000002   Code   RO         6439    .ARM.Collect$$libinit$$00000033  c_w.l(libinit2.o)
    0x0800029a   0x00000002   Code   RO         6517    .ARM.Collect$$libshutdown$$00000000  c_w.l(libshutdown.o)
    0x0800029c   0x00000000   Code   RO         6529    .ARM.Collect$$libshutdown$$00000002  c_w.l(libshutdown2.o)
    0x0800029c   0x00000000   Code   RO         6531    .ARM.Collect$$libshutdown$$00000004  c_w.l(libshutdown2.o)
    0x0800029c   0x00000000   Code   RO         6534    .ARM.Collect$$libshutdown$$00000007  c_w.l(libshutdown2.o)
    0x0800029c   0x00000000   Code   RO         6537    .ARM.Collect$$libshutdown$$0000000A  c_w.l(libshutdown2.o)
    0x0800029c   0x00000000   Code   RO         6539    .ARM.Collect$$libshutdown$$0000000C  c_w.l(libshutdown2.o)
    0x0800029c   0x00000000   Code   RO         6542    .ARM.Collect$$libshutdown$$0000000F  c_w.l(libshutdown2.o)
    0x0800029c   0x00000002   Code   RO         6543    .ARM.Collect$$libshutdown$$00000010  c_w.l(libshutdown2.o)
    0x0800029e   0x00000000   Code   RO         6350    .ARM.Collect$$rtentry$$00000000  c_w.l(__rtentry.o)
    0x0800029e   0x00000000   Code   RO         6443    .ARM.Collect$$rtentry$$00000002  c_w.l(__rtentry2.o)
    0x0800029e   0x00000006   Code   RO         6455    .ARM.Collect$$rtentry$$00000004  c_w.l(__rtentry4.o)
    0x080002a4   0x00000000   Code   RO         6445    .ARM.Collect$$rtentry$$00000009  c_w.l(__rtentry2.o)
    0x080002a4   0x00000004   Code   RO         6446    .ARM.Collect$$rtentry$$0000000A  c_w.l(__rtentry2.o)
    0x080002a8   0x00000008   Code   RO         6447    .ARM.Collect$$rtentry$$0000000B  c_w.l(__rtentry2.o)
    0x080002b0   0x00000008   Code   RO         6449    .ARM.Collect$$rtentry$$0000000D  c_w.l(__rtentry2.o)
    0x080002b8   0x00000002   Code   RO         6351    .ARM.Collect$$rtexit$$00000000  c_w.l(rtexit.o)
    0x080002ba   0x00000000   Code   RO         6458    .ARM.Collect$$rtexit$$00000002  c_w.l(rtexit2.o)
    0x080002ba   0x00000004   Code   RO         6459    .ARM.Collect$$rtexit$$00000003  c_w.l(rtexit2.o)
    0x080002be   0x00000006   Code   RO         6460    .ARM.Collect$$rtexit$$00000004  c_w.l(rtexit2.o)
    0x080002c4   0x0000001c   Code   RO         2996    .emb_text           rtx_conf_cm.o
    0x080002e0   0x00000198   Code   RO         6219    .emb_text           RTX_CM4.lib(hal_cm4.o)
    0x08000478   0x00000034   Code   RO         6333    .emb_text           c_w.l(rand.o)
    0x080004ac   0x00000000   Code   RO         6468    .emb_text           c_w.l(maybetermalloc1.o)
    0x080004ac   0x00000040   Code   RO         4972    .text               startup_stm32f746xx.o
    0x080004ec   0x00000008   Code   RO         6234    .text               c_w.l(libspace.o)
    0x080004f4   0x00000028   Code   RO         6241    .text               c_w.l(calloc.o)
    0x0800051c   0x0000009e   Code   RO         6247    .text               c_w.l(h1_alloc_mt.o)
    0x080005ba   0x00000076   Code   RO         6249    .text               c_w.l(h1_free_mt.o)
    0x08000630   0x00000028   Code   RO         6305    .text               c_w.l(noretval__2sprintf.o)
    0x08000658   0x00000068   Code   RO         6307    .text               c_w.l(__printf.o)
    0x080006c0   0x00000078   Code   RO         6309    .text               c_w.l(_printf_dec.o)
    0x08000738   0x0000003c   Code   RO         6334    .text               c_w.l(rand.o)
    0x08000774   0x00000012   Code   RO         6338    .text               c_w.l(exit.o)
    0x08000786   0x00000064   Code   RO         6342    .text               c_w.l(rt_memcpy_w.o)
    0x080007ea   0x0000004e   Code   RO         6344    .text               c_w.l(rt_memclr_w.o)
    0x08000838   0x00000006   Code   RO         6346    .text               c_w.l(heapauxi.o)
    0x0800083e   0x0000000a   Code   RO         6362    .text               c_w.l(rt_heap_descriptor_twolibspace.o)
    0x08000848   0x00000004   Code   RO         6364    .text               c_w.l(hguard.o)
    0x0800084c   0x0000008a   Code   RO         6366    .text               c_w.l(init_alloc.o)
    0x080008d6   0x00000012   Code   RO         6372    .text               c_w.l(h1_init_mt.o)
    0x080008e8   0x000000b2   Code   RO         6384    .text               c_w.l(_printf_intcommon.o)
    0x0800099a   0x00000002   PAD
    0x0800099c   0x00000030   Code   RO         6386    .text               c_w.l(_printf_char_common.o)
    0x080009cc   0x0000000a   Code   RO         6388    .text               c_w.l(_sputc.o)
    0x080009d6   0x00000044   Code   RO         6391    .text               c_w.l(rt_memclr.o)
    0x08000a1a   0x0000003e   Code   RO         6472    .text               c_w.l(h1_extend_mt.o)
    0x08000a58   0x0000000e   Code   RO         6476    .text               c_w.l(defsig_rtmem_outer.o)
    0x08000a66   0x00000002   PAD
    0x08000a68   0x0000000c   Code   RO         6487    .text               c_w.l(sys_exit.o)
    0x08000a74   0x00000002   Code   RO         6489    .text               c_w.l(use_no_semi.o)
    0x08000a76   0x00000000   Code   RO         6491    .text               c_w.l(indicate_semi.o)
    0x08000a76   0x0000004a   Code   RO         6492    .text               c_w.l(sys_stackheap_outer.o)
    0x08000ac0   0x0000000a   Code   RO         6498    .text               c_w.l(defsig_exit.o)
    0x08000aca   0x00000002   PAD
    0x08000acc   0x00000050   Code   RO         6504    .text               c_w.l(defsig_rtmem_inner.o)
    0x08000b1c   0x00000032   Code   RO         6524    .text               c_w.l(defsig_general.o)
    0x08000b4e   0x0000000e   Code   RO         6544    .text               c_w.l(sys_wrch.o)
    0x08000b5c   0x00000004   Code   RO         6229    SVC_TABLE           RTX_CM4.lib(svc_table.o)
    0x08000b60   0x0000008c   Code   RO         2620    i.BSP_SDRAM_Init    stm32746g_discovery_sdram.o
    0x08000bec   0x00000098   Code   RO         2621    i.BSP_SDRAM_Initialization_sequence  stm32746g_discovery_sdram.o
    0x08000c84   0x000001e8   Code   RO         2623    i.BSP_SDRAM_MspInit  stm32746g_discovery_sdram.o
    0x08000e6c   0x0000022c   Code   RO         2706    i.BSP_TS_GetState   stm32746g_discovery_ts.o
    0x08001098   0x00000070   Code   RO         2707    i.BSP_TS_Get_GestureId  stm32746g_discovery_ts.o
    0x08001108   0x00000064   Code   RO         2711    i.BSP_TS_Init       stm32746g_discovery_ts.o
    0x0800116c   0x00000020   Code   RO         2958    i.Buttons_GetState  buttons_746g_discovery.o
    0x0800118c   0x00000044   Code   RO         2959    i.Buttons_Initialize  buttons_746g_discovery.o
    0x080011d0   0x00000068   Code   RO            4    i.CPU_CACHE_Enable  main.o
    0x08001238   0x00000034   Code   RO         3343    i.DMA_CalcBaseAndBitshift  stm32f7xx_hal_dma.o
    0x0800126c   0x00000074   Code   RO         4837    i.FMC_SDRAM_Init    stm32f7xx_ll_fmc.o
    0x080012e0   0x0000000e   Code   RO         4838    i.FMC_SDRAM_ProgramRefreshRate  stm32f7xx_ll_fmc.o
    0x080012ee   0x00000052   Code   RO         4839    i.FMC_SDRAM_SendCommand  stm32f7xx_ll_fmc.o
    0x08001340   0x00000098   Code   RO         4841    i.FMC_SDRAM_Timing_Init  stm32f7xx_ll_fmc.o
    0x080013d8   0x00000230   Code   RO         2796    i.GLCD_Initialize   glcd_746g_discovery.o
    0x08001608   0x00000064   Code   RO         3346    i.HAL_DMA_DeInit    stm32f7xx_hal_dma.o
    0x0800166c   0x00000084   Code   RO         3350    i.HAL_DMA_Init      stm32f7xx_hal_dma.o
    0x080016f0   0x0000001a   Code   RO         3064    i.HAL_Delay         stm32f7xx_hal.o
    0x0800170a   0x00000002   PAD
    0x0800170c   0x0000021c   Code   RO         3470    i.HAL_GPIO_Init     stm32f7xx_hal_gpio.o
    0x08001928   0x00000010   Code   RO         3472    i.HAL_GPIO_ReadPin  stm32f7xx_hal_gpio.o
    0x08001938   0x0000000c   Code   RO         3474    i.HAL_GPIO_WritePin  stm32f7xx_hal_gpio.o
    0x08001944   0x0000000c   Code   RO            5    i.HAL_GetTick       main.o
    0x08001950   0x00000036   Code   RO         3533    i.HAL_I2C_DeInit    stm32f7xx_hal_i2c.o
    0x08001986   0x00000008   Code   RO         3538    i.HAL_I2C_GetState  stm32f7xx_hal_i2c.o
    0x0800198e   0x00000002   PAD
    0x08001990   0x000000b4   Code   RO         3539    i.HAL_I2C_Init      stm32f7xx_hal_i2c.o
    0x08001a44   0x00000174   Code   RO         3551    i.HAL_I2C_Mem_Read  stm32f7xx_hal_i2c.o
    0x08001bb8   0x00000178   Code   RO         3554    i.HAL_I2C_Mem_Write  stm32f7xx_hal_i2c.o
    0x08001d30   0x00000002   Code   RO         3557    i.HAL_I2C_MspDeInit  stm32f7xx_hal_i2c.o
    0x08001d32   0x00000002   Code   RO         3558    i.HAL_I2C_MspInit   stm32f7xx_hal_i2c.o
    0x08001d34   0x00000028   Code   RO         3074    i.HAL_Init          stm32f7xx_hal.o
    0x08001d5c   0x00000024   Code   RO         3075    i.HAL_InitTick      stm32f7xx_hal.o
    0x08001d80   0x0000005e   Code   RO         3882    i.HAL_LTDC_ConfigLayer  stm32f7xx_hal_ltdc.o
    0x08001dde   0x00000002   PAD
    0x08001de0   0x00000128   Code   RO         3894    i.HAL_LTDC_Init     stm32f7xx_hal_ltdc.o
    0x08001f08   0x00000002   Code   RO         3897    i.HAL_LTDC_MspInit  stm32f7xx_hal_ltdc.o
    0x08001f0a   0x00000002   Code   RO         3077    i.HAL_MspInit       stm32f7xx_hal.o
    0x08001f0c   0x0000001a   Code   RO         3218    i.HAL_NVIC_EnableIRQ  stm32f7xx_hal_cortex.o
    0x08001f26   0x0000007c   Code   RO         3224    i.HAL_NVIC_SetPriority  stm32f7xx_hal_cortex.o
    0x08001fa2   0x00000002   PAD
    0x08001fa4   0x00000028   Code   RO         3225    i.HAL_NVIC_SetPriorityGrouping  stm32f7xx_hal_cortex.o
    0x08001fcc   0x00000094   Code   RO         4177    i.HAL_PWREx_EnableOverDrive  stm32f7xx_hal_pwr_ex.o
    0x08002060   0x00000918   Code   RO         4370    i.HAL_RCCEx_PeriphCLKConfig  stm32f7xx_hal_rcc_ex.o
    0x08002978   0x00000268   Code   RO         4264    i.HAL_RCC_ClockConfig  stm32f7xx_hal_rcc.o
    0x08002be0   0x00000038   Code   RO         4269    i.HAL_RCC_GetHCLKFreq  stm32f7xx_hal_rcc.o
    0x08002c18   0x000000b4   Code   RO         4273    i.HAL_RCC_GetSysClockFreq  stm32f7xx_hal_rcc.o
    0x08002ccc   0x00000554   Code   RO         4276    i.HAL_RCC_OscConfig  stm32f7xx_hal_rcc.o
    0x08003220   0x00000040   Code   RO         4410    i.HAL_SDRAM_Init    stm32f7xx_hal_sdram.o
    0x08003260   0x00000002   Code   RO         4412    i.HAL_SDRAM_MspInit  stm32f7xx_hal_sdram.o
    0x08003262   0x00000028   Code   RO         4413    i.HAL_SDRAM_ProgramRefreshRate  stm32f7xx_hal_sdram.o
    0x0800328a   0x0000003a   Code   RO         4419    i.HAL_SDRAM_SendCommand  stm32f7xx_hal_sdram.o
    0x080032c4   0x00000034   Code   RO         3229    i.HAL_SYSTICK_Config  stm32f7xx_hal_cortex.o
    0x080032f8   0x00000094   Code   RO         3574    i.I2C_IsAcknowledgeFailed  stm32f7xx_hal_i2c.o
    0x0800338c   0x00000082   Code   RO         3577    i.I2C_RequestMemoryRead  stm32f7xx_hal_i2c.o
    0x0800340e   0x00000082   Code   RO         3578    i.I2C_RequestMemoryWrite  stm32f7xx_hal_i2c.o
    0x08003490   0x00000030   Code   RO         3581    i.I2C_TransferConfig  stm32f7xx_hal_i2c.o
    0x080034c0   0x000000a4   Code   RO         3582    i.I2C_WaitOnFlagUntilTimeout  stm32f7xx_hal_i2c.o
    0x08003564   0x00000056   Code   RO         3584    i.I2C_WaitOnSTOPFlagUntilTimeout  stm32f7xx_hal_i2c.o
    0x080035ba   0x00000058   Code   RO         3585    i.I2C_WaitOnTXISFlagUntilTimeout  stm32f7xx_hal_i2c.o
    0x08003612   0x00000014   Code   RO         2418    i.I2Cx_Error        stm32746g_discovery.o
    0x08003626   0x00000002   PAD
    0x08003628   0x00000050   Code   RO         2419    i.I2Cx_Init         stm32746g_discovery.o
    0x08003678   0x00000174   Code   RO         2421    i.I2Cx_MspInit      stm32746g_discovery.o
    0x080037ec   0x0000003a   Code   RO         2422    i.I2Cx_ReadMultiple  stm32746g_discovery.o
    0x08003826   0x0000003a   Code   RO         2423    i.I2Cx_WriteMultiple  stm32746g_discovery.o
    0x08003860   0x00000212   Code   RO         3904    i.LTDC_SetConfig    stm32f7xx_hal_ltdc.o
    0x08003a72   0x00000002   PAD
    0x08003a74   0x00000010   Code   RO         3231    i.NVIC_GetPriorityGrouping  stm32f7xx_hal_cortex.o
    0x08003a84   0x00000028   Code   RO         3232    i.NVIC_SetPriority  stm32f7xx_hal_cortex.o
    0x08003aac   0x0000009c   Code   RO            6    i.SCB_EnableDCache  main.o
    0x08003b48   0x00000056   Code   RO            7    i.SystemClock_Config  main.o
    0x08003b9e   0x00000002   PAD
    0x08003ba0   0x00000064   Code   RO         4980    i.SystemInit        system_stm32f7xx.o
    0x08003c04   0x0000000c   Code   RO         2424    i.TS_IO_Delay       stm32746g_discovery.o
    0x08003c10   0x00000010   Code   RO         2425    i.TS_IO_Init        stm32746g_discovery.o
    0x08003c20   0x00000028   Code   RO         2426    i.TS_IO_Read        stm32746g_discovery.o
    0x08003c48   0x00000024   Code   RO         2427    i.TS_IO_Write       stm32746g_discovery.o
    0x08003c6c   0x0000003c   Code   RO         2921    i.Touch_GetState    touch_746g_discovery.o
    0x08003ca8   0x0000001c   Code   RO         2922    i.Touch_Initialize  touch_746g_discovery.o
    0x08003cc4   0x00000040   Code   RO          569    i.WM_Add            gfx_mk.o
    0x08003d04   0x00000002   Code   RO          570    i.WM_DeInit         gfx_mk.o
    0x08003d06   0x00000002   PAD
    0x08003d08   0x00000014   Code   RO          571    i.WM_Delete         gfx_mk.o
    0x08003d1c   0x00000002   Code   RO          572    i.WM_Init           gfx_mk.o
    0x08003d1e   0x00000002   Code   RO          573    i.WM_MinMax         gfx_mk.o
    0x08003d20   0x000000d6   Code   RO          574    i.WM_Move           gfx_mk.o
    0x08003df6   0x00000002   PAD
    0x08003df8   0x00000020   Code   RO          575    i.WM_Raise          gfx_mk.o
    0x08003e18   0x00000138   Code   RO          576    i.WM_Redraw         gfx_mk.o
    0x08003f50   0x000000a2   Code   RO          577    i.WM_Size           gfx_mk.o
    0x08003ff2   0x00000002   PAD
    0x08003ff4   0x00000020   Code   RO          578    i._gdispDeInitDriver  gfx_mk.o
    0x08004014   0x0000001c   Code   RO          580    i._gdispInit        gfx_mk.o
    0x08004030   0x00000024   Code   RO          581    i._gdispInitDriver  gfx_mk.o
    0x08004054   0x00000030   Code   RO          582    i._gdispPostInitDriver  gfx_mk.o
    0x08004084   0x00000002   Code   RO          584    i._gdriverInit      gfx_mk.o
    0x08004086   0x00000002   PAD
    0x08004088   0x0000001c   Code   RO          586    i._gosHeapInit      gfx_mk.o
    0x080040a4   0x00000016   Code   RO          587    i._gosInit          gfx_mk.o
    0x080040ba   0x00000002   Code   RO          589    i._gqueueInit       gfx_mk.o
    0x080040bc   0x00000044   Code   RO          591    i._gtimerInit       gfx_mk.o
    0x08004100   0x0000014c   Code   RO          596    i._gwinFlushRedraws  gfx_mk.o
    0x0800424c   0x00000008   Code   RO          597    i._gwinInit         gfx_mk.o
    0x08004254   0x00000030   Code   RO          598    i._gwinUpdate       gfx_mk.o
    0x08004284   0x0000003c   Code   RO          602    i._gwmInit          gfx_mk.o
    0x080042c0   0x00000046   Code   RO         6113    i._init_box         RTX_CM4.lib(rt_membox.o)
    0x08004306   0x00000002   PAD
    0x08004308   0x00000138   Code   RO         2180    i._ltdc_init        gdisp_lld_stm32ltdc.o
    0x08004440   0x000000f4   Code   RO         2181    i._ltdc_layer_init  gdisp_lld_stm32ltdc.o
    0x08004534   0x00000028   Code   RO         2182    i._ltdc_reload      gdisp_lld_stm32ltdc.o
    0x0800455c   0x00000020   Code   RO         2998    i._mutex_acquire    rtx_conf_cm.o
    0x0800457c   0x0000002c   Code   RO         2999    i._mutex_initialize  rtx_conf_cm.o
    0x080045a8   0x0000001c   Code   RO         3000    i._mutex_release    rtx_conf_cm.o
    0x080045c4   0x00000010   Code   RO          427    i.addscore          gameloop.o
    0x080045d4   0x000000f8   Code   RO          375    i.attemptMove       block.o
    0x080046cc   0x00000068   Code   RO          376    i.checkForCollision  block.o
    0x08004734   0x00000078   Code   RO          428    i.checkForFullRows  gameloop.o
    0x080047ac   0x0000006c   Code   RO          510    i.clearNextPieceArea  output.o
    0x08004818   0x0000064c   Code   RO         2183    i.configureLcdPins  gdisp_lld_stm32ltdc.o
    0x08004e64   0x00000030   Code   RO         6166    i.dbg_init          RTX_CM4.lib(hal_cm.o)
    0x08004e94   0x00000020   Code   RO         6167    i.dbg_task_notify   RTX_CM4.lib(hal_cm.o)
    0x08004eb4   0x00000010   Code   RO         6168    i.dbg_task_switch   RTX_CM4.lib(hal_cm.o)
    0x08004ec4   0x00000020   Code   RO         2184    i.dma2d_init        gdisp_lld_stm32ltdc.o
    0x08004ee4   0x00000028   Code   RO          603    i.drawcharglyph     gfx_mk.o
    0x08004f0c   0x0000007c   Code   RO          604    i.drawcharline      gfx_mk.o
    0x08004f88   0x0000000c   Code   RO          605    i.drawpixel         gfx_mk.o
    0x08004f94   0x00000090   Code   RO          511    i.eraseBlock        output.o
    0x08005024   0x0000000c   Code   RO          607    i.fillarea          gfx_mk.o
    0x08005030   0x0000002e   Code   RO          609    i.fillentry_bitcount  gfx_mk.o
    0x0800505e   0x00000038   Code   RO          610    i.find_char_range   gfx_mk.o
    0x08005096   0x0000003e   Code   RO          611    i.find_glyph        gfx_mk.o
    0x080050d4   0x0000000c   Code   RO         2289    i.ft5336_Get_I2C_InitializedStatus  ft5336.o
    0x080050e0   0x00000018   Code   RO         2290    i.ft5336_I2C_InitializeIfRequired  ft5336.o
    0x080050f8   0x00000010   Code   RO         2291    i.ft5336_Init       ft5336.o
    0x08005108   0x0000003a   Code   RO         2292    i.ft5336_ReadID     ft5336.o
    0x08005142   0x00000002   Code   RO         2293    i.ft5336_Reset      ft5336.o
    0x08005144   0x00000002   Code   RO         2294    i.ft5336_TS_ClearIT  ft5336.o
    0x08005146   0x00000006   Code   RO         2295    i.ft5336_TS_Configure  ft5336.o
    0x0800514c   0x00000040   Code   RO         2296    i.ft5336_TS_DetectTouch  ft5336.o
    0x0800518c   0x00000014   Code   RO         2297    i.ft5336_TS_DisableIT  ft5336.o
    0x080051a0   0x00000014   Code   RO         2298    i.ft5336_TS_EnableIT  ft5336.o
    0x080051b4   0x0000001c   Code   RO         2299    i.ft5336_TS_GetGestureID  ft5336.o
    0x080051d0   0x00000108   Code   RO         2300    i.ft5336_TS_GetTouchInfo  ft5336.o
    0x080052d8   0x00000164   Code   RO         2301    i.ft5336_TS_GetXY   ft5336.o
    0x0800543c   0x00000006   Code   RO         2302    i.ft5336_TS_ITStatus  ft5336.o
    0x08005442   0x00000016   Code   RO         2303    i.ft5336_TS_Start   ft5336.o
    0x08005458   0x0000001c   Code   RO          613    i.gdispCloseFont    gfx_mk.o
    0x08005474   0x0000001e   Code   RO          616    i.gdispGClear       gfx_mk.o
    0x08005492   0x00000002   PAD
    0x08005494   0x00000060   Code   RO          621    i.gdispGDrawString  gfx_mk.o
    0x080054f4   0x000000ac   Code   RO          623    i.gdispGFillArea    gfx_mk.o
    0x080055a0   0x00000008   Code   RO          630    i.gdispGGetHeight   gfx_mk.o
    0x080055a8   0x00000008   Code   RO          633    i.gdispGGetWidth    gfx_mk.o
    0x080055b0   0x0000006c   Code   RO          634    i.gdispGSetClip     gfx_mk.o
    0x0800561c   0x00000048   Code   RO          642    i.gdispOpenFont     gfx_mk.o
    0x08005664   0x0000007c   Code   RO         2185    i.gdisp_lld_blit_area  gdisp_lld_stm32ltdc.o
    0x080056e0   0x00000050   Code   RO         2186    i.gdisp_lld_draw_pixel  gdisp_lld_stm32ltdc.o
    0x08005730   0x0000007c   Code   RO         2187    i.gdisp_lld_fill_area  gdisp_lld_stm32ltdc.o
    0x080057ac   0x0000004c   Code   RO         2188    i.gdisp_lld_get_pixel_color  gdisp_lld_stm32ltdc.o
    0x080057f8   0x000000c0   Code   RO         2189    i.gdisp_lld_init    gdisp_lld_stm32ltdc.o
    0x080058b8   0x00000030   Code   RO          646    i.gdriverGetInstance  gfx_mk.o
    0x080058e8   0x00000094   Code   RO          649    i.gdriverRegister   gfx_mk.o
    0x0800597c   0x00000016   Code   RO          651    i.get_width         gfx_mk.o
    0x08005992   0x00000002   PAD
    0x08005994   0x00000048   Code   RO          652    i.gfxAddHeapBlock   gfx_mk.o
    0x080059dc   0x00000078   Code   RO          653    i.gfxAlloc          gfx_mk.o
    0x08005a54   0x0000006c   Code   RO          655    i.gfxFree           gfx_mk.o
    0x08005ac0   0x00000030   Code   RO          656    i.gfxInit           gfx_mk.o
    0x08005af0   0x00000010   Code   RO          657    i.gfxMutexInit      gfx_mk.o
    0x08005b00   0x00000008   Code   RO          660    i.gfxQueueASyncInit  gfx_mk.o
    0x08005b08   0x00000018   Code   RO          667    i.gfxQueueASyncPut  gfx_mk.o
    0x08005b20   0x0000001c   Code   RO          668    i.gfxQueueASyncPutI  gfx_mk.o
    0x08005b3c   0x00000018   Code   RO          669    i.gfxQueueASyncRemove  gfx_mk.o
    0x08005b54   0x00000042   Code   RO          670    i.gfxQueueASyncRemoveI  gfx_mk.o
    0x08005b96   0x00000020   Code   RO          673    i.gfxSemInit        gfx_mk.o
    0x08005bb6   0x0000000c   Code   RO          674    i.gfxSemSignal      gfx_mk.o
    0x08005bc2   0x00000016   Code   RO          675    i.gfxSemSignalI     gfx_mk.o
    0x08005bd8   0x00000020   Code   RO          676    i.gfxSemWait        gfx_mk.o
    0x08005bf8   0x00000006   Code   RO          681    i.gtimerInit        gfx_mk.o
    0x08005bfe   0x00000002   PAD
    0x08005c00   0x0000000c   Code   RO          703    i.gwinGetDefaultBgColor  gfx_mk.o
    0x08005c0c   0x00000014   Code   RO          708    i.gwinGetNextWindow  gfx_mk.o
    0x08005c20   0x0000005c   Code   RO          722    i.gwinSetVisible    gfx_mk.o
    0x08005c7c   0x00000096   Code   RO          724    i.hline_clip        gfx_mk.o
    0x08005d12   0x00000002   PAD
    0x08005d14   0x00000054   Code   RO          455    i.initialiseNewGame  setup.o
    0x08005d68   0x0000002a   Code   RO         5016    i.isrMessageGet     RTX_CM4.lib(rt_cmsis.o)
    0x08005d92   0x0000002c   Code   RO         5017    i.isrMessagePut     RTX_CM4.lib(rt_cmsis.o)
    0x08005dbe   0x00000028   Code   RO         5018    i.isrSemaphoreRelease  RTX_CM4.lib(rt_cmsis.o)
    0x08005de6   0x00000002   PAD
    0x08005de8   0x00000052   Code   RO         6001    i.isr_mbx_receive   RTX_CM4.lib(rt_mailbox.o)
    0x08005e3a   0x0000000e   Code   RO         6002    i.isr_mbx_send      RTX_CM4.lib(rt_mailbox.o)
    0x08005e48   0x00000010   Code   RO         6049    i.isr_sem_send      RTX_CM4.lib(rt_semaphore.o)
    0x08005e58   0x00000180   Code   RO            8    i.main              main.o
    0x08005fd8   0x00000038   Code   RO          456    i.makeBlock         setup.o
    0x08006010   0x00000080   Code   RO          457    i.makeBucket        setup.o
    0x08006090   0x0000004e   Code   RO          727    i.matchfont         gfx_mk.o
    0x080060de   0x00000002   PAD
    0x080060e0   0x00000414   Code   RO          512    i.menuScreen        output.o
    0x080064f4   0x00000026   Code   RO          728    i.mf_bwfont_character_width  gfx_mk.o
    0x0800651a   0x0000003a   Code   RO          729    i.mf_bwfont_render_character  gfx_mk.o
    0x08006554   0x00000020   Code   RO          730    i.mf_character_width  gfx_mk.o
    0x08006574   0x00000008   Code   RO          732    i.mf_get_font_list  gfx_mk.o
    0x0800657c   0x00000068   Code   RO          733    i.mf_get_string_width  gfx_mk.o
    0x080065e4   0x00000016   Code   RO          734    i.mf_getchar        gfx_mk.o
    0x080065fa   0x0000007e   Code   RO          735    i.mf_render_aligned  gfx_mk.o
    0x08006678   0x00000040   Code   RO          736    i.mf_render_character  gfx_mk.o
    0x080066b8   0x00000008   Code   RO          738    i.mf_rewind         gfx_mk.o
    0x080066c0   0x0000001a   Code   RO          739    i.mf_rlefont_character_width  gfx_mk.o
    0x080066da   0x00000070   Code   RO          740    i.mf_rlefont_render_character  gfx_mk.o
    0x0800674a   0x0000003e   Code   RO          741    i.mf_round_to_prev_tab  gfx_mk.o
    0x08006788   0x0000003e   Code   RO          742    i.mf_round_to_tab   gfx_mk.o
    0x080067c6   0x00000002   PAD
    0x080067c8   0x00000018   Code   RO         5020    i.osDelay           RTX_CM4.lib(rt_cmsis.o)
    0x080067e0   0x00000024   Code   RO         5021    i.osKernelInitialize  RTX_CM4.lib(rt_cmsis.o)
    0x08006804   0x00000024   Code   RO         5022    i.osKernelRunning   RTX_CM4.lib(rt_cmsis.o)
    0x08006828   0x0000006c   Code   RO         5023    i.osKernelStart     RTX_CM4.lib(rt_cmsis.o)
    0x08006894   0x00000018   Code   RO         5032    i.osMessageGet      RTX_CM4.lib(rt_cmsis.o)
    0x080068ac   0x00000030   Code   RO         5034    i.osMutexCreate     RTX_CM4.lib(rt_cmsis.o)
    0x080068dc   0x00000018   Code   RO         5036    i.osMutexRelease    RTX_CM4.lib(rt_cmsis.o)
    0x080068f4   0x00000018   Code   RO         5037    i.osMutexWait       RTX_CM4.lib(rt_cmsis.o)
    0x0800690c   0x00000030   Code   RO         5042    i.osSemaphoreCreate  RTX_CM4.lib(rt_cmsis.o)
    0x0800693c   0x00000018   Code   RO         5044    i.osSemaphoreRelease  RTX_CM4.lib(rt_cmsis.o)
    0x08006954   0x00000018   Code   RO         5045    i.osSemaphoreWait   RTX_CM4.lib(rt_cmsis.o)
    0x0800696c   0x00000030   Code   RO         5049    i.osThreadCreate    RTX_CM4.lib(rt_cmsis.o)
    0x0800699c   0x00000018   Code   RO         5050    i.osThreadExit      RTX_CM4.lib(rt_cmsis.o)
    0x080069b4   0x00000018   Code   RO         5055    i.osThreadYield     RTX_CM4.lib(rt_cmsis.o)
    0x080069cc   0x0000000c   Code   RO         5056    i.osTimerCall       RTX_CM4.lib(rt_cmsis.o)
    0x080069d8   0x0000002c   Code   RO         5061    i.osTimerThread     RTX_CM4.lib(rt_cmsis.o)
    0x08006a04   0x00000022   Code   RO         3001    i.os_error          rtx_conf_cm.o
    0x08006a26   0x00000004   Code   RO         3002    i.os_idle_demon     rtx_conf_cm.o
    0x08006a2a   0x00000002   PAD
    0x08006a2c   0x00000028   Code   RO         5793    i.os_tick_init      RTX_CM4.lib(rt_system.o)
    0x08006a54   0x00000002   Code   RO         5794    i.os_tick_irqack    RTX_CM4.lib(rt_system.o)
    0x08006a56   0x00000002   PAD
    0x08006a58   0x00000014   Code   RO          513    i.printGameOver     output.o
    0x08006a6c   0x0000010c   Code   RO          514    i.printNextBrickWindow  output.o
    0x08006b78   0x000000a0   Code   RO          515    i.printScoreWindow  output.o
    0x08006c18   0x00000290   Code   RO          516    i.printTetrisBucket  output.o
    0x08006ea8   0x0000003c   Code   RO            9    i.randomize         main.o
    0x08006ee4   0x00000138   Code   RO          747    i.render_char       gfx_mk.o
    0x0800701c   0x00000064   Code   RO          748    i.render_left       gfx_mk.o
    0x08007080   0x0000008a   Code   RO          749    i.render_right      gfx_mk.o
    0x0800710a   0x00000002   PAD
    0x0800710c   0x000000b0   Code   RO          377    i.rotateBlock       block.o
    0x080071bc   0x0000001a   Code   RO         6114    i.rt_alloc_box      RTX_CM4.lib(rt_membox.o)
    0x080071d6   0x0000003e   Code   RO         6142    i.rt_alloc_mem      RTX_CM4.lib(rt_memory.o)
    0x08007214   0x00000038   Code   RO         5641    i.rt_block          RTX_CM4.lib(rt_task.o)
    0x0800724c   0x00000048   Code   RO         6091    i.rt_chk_robin      RTX_CM4.lib(rt_robin.o)
    0x08007294   0x00000070   Code   RO         5925    i.rt_dec_dly        RTX_CM4.lib(rt_list.o)
    0x08007304   0x00000044   Code   RO         5642    i.rt_dispatch       RTX_CM4.lib(rt_task.o)
    0x08007348   0x00000006   Code   RO         5725    i.rt_dly_wait       RTX_CM4.lib(rt_time.o)
    0x0800734e   0x00000002   PAD
    0x08007350   0x00000050   Code   RO         5886    i.rt_evt_psh        RTX_CM4.lib(rt_event.o)
    0x080073a0   0x0000002c   Code   RO         6115    i.rt_free_box       RTX_CM4.lib(rt_membox.o)
    0x080073cc   0x00000028   Code   RO         6143    i.rt_free_mem       RTX_CM4.lib(rt_memory.o)
    0x080073f4   0x00000028   Code   RO         5926    i.rt_get_first      RTX_CM4.lib(rt_list.o)
    0x0800741c   0x00000024   Code   RO         5927    i.rt_get_same_rdy_prio  RTX_CM4.lib(rt_list.o)
    0x08007440   0x00000008   Code   RO         5066    i.rt_id2obj         RTX_CM4.lib(rt_cmsis.o)
    0x08007448   0x00000048   Code   RO         5643    i.rt_init_context   RTX_CM4.lib(rt_task.o)
    0x08007490   0x0000001a   Code   RO         6144    i.rt_init_mem       RTX_CM4.lib(rt_memory.o)
    0x080074aa   0x00000002   PAD
    0x080074ac   0x00000018   Code   RO         6092    i.rt_init_robin     RTX_CM4.lib(rt_robin.o)
    0x080074c4   0x00000080   Code   RO         6169    i.rt_init_stack     RTX_CM4.lib(hal_cm.o)
    0x08007544   0x00000008   Code   RO         6003    i.rt_mbx_check      RTX_CM4.lib(rt_mailbox.o)
    0x0800754c   0x0000001a   Code   RO         6004    i.rt_mbx_init       RTX_CM4.lib(rt_mailbox.o)
    0x08007566   0x00000002   PAD
    0x08007568   0x000000f0   Code   RO         6005    i.rt_mbx_psh        RTX_CM4.lib(rt_mailbox.o)
    0x08007658   0x000000b4   Code   RO         6007    i.rt_mbx_wait       RTX_CM4.lib(rt_mailbox.o)
    0x0800770c   0x00000044   Code   RO         5067    i.rt_ms2tick        RTX_CM4.lib(rt_cmsis.o)
    0x08007750   0x00000010   Code   RO         5759    i.rt_mut_init       RTX_CM4.lib(rt_mutex.o)
    0x08007760   0x000000d8   Code   RO         5760    i.rt_mut_release    RTX_CM4.lib(rt_mutex.o)
    0x08007838   0x00000068   Code   RO         5761    i.rt_mut_wait       RTX_CM4.lib(rt_mutex.o)
    0x080078a0   0x0000007c   Code   RO         5797    i.rt_pop_req        RTX_CM4.lib(rt_system.o)
    0x0800791c   0x00000020   Code   RO         5798    i.rt_psh_req        RTX_CM4.lib(rt_system.o)
    0x0800793c   0x0000005c   Code   RO         5928    i.rt_psq_enq        RTX_CM4.lib(rt_list.o)
    0x08007998   0x00000048   Code   RO         5929    i.rt_put_dly        RTX_CM4.lib(rt_list.o)
    0x080079e0   0x00000036   Code   RO         5930    i.rt_put_prio       RTX_CM4.lib(rt_list.o)
    0x08007a16   0x00000002   PAD
    0x08007a18   0x00000014   Code   RO         5931    i.rt_put_rdy_first  RTX_CM4.lib(rt_list.o)
    0x08007a2c   0x00000034   Code   RO         5932    i.rt_resort_prio    RTX_CM4.lib(rt_list.o)
    0x08007a60   0x00000010   Code   RO         6170    i.rt_ret_regs       RTX_CM4.lib(hal_cm.o)
    0x08007a70   0x0000000c   Code   RO         6171    i.rt_ret_val        RTX_CM4.lib(hal_cm.o)
    0x08007a7c   0x00000010   Code   RO         6172    i.rt_ret_val2       RTX_CM4.lib(hal_cm.o)
    0x08007a8c   0x00000028   Code   RO         5933    i.rt_rmv_dly        RTX_CM4.lib(rt_list.o)
    0x08007ab4   0x00000030   Code   RO         5934    i.rt_rmv_list       RTX_CM4.lib(rt_list.o)
    0x08007ae4   0x0000000c   Code   RO         6051    i.rt_sem_init       RTX_CM4.lib(rt_semaphore.o)
    0x08007af0   0x00000034   Code   RO         6052    i.rt_sem_psh        RTX_CM4.lib(rt_semaphore.o)
    0x08007b24   0x0000002a   Code   RO         6053    i.rt_sem_send       RTX_CM4.lib(rt_semaphore.o)
    0x08007b4e   0x00000002   PAD
    0x08007b50   0x00000040   Code   RO         6054    i.rt_sem_wait       RTX_CM4.lib(rt_semaphore.o)
    0x08007b90   0x00000024   Code   RO         5800    i.rt_stk_check      RTX_CM4.lib(rt_system.o)
    0x08007bb4   0x00000028   Code   RO         5644    i.rt_switch_req     RTX_CM4.lib(rt_task.o)
    0x08007bdc   0x000000cc   Code   RO         5645    i.rt_sys_init       RTX_CM4.lib(rt_task.o)
    0x08007ca8   0x00000078   Code   RO         5646    i.rt_sys_start      RTX_CM4.lib(rt_task.o)
    0x08007d20   0x00000040   Code   RO         5802    i.rt_systick        RTX_CM4.lib(rt_system.o)
    0x08007d60   0x00000012   Code   RO         5068    i.rt_tid2ptcb       RTX_CM4.lib(rt_cmsis.o)
    0x08007d72   0x00000002   PAD
    0x08007d74   0x00000034   Code   RO         5069    i.rt_timer_insert   RTX_CM4.lib(rt_cmsis.o)
    0x08007da8   0x00000088   Code   RO         5647    i.rt_tsk_create     RTX_CM4.lib(rt_task.o)
    0x08007e30   0x0000017c   Code   RO         5648    i.rt_tsk_delete     RTX_CM4.lib(rt_task.o)
    0x08007fac   0x00000030   Code   RO         5649    i.rt_tsk_pass       RTX_CM4.lib(rt_task.o)
    0x08007fdc   0x0000007c   Code   RO         5650    i.rt_tsk_prio       RTX_CM4.lib(rt_task.o)
    0x08008058   0x00000010   Code   RO         5651    i.rt_tsk_self       RTX_CM4.lib(rt_task.o)
    0x08008068   0x0000003c   Code   RO          458    i.setBlockGraphic   setup.o
    0x080080a4   0x00000108   Code   RO          459    i.setRandomBlockGraphic  setup.o
    0x080081ac   0x0000002e   Code   RO          751    i.skip_pixels       gfx_mk.o
    0x080081da   0x0000005c   Code   RO          753    i.strip_spaces      gfx_mk.o
    0x08008236   0x00000012   Code   RO         5071    i.svcDelay          RTX_CM4.lib(rt_cmsis.o)
    0x08008248   0x00000070   Code   RO         5072    i.svcKernelInitialize  RTX_CM4.lib(rt_cmsis.o)
    0x080082b8   0x0000000c   Code   RO         5073    i.svcKernelRunning  RTX_CM4.lib(rt_cmsis.o)
    0x080082c4   0x00000048   Code   RO         5074    i.svcKernelStart    RTX_CM4.lib(rt_cmsis.o)
    0x0800830c   0x00000024   Code   RO         5077    i.svcMessageCreate  RTX_CM4.lib(rt_cmsis.o)
    0x08008330   0x0000003a   Code   RO         5078    i.svcMessageGet     RTX_CM4.lib(rt_cmsis.o)
    0x0800836a   0x0000001c   Code   RO         5080    i.svcMutexCreate    RTX_CM4.lib(rt_cmsis.o)
    0x08008386   0x00000022   Code   RO         5082    i.svcMutexRelease   RTX_CM4.lib(rt_cmsis.o)
    0x080083a8   0x00000036   Code   RO         5083    i.svcMutexWait      RTX_CM4.lib(rt_cmsis.o)
    0x080083de   0x00000024   Code   RO         5085    i.svcSemaphoreCreate  RTX_CM4.lib(rt_cmsis.o)
    0x08008402   0x00000028   Code   RO         5087    i.svcSemaphoreRelease  RTX_CM4.lib(rt_cmsis.o)
    0x0800842a   0x00000032   Code   RO         5088    i.svcSemaphoreWait  RTX_CM4.lib(rt_cmsis.o)
    0x0800845c   0x00000070   Code   RO         5092    i.svcThreadCreate   RTX_CM4.lib(rt_cmsis.o)
    0x080084cc   0x0000001c   Code   RO         5093    i.svcThreadGetId    RTX_CM4.lib(rt_cmsis.o)
    0x080084e8   0x00000038   Code   RO         5096    i.svcThreadTerminate  RTX_CM4.lib(rt_cmsis.o)
    0x08008520   0x0000000a   Code   RO         5097    i.svcThreadYield    RTX_CM4.lib(rt_cmsis.o)
    0x0800852a   0x00000018   Code   RO         5098    i.svcTimerCall      RTX_CM4.lib(rt_cmsis.o)
    0x08008542   0x0000000a   Code   RO           10    i.swap              main.o
    0x0800854c   0x0000005c   Code   RO         5107    i.sysTimerTick      RTX_CM4.lib(rt_cmsis.o)
    0x080085a8   0x00000050   Code   RO           11    i.taskGLCD          main.o
    0x080085f8   0x00000012   Code   RO           12    i.taskGameLogic     main.o
    0x0800860a   0x00000002   PAD
    0x0800860c   0x00000108   Code   RO           13    i.taskInput         main.o
    0x08008714   0x0000005c   Code   RO          755    i.write_bin_codeword  gfx_mk.o
    0x08008770   0x00000038   Code   RO          756    i.write_glyph_codeword  gfx_mk.o
    0x080087a8   0x00000068   Code   RO          757    i.write_pixels      gfx_mk.o
    0x08008810   0x00000050   Code   RO          758    i.write_ref_codeword  gfx_mk.o
    0x08008860   0x00000040   Code   RO          759    i.write_ref_dictentry  gfx_mk.o
    0x080088a0   0x000000a4   Code   RO          760    i.write_rle_dictentry  gfx_mk.o
    0x08008944   0x0000000a   Code   RO         6485    x$fpl$fpinit        fz_wm.l(fpinit.o)
    0x0800894e   0x00000002   PAD
    0x08008950   0x00000080   Data   RO           15    .constdata          main.o
    0x080089d0   0x00000e34   Data   RO          762    .constdata          gfx_mk.o
    0x08009804   0x000000d0   Data   RO         2190    .constdata          gdisp_lld_stm32ltdc.o
    0x080098d4   0x00000056   Data   RO         3004    .constdata          rtx_conf_cm.o
    0x0800992a   0x00000008   Data   RO         3354    .constdata          stm32f7xx_hal_dma.o
    0x08009932   0x00000010   Data   RO         4277    .constdata          stm32f7xx_hal_rcc.o
    0x08009942   0x00000002   PAD
    0x08009944   0x0000004d   Data   RO          763    .conststring        gfx_mk.o
    0x08009991   0x00000003   PAD
    0x08009994   0x00000020   Data   RO         6562    Region$$Table       anon$$obj.o


    Execution Region RW_IRAM1 (Base: 0x20010000, Size: 0x0000cdf8, Max: 0x00040000, ABSOLUTE, COMPRESSED[0x0000004c])

    Base Addr    Size         Type   Attr      Idx    E Section Name        Object

    0x20010000   0x0000004b   Data   RW           16    .data               main.o
    0x2001004b   0x00000001   PAD
    0x2001004c   0x0000000c   Data   RW          518    .data               output.o
    0x20010058   0x00000049   Data   RW          764    .data               gfx_mk.o
    0x200100a1   0x00000003   PAD
    0x200100a4   0x0000002e   Data   RW         2304    .data               ft5336.o
    0x200100d2   0x00000002   Data   RW         2630    .data               stm32746g_discovery_sdram.o
    0x200100d4   0x0000000a   Data   RW         2714    .data               stm32746g_discovery_ts.o
    0x200100de   0x00000002   PAD
    0x200100e0   0x00000024   Data   RW         3005    .data               rtx_conf_cm.o
    0x20010104   0x00000004   Data   RW         4982    .data               system_stm32f7xx.o
    0x20010108   0x00000008   Data   RW         5110    .data               RTX_CM4.lib(rt_cmsis.o)
    0x20010110   0x00000008   Data   RW         5653    .data               RTX_CM4.lib(rt_task.o)
    0x20010118   0x00000004   Data   RW         5729    .data               RTX_CM4.lib(rt_time.o)
    0x2001011c   0x00000008   Data   RW         5805    .data               RTX_CM4.lib(rt_system.o)
    0x20010124   0x00000008   Data   RW         6093    .data               RTX_CM4.lib(rt_robin.o)
    0x2001012c   0x00000001   Data   RW         6173    .data               RTX_CM4.lib(hal_cm.o)
    0x2001012d   0x00000003   PAD
    0x20010130   0x00000024   Zero   RW           14    .bss                main.o
    0x20010154   0x0000a050   Zero   RW          761    .bss                gfx_mk.o
    0x2001a1a4   0x00000078   Zero   RW         2428    .bss                stm32746g_discovery.o
    0x2001a21c   0x00000110   Zero   RW         2629    .bss                stm32746g_discovery_sdram.o
    0x2001a32c   0x00000028   Zero   RW         2713    .bss                stm32746g_discovery_ts.o
    0x2001a354   0x000000a8   Zero   RW         2803    .bss                glcd_746g_discovery.o
    0x2001a3fc   0x00000004   PAD
    0x2001a400   0x00002250   Zero   RW         3003    .bss                rtx_conf_cm.o
    0x2001c650   0x00000034   Zero   RW         5652    .bss                RTX_CM4.lib(rt_task.o)
    0x2001c684   0x00000030   Zero   RW         5935    .bss                RTX_CM4.lib(rt_list.o)
    0x2001c6b4   0x00000060   Zero   RW         6235    .bss                c_w.l(libspace.o)
    0x2001c714   0x000000e4   Zero   RW         6335    .bss                c_w.l(rand.o)
    0x2001c7f8   0x00000200   Zero   RW         4970    HEAP                startup_stm32f746xx.o
    0x2001c9f8   0x00000400   Zero   RW         4969    STACK               startup_stm32f746xx.o



  Load Region LR$$.ARM.__AT_0xC0000000 (Base: 0xc0000000, Size: 0x00000000, Max: 0x0003fc00, ABSOLUTE)

    Execution Region ER$$.ARM.__AT_0xC0000000 (Base: 0xc0000000, Size: 0x0003fc00, Max: 0x0003fc00, ABSOLUTE, UNINIT)

    Base Addr    Size         Type   Attr      Idx    E Section Name        Object

    0xc0000000   0x0003fc00   Zero   RW         2802    .ARM.__AT_0xC0000000  glcd_746g_discovery.o


==============================================================================

Image component sizes


      Code (inc. data)   RO Data    RW Data    ZI Data      Debug   Object Name

       528         22          0          0          0       3569   block.o
       100         14          0          0          0       2068   buttons_746g_discovery.o
       900         52          0         46          0      17839   ft5336.o
       136         10          0          0          0       1943   gameloop.o
      2836        146        208          0          0      19539   gdisp_lld_stm32ltdc.o
      5556        184       3713         73      41040      87292   gfx_mk.o
       560         34          0          0     261288       2818   glcd_746g_discovery.o
      1174        114        128         75         36     511686   main.o
      2400        240          0         12          0       4152   output.o
       170         36         86         36       8784       9935   rtx_conf_cm.o
       592         34          0          0          0       4127   setup.o
        64         26        456          0       1536        872   startup_stm32f746xx.o
       692         48          0          0        120       8360   stm32746g_discovery.o
       780         66          0          2        272       4742   stm32746g_discovery_sdram.o
       768         62          0         10         40       5854   stm32746g_discovery_ts.o
       104          6          0          0          0       3236   stm32f7xx_hal.o
       298         22          0          0          0      36219   stm32f7xx_hal_cortex.o
       284         10          8          0          0       2860   stm32f7xx_hal_dma.o
       568         52          0          0          0       3283   stm32f7xx_hal_gpio.o
      1788         24          0          0          0      12668   stm32f7xx_hal_i2c.o
       922          6          0          0          0       3646   stm32f7xx_hal_ltdc.o
       148          8          0          0          0       1396   stm32f7xx_hal_pwr_ex.o
      2216         48         16          0          0       5005   stm32f7xx_hal_rcc.o
      2328         26          0          0          0       2364   stm32f7xx_hal_rcc_ex.o
       164          0          0          0          0       3516   stm32f7xx_hal_sdram.o
       364          0          0          0          0       3740   stm32f7xx_ll_fmc.o
       100         18          0          4          0       1321   system_stm32f7xx.o
        88          0          0          0          0       2096   touch_746g_discovery.o

    ----------------------------------------------------------------------
     26668       1308       4652        264     313120     766146   Object Totals
         0          0         32          0          0          0   (incl. Generated)
        40          0          5          6          4          0   (incl. Padding)

    ----------------------------------------------------------------------

      Code (inc. data)   RO Data    RW Data    ZI Data      Debug   Library Member Name

       268         24          0          1          0       4452   hal_cm.o
       408         34          0          0          0        816   hal_cm4.o
      1716        208          0          8          0      46227   rt_cmsis.o
        80          4          0          0          0        701   rt_event.o
       566         44          0          0         48       9176   rt_list.o
       550         10          0          0          0       4185   rt_mailbox.o
       140          0          0          0          0       2045   rt_membox.o
       128          0          0          0          0       2419   rt_memory.o
       336         12          0          0          0       2201   rt_mutex.o
        96         22          0          8          0       1230   rt_robin.o
       186         10          0          0          0       3102   rt_semaphore.o
       298         52          0          8          0       6439   rt_system.o
      1264        184          0          8         52      10563   rt_task.o
         6          0          0          4          0        684   rt_time.o
         4          4          0          0          0        200   svc_table.o
        90          0          0          0          0          0   __dczerorl2.o
         8          0          0          0          0         68   __main.o
       104          0          0          0          0         84   __printf.o
         0          0          0          0          0          0   __rtentry.o
        20          0          0          0          0          0   __rtentry2.o
         6          0          0          0          0          0   __rtentry4.o
        52          8          0          0          0          0   __scatter.o
        28          0          0          0          0          0   __scatter_zi.o
        48          6          0          0          0         96   _printf_char_common.o
         6          0          0          0          0          0   _printf_d.o
       120         16          0          0          0         92   _printf_dec.o
       178          0          0          0          0         88   _printf_intcommon.o
         0          0          0          0          0          0   _printf_percent.o
         4          0          0          0          0          0   _printf_percent_end.o
        10          0          0          0          0         68   _sputc.o
        40          0          0          0          0         80   calloc.o
        10          0          0          0          0         68   defsig_exit.o
        50          0          0          0          0         88   defsig_general.o
        80         58          0          0          0         76   defsig_rtmem_inner.o
        14          0          0          0          0         80   defsig_rtmem_outer.o
        18          0          0          0          0         80   exit.o
       158          0          0          0          0        128   h1_alloc_mt.o
        62          0          0          0          0         80   h1_extend_mt.o
       118          0          0          0          0        108   h1_free_mt.o
        18          0          0          0          0         84   h1_init_mt.o
         6          0          0          0          0        152   heapauxi.o
         4          0          0          0          0        136   hguard.o
         0          0          0          0          0          0   indicate_semi.o
       138          0          0          0          0        168   init_alloc.o
         2          0          0          0          0          0   libinit.o
        18          0          0          0          0          0   libinit2.o
         2          0          0          0          0          0   libshutdown.o
         2          0          0          0          0          0   libshutdown2.o
         8          4          0          0         96         68   libspace.o
         0          0          0          0          0          0   maybetermalloc1.o
        40          6          0          0          0         84   noretval__2sprintf.o
       112         18          0          0        228        160   rand.o
        10          0          0          0          0         76   rt_heap_descriptor_twolibspace.o
        68          0          0          0          0         68   rt_memclr.o
        78          0          0          0          0         80   rt_memclr_w.o
       100          0          0          0          0         80   rt_memcpy_w.o
         2          0          0          0          0          0   rtexit.o
        10          0          0          0          0          0   rtexit2.o
        12          4          0          0          0         68   sys_exit.o
        74          0          0          0          0         80   sys_stackheap_outer.o
        14          0          0          0          0         76   sys_wrch.o
         2          0          0          0          0         68   use_no_semi.o
        10          0          0          0          0        116   fpinit.o

    ----------------------------------------------------------------------
      8028        728          0         40        424      97288   Library Totals
        28          0          0          3          0          0   (incl. Padding)

    ----------------------------------------------------------------------

      Code (inc. data)   RO Data    RW Data    ZI Data      Debug   Library Name

      6046        608          0         37        100      94440   RTX_CM4.lib
      1944        120          0          0        324       2732   c_w.l
        10          0          0          0          0        116   fz_wm.l

    ----------------------------------------------------------------------
      8028        728          0         40        424      97288   Library Totals

    ----------------------------------------------------------------------

==============================================================================


      Code (inc. data)   RO Data    RW Data    ZI Data      Debug   

     34696       2036       4652        304     313544     831878   Grand Totals
     34696       2036       4652         76     313544     831878   ELF Image Totals (compressed)
     34696       2036       4652         76          0          0   ROM Totals

==============================================================================

    Total RO  Size (Code + RO Data)                39348 (  38.43kB)
    Total RW  Size (RW Data + ZI Data)            313848 ( 306.49kB)
    Total ROM Size (Code + RO Data + RW Data)      39424 (  38.50kB)

==============================================================================

